{
    "exp_name": "classify_simple-resnet34_v1-cpu-simics-4-100-1x16",
    "start_time": 1726214651.0762372,
    "end_time": 1726215700.265363,
    "success": true,
    "interrupted": false,
    "metadata": {},
    "sims": {
        "host.": {
            "class": "SimicsHost",
            "cmd": [
                "/local/jkaufman/simbricks/sims/external/simics/project/simics",
                "-q",
                "-batch-mode",
                "-e",
                "run-command-file /local/jkaufman/simbricks/sims/external/simics/project/targets/qsp-x86/qsp-modern-core.simics disk0_image = /local/jkaufman/simbricks/images/output-base_simics/base_simics.raw disk1_image = /local/jkaufman/simbricks/experiments/out/classify_simple-resnet34_v1-cpu-simics-4-100-1x16/1/cfg..tar cpu_comp_class = x86-cooper-lake freq_mhz = 4000 num_cores = 4 num_threads = 1 memory_megs = 4096 create_network = FALSE",
                "-e",
                "set-time-quantum seconds = 0.000000500",
                "-e",
                "bp.log.break object=board.mb.sb.lpc.bank.acpi_io_regs substr=\"Sleep state is unimplemented\" type=unimpl",
                "-e",
                "run"
            ],
            "stdout": [
                "[board.mb.cpu0.core[0][0] error] Cannot create cryptographic objects. Cryptographic Library (Simics package 4030) is required for simulation of SGX technology. Disabling it.",
                "[board.mb.cpu0.core[0][0] error] Cannot create cryptographic objects. Cryptographic Library is required for simulation of BIOS Guard technology.",
                "[board.mb.cpu0.core[0][0] info] VMP disabled. Failed to open device.",
                "",
                "WARNING: Simics failed to enable VMP. Enabling VMP substantially improves",
                "         simulation performance. The problem is most likely caused by the",
                "         vmxmon kernel module not being properly installed or updated.",
                "         See the \"Simics User's Guide\", the \"Performance\" section,",
                "         for instructions how to setup VMP.",
                "",
                "[board.mb.sb.lpc.bank.cs_conf unimpl] Write to unimplemented field cs_conf.oic.aen (0x31ff) (value written = 0x01, contents = 0x00), will not warn again.",
                "[board.mb.sb.lpc.bank.acpi_io_regs unimpl] Write to unimplemented field acpi_io_regs.smi_en.EOS (0x30) (value written = 0x00000001, contents = 0x00000000), will not warn again.",
                "[board.mb.sb.spi.bank.spi_regs spec-viol] Write to read-only field spi_regs.hsfsts.fdv (value written = 0x0000, contents = 0x0001).",
                "[board.mb.sb.thermal.bank.pci_config spec-viol] Enabling bus master, but this device doesn't support it",
                "[board.mb.sb.lan.bank.csr unimpl] Read from unimplemented register csr.extcnf_ctrl (0x00000f00) (contents = 0x00000000).",
                "[board.mb.sb.lan.bank.csr unimpl] Write to unimplemented register csr.extcnf_ctrl (0xf00) (value written = 0x00000020).",
                "[board.mb.sb.lan.bank.csr unimpl] Write to unimplemented field csr.tctl.rrthresh (0x400) (value written = 0x00000000, contents = 0x00000001), will not warn again.",
                "[board.mb.sb.lan.bank.csr unimpl] Read from unimplemented register csr.fwsm_s (0x00005b54) (contents = 0x00000000).",
                "[board.mb.sb.lan.bank.csr unimpl] Write to unimplemented register csr.strap (0xc) (value written = 0x00008086).",
                "[board.mb.sb.lan.bank.csr spec-viol] Read from poorly or non-documented register csr.dummy_3004 (contents = 0).",
                "[board.mb.sb.lan.bank.csr spec-viol] Write to poorly or non-documented register csr.dummy_3004 (value written = 0x50000, contents = 0).",
                "[board.mb.sb.phy unimpl] Write to unimplemented register mii_regs.vendor_specific[15] (value written = 0x6094, contents = 0).",
                "[board.mb.sb.phy unimpl] Read from unimplemented register mii_regs.vendor_specific[4] (contents = 0).",
                "[board.mb.sb.phy unimpl] Write to unimplemented register mii_regs.vendor_specific[4] (value written = 0, contents = 0).",
                "[board.mb.sb.lan.bank.csr spec-viol] writing 0 to count is not allowed",
                "[board.mb.sb.lan.bank.csr spec-viol] writing 0 to count is not allowed",
                "[board.mb.sb.lan.bank.csr unimpl] Read from unimplemented register csr.eec (0x00000010) (contents = 0x00000000).",
                "[board.mb.sb.lan.bank.csr unimpl] Read from unimplemented register csr.ledctl (0x00000e00) (contents = 0x00000000).",
                "[board.mb.sb.lan.bank.csr unimpl] Write to unimplemented field csr.tx_queue[0].txdctl.pthresh (0x3828) (value written = 0x0000001f, contents = 0x00000000), will not warn again.",
                "[board.mb.sb.lan.bank.csr unimpl] Write to unimplemented field csr.tx_queue[0].txdctl.wthresh (0x3828) (value written = 0x00000001, contents = 0x00000000), will not warn again.",
                "[board.mb.sb.lan.bank.csr unimpl] Write to unimplemented field csr.tx_queue[0].txdctl.gran (0x3828) (value written = 0x00000001, contents = 0x00000000), will not warn again.",
                "[board.mb.sb.lan.bank.csr unimpl] Write to unimplemented field csr.tx_queue[1].txdctl.pthresh (0x3928) (value written = 0x0000001f, contents = 0x00000000), will not warn again.",
                "[board.mb.sb.lan.bank.csr unimpl] Write to unimplemented field csr.tx_queue[1].txdctl.wthresh (0x3928) (value written = 0x00000001, contents = 0x00000000), will not warn again.",
                "[board.mb.sb.lan.bank.csr unimpl] Write to unimplemented field csr.tx_queue[1].txdctl.gran (0x3928) (value written = 0x00000001, contents = 0x00000000), will not warn again.",
                "[board.mb.sb.lan.bank.csr spec-viol] Read from poorly or non-documented register csr.dummy_5b00 (contents = 0).",
                "[board.mb.sb.lan.bank.csr spec-viol] Write to poorly or non-documented register csr.dummy_5b00 (value written = 0xffffffc0, contents = 0).",
                "[board.mb.sb.lan.bank.csr spec-viol] Read from poorly or non-documented register csr.sec (contents = 0).",
                "[board.mb.sb.lan.bank.csr spec-viol] writing 0 to count is not allowed",
                "[board.mb.sb.lan.bank.csr spec-viol] writing 0 to count is not allowed",
                "[board.mb.sb.lan spec-viol] access to reserved register at offset 0x280c in CSR bank",
                "[board.mb.sb.lan.bank.csr unimpl] Write to unimplemented register csr.h2me (0x5b50) (value written = 0x00000000).",
                "<board.serconsole.con>[    0.000000] Linux version 5.15.93 (jkaufman@swsnetlab09) (gcc (Debian 10.2.1-6) 10.2.1 20210110, GNU ld (GNU Binutils for Debian) 2.35.2) #1 SMP Tue Aug 13 22:35:17 CEST 2024\\r\\n",
                "<board.serconsole.con>[    0.000000] Command line: BOOT_IMAGE=/boot/vmlinuz-5.15.93 root=PARTUUID=dfa96477-2762-4716-add2-a5188ecccecb ro console=tty1 console=ttyS0 init=/home/ubuntu/guestinit.sh memmap=512M!1G rw\\r\\n",
                "<board.serconsole.con>[    0.000000] x86/fpu: Supporting XSAVE feature 0x001: 'x87 floating point registers'\\r\\n",
                "<board.serconsole.con>[    0.000000] x86/fpu: Supporting XSAVE feature 0x002: 'SSE registers'\\r\\n",
                "<board.serconsole.con>[    0.000000] x86/fpu: Supporting XSAVE feature 0x004: 'AVX registers'\\r\\n",
                "<board.serconsole.con>[    0.000000] x86/fpu: Supporting XSAVE feature 0x008: 'MPX bounds registers'\\r\\n",
                "<board.serconsole.con>[    0.000000] x86/fpu: Supporting XSAVE feature 0x010: 'MPX CSR'\\r\\n",
                "<board.serconsole.con>[    0.000000] x86/fpu: Supporting XSAVE feature 0x020: 'AVX-512 opmask'\\r\\n",
                "<board.serconsole.con>[    0.000000] x86/fpu: Supporting XSAVE feature 0x040: 'AVX-512 Hi256'\\r\\n",
                "<board.serconsole.con>[    0.000000] x86/fpu: Supporting XSAVE feature 0x080: 'AVX-512 ZMM_Hi256'\\r\\n",
                "<board.serconsole.con>[    0.000000] x86/fpu: Supporting XSAVE feature 0x200: 'Protection Keys User registers'\\r\\n",
                "<board.serconsole.con>[    0.000000] x86/fpu: xstate_offset[2]:  576, xstate_sizes[2]:  256\\r\\n",
                "<board.serconsole.con>[    0.000000] x86/fpu: xstate_offset[3]:  832, xstate_sizes[3]:   64\\r\\n",
                "<board.serconsole.con>[    0.000000] x86/fpu: xstate_offset[4]:  896, xstate_sizes[4]:   64\\r\\n",
                "<board.serconsole.con>[    0.000000] x86/fpu: xstate_offset[5]:  960, xstate_sizes[5]:   64\\r\\n",
                "<board.serconsole.con>[    0.000000] x86/fpu: xstate_offset[6]: 1024, xstate_sizes[6]:  512\\r\\n",
                "<board.serconsole.con>[    0.000000] x86/fpu: xstate_offset[7]: 1536, xstate_sizes[7]: 1024\\r\\n",
                "<board.serconsole.con>[    0.000000] x86/fpu: xstate_offset[9]: 2560, xstate_sizes[9]:    8\\r\\n",
                "<board.serconsole.con>[    0.000000] x86/fpu: Enabled xstate features 0x2ff, context size is 2568 bytes, using 'compacted' format.\\r\\n",
                "<board.serconsole.con>[    0.000000] signal: max sigframe size: 3632\\r\\n",
                "<board.serconsole.con>[    0.000000] BIOS-provided physical RAM map:\\r\\n",
                "<board.serconsole.con>[    0.000000] BIOS-e820: [mem 0x0000000000000000-0x000000000009efff] usable\\r\\n",
                "<board.serconsole.con>[    0.000000] BIOS-e820: [mem 0x000000000009f000-0x000000000009ffff] reserved\\r\\n",
                "<board.serconsole.con>[    0.000000] BIOS-e820: [mem 0x0000000000100000-0x0000000000806fff] usable\\r\\n",
                "<board.serconsole.con>[    0.000000] BIOS-e820: [mem 0x0000000000807000-0x0000000000807fff] ACPI NVS\\r\\n",
                "<board.serconsole.con>[    0.000000] BIOS-e820: [mem 0x0000000000808000-0x000000000080ffff] usable\\r\\n",
                "<board.serconsole.con>[    0.000000] BIOS-e820: [mem 0x0000000000810000-0x0000000000817fff] ACPI NVS\\r\\n",
                "<board.serconsole.con>[    0.000000] BIOS-e820: [mem 0x0000000000818000-0x000000000081ffff] usable\\r\\n",
                "<board.serconsole.con>[    0.000000] BIOS-e820: [mem 0x0000000000820000-0x000000000150ffff] ACPI NVS\\r\\n",
                "<board.serconsole.con>[    0.000000] BIOS-e820: [mem 0x0000000001510000-0x00000000dda05fff] usable\\r\\n",
                "<board.serconsole.con>[    0.000000] BIOS-e820: [mem 0x00000000dda06000-0x00000000dda06fff] reserved\\r\\n",
                "<board.serconsole.con>[    0.000000] BIOS-e820: [mem 0x00000000dda07000-0x00000000dda3cfff] usable\\r\\n",
                "<board.serconsole.con>[    0.000000] BIOS-e820: [mem 0x00000000dda3d000-0x00000000dda44fff] reserved\\r\\n",
                "<board.serconsole.con>[    0.000000] BIOS-e820: [mem 0x00000000dda45000-0x00000000dda53fff] usable\\r\\n",
                "<board.serconsole.con>[    0.000000] BIOS-e820: [mem 0x00000000dda54000-0x00000000dda54fff] ACPI data\\r\\n",
                "<board.serconsole.con>[    0.000000] BIOS-e820: [mem 0x00000000dda55000-0x00000000dde12fff] usable\\r\\n",
                "<board.serconsole.con>[    0.000000] BIOS-e820: [mem 0x00000000dde13000-0x00000000dde3bfff] reserved\\r\\n",
                "<board.serconsole.con>[    0.000000] BIOS-e820: [mem 0x00000000dde3c000-0x00000000dde3efff] usable\\r\\n",
                "<board.serconsole.con>[    0.000000] BIOS-e820: [mem 0x00000000dde3f000-0x00000000dde41fff] reserved\\r\\n",
                "<board.serconsole.con>[    0.000000] BIOS-e820: [mem 0x00000000dde42000-0x00000000ddecffff] usable\\r\\n",
                "<board.serconsole.con>[    0.000000] BIOS-e820: [mem 0x00000000dded0000-0x00000000dded0fff] ACPI data\\r\\n",
                "<board.serconsole.con>[    0.000000] BIOS-e820: [mem 0x00000000dded1000-0x00000000dded1fff] ACPI NVS\\r\\n",
                "<board.serconsole.con>[    0.000000] BIOS-e820: [mem 0x00000000dded2000-0x00000000ddf10fff] reserved\\r\\n",
                "<board.serconsole.con>[    0.000000] BIOS-e820: [mem 0x00000000ddf11000-0x00000000ddf11fff] ACPI NVS\\r\\n",
                "<board.serconsole.con>[    0.000000] BIOS-e820: [mem 0x00000000ddf12000-0x00000000ddf13fff] reserved\\r\\n",
                "<board.serconsole.con>[    0.000000] BIOS-e820: [mem 0x00000000ddf14000-0x00000000ddf14fff] ACPI data\\r\\n",
                "<board.serconsole.con>[    0.000000] BIOS-e820: [mem 0x00000000ddf15000-0x00000000ddf19fff] reserved\\r\\n",
                "<board.serconsole.con>[    0.000000] BIOS-e820: [mem 0x00000000ddf1a000-0x00000000def99fff] usable\\r\\n",
                "<board.serconsole.con>[    0.000000] BIOS-e820: [mem 0x00000000def9a000-0x00000000deff1fff] reserved\\r\\n",
                "<board.serconsole.con>[    0.000000] BIOS-e820: [mem 0x00000000deff2000-0x00000000deff9fff] ACPI data\\r\\n",
                "<board.serconsole.con>[    0.000000] BIOS-e820: [mem 0x00000000deffa000-0x00000000deffdfff] ACPI NVS\\r\\n",
                "<board.serconsole.con>[    0.000000] BIOS-e820: [mem 0x00000000deffe000-0x00000000df57ffff] usable\\r\\n",
                "<board.serconsole.con>[    0.000000] BIOS-e820: [mem 0x00000000df580000-0x00000000df7fffff] ACPI NVS\\r\\n",
                "<board.serconsole.con>[    0.000000] BIOS-e820: [mem 0x00000000df800000-0x00000000efffffff] reserved\\r\\n",
                "<board.serconsole.con>[    0.000000] NX (Execute Disable) protection: active\\r\\n",
                "<board.serconsole.con>[    0.000000] user-defined physical RAM map:\\r\\n",
                "<board.serconsole.con>[    0.000000] user: [mem 0x0000000000000000-0x000000000009efff] usable\\r\\n",
                "<board.serconsole.con>[    0.000000] user: [mem 0x000000000009f000-0x000000000009ffff] reserved\\r\\n",
                "<board.serconsole.con>[    0.000000] user: [mem 0x0000000000100000-0x0000000000806fff] usable\\r\\n",
                "<board.serconsole.con>[    0.000000] user: [mem 0x0000000000807000-0x0000000000807fff] ACPI NVS\\r\\n",
                "<board.serconsole.con>[    0.000000] user: [mem 0x0000000000808000-0x000000000080ffff] usable\\r\\n",
                "<board.serconsole.con>[    0.000000] user: [mem 0x0000000000810000-0x0000000000817fff] ACPI NVS\\r\\n",
                "<board.serconsole.con>[    0.000000] user: [mem 0x0000000000818000-0x000000000081ffff] usable\\r\\n",
                "<board.serconsole.con>[    0.000000] user: [mem 0x0000000000820000-0x000000000150ffff] ACPI NVS\\r\\n",
                "<board.serconsole.con>[    0.000000] user: [mem 0x0000000001510000-0x000000003fffffff] usable\\r\\n",
                "<board.serconsole.con>[    0.000000] user: [mem 0x0000000040000000-0x000000005fffffff] persistent (type 12)\\r\\n",
                "<board.serconsole.con>[    0.000000] user: [mem 0x0000000060000000-0x00000000dda05fff] usable\\r\\n",
                "<board.serconsole.con>[    0.000000] user: [mem 0x00000000dda06000-0x00000000dda06fff] reserved\\r\\n",
                "<board.serconsole.con>[    0.000000] user: [mem 0x00000000dda07000-0x00000000dda3cfff] usable\\r\\n",
                "<board.serconsole.con>[    0.000000] user: [mem 0x00000000dda3d000-0x00000000dda44fff] reserved\\r\\n",
                "<board.serconsole.con>[    0.000000] user: [mem 0x00000000dda45000-0x00000000dda53fff] usable\\r\\n",
                "<board.serconsole.con>[    0.000000] user: [mem 0x00000000dda54000-0x00000000dda54fff] ACPI data\\r\\n",
                "<board.serconsole.con>[    0.000000] user: [mem 0x00000000dda55000-0x00000000dde12fff] usable\\r\\n",
                "<board.serconsole.con>[    0.000000] user: [mem 0x00000000dde13000-0x00000000dde3bfff] reserved\\r\\n",
                "<board.serconsole.con>[    0.000000] user: [mem 0x00000000dde3c000-0x00000000dde3efff] usable\\r\\n",
                "<board.serconsole.con>[    0.000000] user: [mem 0x00000000dde3f000-0x00000000dde41fff] reserved\\r\\n",
                "<board.serconsole.con>[    0.000000] user: [mem 0x00000000dde42000-0x00000000ddecffff] usable\\r\\n",
                "<board.serconsole.con>[    0.000000] user: [mem 0x00000000dded0000-0x00000000dded0fff] ACPI data\\r\\n",
                "<board.serconsole.con>[    0.000000] user: [mem 0x00000000dded1000-0x00000000dded1fff] ACPI NVS\\r\\n",
                "<board.serconsole.con>[    0.000000] user: [mem 0x00000000dded2000-0x00000000ddf10fff] reserved\\r\\n",
                "<board.serconsole.con>[    0.000000] user: [mem 0x00000000ddf11000-0x00000000ddf11fff] ACPI NVS\\r\\n",
                "<board.serconsole.con>[    0.000000] user: [mem 0x00000000ddf12000-0x00000000ddf13fff] reserved\\r\\n",
                "<board.serconsole.con>[    0.000000] user: [mem 0x00000000ddf14000-0x00000000ddf14fff] ACPI data\\r\\n",
                "<board.serconsole.con>[    0.000000] user: [mem 0x00000000ddf15000-0x00000000ddf19fff] reserved\\r\\n",
                "<board.serconsole.con>[    0.000000] user: [mem 0x00000000ddf1a000-0x00000000def99fff] usable\\r\\n",
                "<board.serconsole.con>[    0.000000] user: [mem 0x00000000def9a000-0x00000000deff1fff] reserved\\r\\n",
                "<board.serconsole.con>[    0.000000] user: [mem 0x00000000deff2000-0x00000000deff9fff] ACPI data\\r\\n",
                "<board.serconsole.con>[    0.000000] user: [mem 0x00000000deffa000-0x00000000deffdfff] ACPI NVS\\r\\n",
                "<board.serconsole.con>[    0.000000] user: [mem 0x00000000deffe000-0x00000000df57ffff] usable\\r\\n",
                "<board.serconsole.con>[    0.000000] user: [mem 0x00000000df580000-0x00000000df7fffff] ACPI NVS\\r\\n",
                "<board.serconsole.con>[    0.000000] user: [mem 0x00000000df800000-0x00000000efffffff] reserved\\r\\n",
                "<board.serconsole.con>[    0.000000] efi: EFI v2.70 by EDK II\\r\\n",
                "<board.serconsole.con>[    0.000000] efi: ACPI=0xdeff9000 ACPI 2.0=0xdeff9014 \\r\\n",
                "<board.serconsole.con>[    0.000000] DMI not present or invalid.\\r\\n",
                "<board.serconsole.con>[    0.000000] tsc: calibrated TSC: tsc_freq=4000000\\r\\n",
                "<board.serconsole.con>[    0.000000] tsc: Detected 1608.000 MHz processor\\r\\n",
                "<board.serconsole.con>[    0.000105] last_pfn = 0xdf580 max_arch_pfn = 0x400000000\\r\\n",
                "<board.serconsole.con>[    0.000117] x86/PAT: Configuration [0-7]: WB  WC  UC- UC  WB  WP  UC- WT  \\r\\n",
                "<board.serconsole.con>[    0.001073] Using GB pages for direct mapping\\r\\n",
                "<board.serconsole.con>[    0.006165] Secure boot disabled\\r\\n",
                "<board.serconsole.con>[    0.006176] ACPI: Early table checksum verification disabled\\r\\n",
                "<board.serconsole.con>[    0.006187] ACPI: RSDP 0x00000000DEFF9014 000024 (v02 INTEL )\\r\\n",
                "<board.serconsole.con>[    0.006219] ACPI: XSDT 0x00000000DEFF80E8 00005C (v01 INTEL  S2600WF  00000000 INTL 20091013)\\r\\n",
                "<board.serconsole.con>[    0.006253] ACPI: FACP 0x00000000DEFF5000 00010C (v05 INTEL  S2600WF  00000000 INTL 20091013)\\r\\n",
                "<board.serconsole.con>[    0.006287] ACPI BIOS Warning (bug): Optional FADT field Gpe0Block has valid Address but zero Length: 0x0000000000000420/0x0 (20210730/tbfadt-615)\\r\\n",
                "<board.serconsole.con>[    0.006321] ACPI: DSDT 0x00000000DEFF6000 001836 (v01 INTEL  SIMICS   00000004 INTL 20200925)\\r\\n",
                "<board.serconsole.con>[    0.006355] ACPI: FACS 0x00000000DDED1000 000040\\r\\n",
                "<board.serconsole.con>[    0.006387] ACPI: HPET 0x00000000DEFF4000 000038 (v01 INTEL  S2600WF  00000001 INTL 20091013)\\r\\n",
                "<board.serconsole.con>[    0.006421] ACPI: WSMT 0x00000000DEFF3000 000028 (v01 INTEL  S2600WF  00000001 INTL 20091013)\\r\\n",
                "<board.serconsole.con>[    0.006455] ACPI: APIC 0x00000000DEFF2000 00007E (v03 INTEL  S2600WF  00000000      00000000)\\r\\n",
                "<board.serconsole.con>[    0.006488] ACPI: MCFG 0x00000000DDED0000 00003C (v01 INTEL  S2600WF  00000000      00000000)\\r\\n",
                "<board.serconsole.con>[    0.006522] ACPI: FPDT 0x00000000DDF14000 000044 (v01 INTEL  S2600WF  00000002 INTL 20091013)\\r\\n",
                "<board.serconsole.con>[    0.006555] ACPI: BGRT 0x00000000DDA54000 000038 (v01 INTEL  S2600WF  00000002 INTL 20091013)\\r\\n",
                "<board.serconsole.con>[    0.006589] ACPI: Reserving FACP table memory at [mem 0xdeff5000-0xdeff510b]\\r\\n",
                "<board.serconsole.con>[    0.006601] ACPI: Reserving DSDT table memory at [mem 0xdeff6000-0xdeff7835]\\r\\n",
                "<board.serconsole.con>[    0.006613] ACPI: Reserving FACS table memory at [mem 0xdded1000-0xdded103f]\\r\\n",
                "<board.serconsole.con>[    0.006624] ACPI: Reserving HPET table memory at [mem 0xdeff4000-0xdeff4037]\\r\\n",
                "<board.serconsole.con>[    0.006636] ACPI: Reserving WSMT table memory at [mem 0xdeff3000-0xdeff3027]\\r\\n",
                "<board.serconsole.con>[    0.006648] ACPI: Reserving APIC table memory at [mem 0xdeff2000-0xdeff207d]\\r\\n",
                "<board.serconsole.con>[    0.006660] ACPI: Reserving MCFG table memory at [mem 0xdded0000-0xdded003b]\\r\\n",
                "<board.serconsole.con>[    0.006672] ACPI: Reserving FPDT table memory at [mem 0xddf14000-0xddf14043]\\r\\n",
                "<board.serconsole.con>[    0.006684] ACPI: Reserving BGRT table memory at [mem 0xdda54000-0xdda54037]\\r\\n",
                "<board.serconsole.con>[    0.007359] No NUMA configuration found\\r\\n",
                "<board.serconsole.con>[    0.007370] Faking a node at [mem 0x0000000000000000-0x00000000df57ffff]\\r\\n",
                "<board.serconsole.con>[    0.007393] NODE_DATA(0) allocated [mem 0xdf2e1000-0xdf302fff]\\r\\n",
                "<board.serconsole.con>[    0.008003] Zone ranges:\\r\\n",
                "<board.serconsole.con>[    0.008014]   DMA      [mem 0x0000000000001000-0x0000000000ffffff]\\r\\n",
                "<board.serconsole.con>[    0.008035]   DMA32    [mem 0x0000000001000000-0x00000000df57ffff]\\r\\n",
                "<board.serconsole.con>[    0.008057]   Normal   empty\\r\\n",
                "<board.serconsole.con>[    0.008079] Movable zone start for each node\\r\\n",
                "<board.serconsole.con>[    0.008092] Early memory node ranges\\r\\n",
                "<board.serconsole.con>[    0.008103]   node   0: [mem 0x0000000000001000-0x000000000009efff]\\r\\n",
                "<board.serconsole.con>[    0.008114]   node   0: [mem 0x0000000000100000-0x0000000000806fff]\\r\\n",
                "<board.serconsole.con>[    0.008126]   node   0: [mem 0x0000000000808000-0x000000000080ffff]\\r\\n",
                "<board.serconsole.con>[    0.008137]   node   0: [mem 0x0000000000818000-0x000000000081ffff]\\r\\n",
                "<board.serconsole.con>[    0.008149]   node   0: [mem 0x0000000001510000-0x000000003fffffff]\\r\\n",
                "<board.serconsole.con>[    0.008161]   node   0: [mem 0x0000000060000000-0x00000000dda05fff]\\r\\n",
                "<board.serconsole.con>[    0.008172]   node   0: [mem 0x00000000dda07000-0x00000000dda3cfff]\\r\\n",
                "<board.serconsole.con>[    0.008184]   node   0: [mem 0x00000000dda45000-0x00000000dda53fff]\\r\\n",
                "<board.serconsole.con>[    0.008196]   node   0: [mem 0x00000000dda55000-0x00000000dde12fff]\\r\\n",
                "<board.serconsole.con>[    0.008207]   node   0: [mem 0x00000000dde3c000-0x00000000dde3efff]\\r\\n",
                "<board.serconsole.con>[    0.008219]   node   0: [mem 0x00000000dde42000-0x00000000ddecffff]\\r\\n",
                "<board.serconsole.con>[    0.008230]   node   0: [mem 0x00000000ddf1a000-0x00000000def99fff]\\r\\n",
                "<board.serconsole.con>[    0.008242]   node   0: [mem 0x00000000deffe000-0x00000000df57ffff]\\r\\n",
                "<board.serconsole.con>[    0.008254] Initmem setup node 0 [mem 0x0000000000001000-0x00000000df57ffff]\\r\\n",
                "<board.serconsole.con>[    0.008269] On node 0, zone DMA: 1 pages in unavailable ranges\\r\\n",
                "<board.serconsole.con>[    0.008312] On node 0, zone DMA: 97 pages in unavailable ranges\\r\\n",
                "<board.serconsole.con>[    0.008324] On node 0, zone DMA: 1 pages in unavailable ranges\\r\\n",
                "<board.serconsole.con>[    0.008335] On node 0, zone DMA: 8 pages in unavailable ranges\\r\\n",
                "<board.serconsole.con>[    0.012562] On node 0, zone DMA32: 3312 pages in unavailable ranges\\r\\n",
                "<board.serconsole.con>[    0.020833] On node 0, zone DMA32: 1 pages in unavailable ranges\\r\\n",
                "<board.serconsole.con>[    0.020845] On node 0, zone DMA32: 8 pages in unavailable ranges\\r\\n",
                "<board.serconsole.con>[    0.020872] On node 0, zone DMA32: 1 pages in unavailable ranges\\r\\n",
                "<board.serconsole.con>[    0.020885] On node 0, zone DMA32: 41 pages in unavailable ranges\\r\\n",
                "<board.serconsole.con>[    0.020899] On node 0, zone DMA32: 3 pages in unavailable ranges\\r\\n",
                "<board.serconsole.con>[    0.020980] On node 0, zone DMA32: 74 pages in unavailable ranges\\r\\n",
                "<board.serconsole.con>[    0.021017] On node 0, zone DMA32: 100 pages in unavailable ranges\\r\\n",
                "<board.serconsole.con>[    0.021106] On node 0, zone DMA32: 2688 pages in unavailable ranges\\r\\n",
                "<board.serconsole.con>[    0.028041] ACPI: PM-Timer IO Port: 0x408\\r\\n",
                "<board.serconsole.con>[    0.028054] ACPI: X2APIC_NMI (uid[0xffffffff] high level lint[0x1])\\r\\n",
                "<board.serconsole.con>[    0.028066] ACPI: LAPIC_NMI (acpi_id[0xff] high level lint[0x1])\\r\\n",
                "<board.serconsole.con>[    0.028078] IOAPIC[0]: apic_id 2, version 32, address 0xfec00000, GSI 0-23\\r\\n",
                "<board.serconsole.con>[    0.028090] ACPI: INT_SRC_OVR (bus 0 bus_irq 0 global_irq 2 dfl dfl)\\r\\n",
                "<board.serconsole.con>[    0.028102] ACPI: INT_SRC_OVR (bus 0 bus_irq 9 global_irq 9 high level)\\r\\n",
                "<board.serconsole.con>[    0.028116] ACPI: Using ACPI (MADT) for SMP configuration information\\r\\n",
                "<board.serconsole.con>[    0.028127] ACPI: HPET id: 0x8086a701 base: 0xfed00000\\r\\n",
                "<board.serconsole.con>[    0.028139] TSC deadline timer available\\r\\n",
                "<board.serconsole.con>[    0.028150] smpboot: Allowing 4 CPUs, 0 hotplug CPUs\\r\\n",
                "<board.serconsole.con>[    0.028207] [mem 0xf0000000-0xffffffff] available for PCI devices\\r\\n",
                "<board.serconsole.con>[    0.028218] Booting paravirtualized kernel on bare hardware\\r\\n",
                "<board.serconsole.con>[    0.028229] clocksource: refined-jiffies: mask: 0xffffffff max_cycles: 0xffffffff, max_idle_ns: 1910969940391419 ns\\r\\n",
                "<board.serconsole.con>[    0.030615] setup_percpu: NR_CPUS:8192 nr_cpumask_bits:4 nr_cpu_ids:4 nr_node_ids:1\\r\\n",
                "<board.serconsole.con>[    0.030636] percpu: Embedded 50 pages/cpu s166936 r8192 d29672 u524288\\r\\n",
                "<board.serconsole.con>[    0.030788] Built 1 zonelists, mobility grouping on.  Total pages: 769273\\r\\n",
                "<board.serconsole.con>[    0.030799] Policy zone: DMA32\\r\\n",
                "<board.serconsole.con>[    0.030810] Kernel command line: BOOT_IMAGE=/boot/vmlinuz-5.15.93 root=PARTUUID=dfa96477-2762-4716-add2-a5188ecccecb ro console=tty1 console=ttyS0 init=/home/ubuntu/guestinit.sh memmap=512M!1G rw\\r\\n",
                "<board.serconsole.con>[    0.030871] Unknown kernel command line parameters \"BOOT_IMAGE=/boot/vmlinuz-5.15.93\", will be passed to user space.\\r\\n",
                "<board.serconsole.con>[    0.030886] Dentry cache hash table entries: 524288 (order: 10, 4194304 bytes, linear)\\r\\n",
                "<board.serconsole.con>[    0.030901] Inode-cache hash table entries: 262144 (order: 9, 2097152 bytes, linear)\\r\\n",
                "<board.serconsole.con>[    0.030932] mem auto-init: stack:off, heap alloc:off, heap free:off\\r\\n",
                "<board.serconsole.con>[    0.038822] Memory: 3019076K/3120388K available (8198K kernel code, 1892K rwdata, 2220K rodata, 1924K init, 2544K bss, 101056K reserved, 0K cma-reserved)\\r\\n",
                "<board.serconsole.con>[    0.038937] rcu: Hierarchical RCU implementation.\\r\\n",
                "<board.serconsole.con>[    0.038948] rcu: \\tRCU restricting CPUs from NR_CPUS=8192 to nr_cpu_ids=4.\\r\\n",
                "<board.serconsole.con>[    0.038959] rcu: RCU calculated value of scheduler-enlistment delay is 100 jiffies.\\r\\n",
                "<board.serconsole.con>[    0.038971] rcu: Adjusting geometry for rcu_fanout_leaf=16, nr_cpu_ids=4\\r\\n",
                "<board.serconsole.con>[    0.039551] NR_IRQS: 524544, nr_irqs: 456, preallocated irqs: 16\\r\\n",
                "<board.serconsole.con>[    0.039995] random: crng init done\\r\\n",
                "<board.serconsole.con>[    0.040089] Console: colour dummy device 80x25\\r\\n",
                "<board.serconsole.con>[    0.040545] printk: console [tty1] enabled\\r\\n",
                "<board.serconsole.con>[    0.335393] printk: console [ttyS0] enabled\\r\\n",
                "<board.serconsole.con>[    0.336415] ACPI: Core revision 20210730\\r\\n",
                "<board.serconsole.con>[    0.337416] clocksource: hpet: mask: 0xffffffff max_cycles: 0xffffffff, max_idle_ns: 133484882848 ns\\r\\n",
                "<board.serconsole.con>[    0.339584] APIC: Switch to symmetric I/O mode setup\\r\\n",
                "<board.serconsole.con>[    0.341219] ..TIMER: vector=0x30 apic1=0 pin1=2 apic2=-1 pin2=-1\\r\\n",
                "<board.serconsole.con>[    0.347608] clocksource: tsc-early: mask: 0xffffffffffffffff max_cycles: 0x172daa3a18b, max_idle_ns: 440795212390 ns\\r\\n",
                "<board.serconsole.con>[    0.350115] Calibrating delay loop (skipped), value calculated using timer frequency.. 3216.00 BogoMIPS (lpj=1608000)\\r\\n",
                "<board.serconsole.con>[    0.351145] pid_max: default: 32768 minimum: 301\\r\\n",
                "<board.serconsole.con>[    0.353633] Mount-cache hash table entries: 8192 (order: 4, 65536 bytes, linear)\\r\\n",
                "<board.serconsole.con>[    0.354149] Mountpoint-cache hash table entries: 8192 (order: 4, 65536 bytes, linear)\\r\\n",
                "<board.serconsole.con>[    0.355231] CPU0: Thermal monitoring enabled (TM1)\\r\\n",
                "<board.serconsole.con>[    0.356147] process: using mwait in idle threads\\r\\n",
                "<board.serconsole.con>[    0.357146] Last level iTLB entries: 4KB 48, 2MB 0, 4MB 0\\r\\n",
                "<board.serconsole.con>[    0.359125] Last level dTLB entries: 4KB 256, 2MB 0, 4MB 0, 1GB 16\\r\\n",
                "<board.serconsole.con>[    0.360145] Spectre V1 : Mitigation: usercopy/swapgs barriers and __user pointer sanitization\\r\\n",
                "<board.serconsole.con>[    0.361146] Spectre V2 : Mitigation: Enhanced IBRS\\r\\n",
                "<board.serconsole.con>[    0.362145] Spectre V2 : Spectre v2 / SpectreRSB mitigation: Filling RSB on context switch\\r\\n",
                "<board.serconsole.con>[    0.363145] Spectre V2 : Spectre v2 / PBRSB-eIBRS: Retire a single CALL on VMEXIT\\r\\n",
                "<board.serconsole.con>[    0.364145] RETBleed: Mitigation: Enhanced IBRS\\r\\n",
                "<board.serconsole.con>[    0.365146] Spectre V2 : mitigation: Enabling conditional Indirect Branch Prediction Barrier\\r\\n",
                "<board.serconsole.con>[    0.366146] Speculative Store Bypass: Mitigation: Speculative Store Bypass disabled via prctl\\r\\n",
                "<board.serconsole.con>[    0.367145] MDS: Vulnerable: Clear CPU buffers attempted, no microcode\\r\\n",
                "<board.serconsole.con>[    0.368145] TAA: Vulnerable: Clear CPU buffers attempted, no microcode\\r\\n",
                "<board.serconsole.con>[    0.370145] MMIO Stale Data: Vulnerable: Clear CPU buffers attempted, no microcode\\r\\n",
                "<board.serconsole.con>[    0.372179] Freeing SMP alternatives memory: 12K\\r\\n",
                "[board.mb.cpu0.core[0][0] info] 0x66a: Reading from unknown MSR. Signaling GP fault.",
                "<board.serconsole.con>[    0.373255] smpboot: CPU0: Intel(R) Xeon(R) Gold CPU             @ 2.30GHz (family: 0x6, model: 0x55, stepping: 0xc)\\r\\n",
                "<board.serconsole.con>[    0.374801] Performance Events: PEBS fmt4+-baseline, Skylake events, 32-deep LBR, full-width counters, Intel PMU driver.\\r\\n",
                "<board.serconsole.con>[    0.375146] ... version:                4\\r\\n",
                "<board.serconsole.con>[    0.376105] ... bit width:              48\\r\\n",
                "<board.serconsole.con>[    0.376145] ... generic registers:      8\\r\\n",
                "<board.serconsole.con>[    0.377105] ... value mask:             0000ffffffffffff\\r\\n",
                "<board.serconsole.con>[    0.377145] ... max period:             00007fffffffffff\\r\\n",
                "<board.serconsole.con>[    0.378145] ... fixed-purpose events:   3\\r\\n",
                "<board.serconsole.con>[    0.379105] ... event mask:             00000007000000ff\\r\\n",
                "<board.serconsole.con>[    0.379332] rcu: Hierarchical SRCU implementation.\\r\\n",
                "<board.serconsole.con>[    0.380586] smp: Bringing up secondary CPUs ...\\r\\n",
                "<board.serconsole.con>[    0.381738] x86: Booting SMP configuration:\\r\\n",
                "<board.serconsole.con>[    0.382156] .... node  #0, CPUs:      #1 #2 #3\\r\\n",
                "<board.serconsole.con>[    0.384270] smp: Brought up 1 node, 4 CPUs\\r\\n",
                "<board.serconsole.con>[    0.386125] smpboot: Max logical packages: 1\\r\\n",
                "<board.serconsole.con>[    0.387146] smpboot: Total of 4 processors activated (12864.00 BogoMIPS)\\r\\n",
                "<board.serconsole.con>[    0.388559] devtmpfs: initialized\\r\\n",
                "<board.serconsole.con>[    0.389182] x86/mm: Memory block size: 128MB\\r\\n",
                "<board.serconsole.con>[    0.390424] clocksource: jiffies: mask: 0xffffffff max_cycles: 0xffffffff, max_idle_ns: 1911260446275000 ns\\r\\n",
                "<board.serconsole.con>[    0.392156] futex hash table entries: 1024 (order: 4, 65536 bytes, linear)\\r\\n",
                "<board.serconsole.con>[    0.394169] \\r\\n",
                "<board.serconsole.con>[    0.394561] *************************************************************\\r\\n",
                "<board.serconsole.con>[    0.396145] **     NOTICE NOTICE NOTICE NOTICE NOTICE NOTICE NOTICE    **\\r\\n",
                "<board.serconsole.con>[    0.397145] **                                                         **\\r\\n",
                "<board.serconsole.con>[    0.399145] **  IOMMU DebugFS SUPPORT HAS BEEN ENABLED IN THIS KERNEL  **\\r\\n",
                "<board.serconsole.con>[    0.401145] **                                                         **\\r\\n",
                "<board.serconsole.con>[    0.402145] ** This means that this kernel is built to expose internal **\\r\\n",
                "<board.serconsole.con>[    0.404145] ** IOMMU data structures, which may compromise security on **\\r\\n",
                "<board.serconsole.con>[    0.405145] ** your system.                                            **\\r\\n",
                "<board.serconsole.con>[    0.407145] **                                                         **\\r\\n",
                "<board.serconsole.con>[    0.409145] ** If you see this message and you are not debugging the   **\\r\\n",
                "<board.serconsole.con>[    0.410145] ** kernel, report this immediately to your vendor!         **\\r\\n",
                "<board.serconsole.con>[    0.412145] **                                                         **\\r\\n",
                "<board.serconsole.con>[    0.413145] **     NOTICE NOTICE NOTICE NOTICE NOTICE NOTICE NOTICE    **\\r\\n",
                "<board.serconsole.con>[    0.415145] *************************************************************\\r\\n",
                "<board.serconsole.con>[    0.417205] NET: Registered PF_NETLINK/PF_ROUTE protocol family\\r\\n",
                "<board.serconsole.con>[    0.418242] audit: initializing netlink subsys (disabled)\\r\\n",
                "<board.serconsole.con>[    0.420234] audit: type=2000 audit(1726221904.078:1): state=initialized audit_enabled=0 res=1\\r\\n",
                "<board.serconsole.con>[    0.420291] thermal_sys: Registered thermal governor 'step_wise'\\r\\n",
                "<board.serconsole.con>[    0.422156] thermal_sys: Registered thermal governor 'user_space'\\r\\n",
                "<board.serconsole.con>[    0.423833] cpuidle: using governor ladder\\r\\n",
                "<board.serconsole.con>[    0.425301] ACPI: bus type PCI registered\\r\\n",
                "<board.serconsole.con>[    0.426156] acpiphp: ACPI Hot Plug PCI Controller Driver version: 0.5\\r\\n",
                "<board.serconsole.con>[    0.427337] PCI: MMCONFIG for domain 0000 [bus 00-ff] at [mem 0xe0000000-0xefffffff] (base 0xe0000000)\\r\\n",
                "<board.serconsole.con>[    0.428146] PCI: MMCONFIG at [mem 0xe0000000-0xefffffff] reserved in E820\\r\\n",
                "<board.serconsole.con>[    0.429168] PCI: Using configuration type 1 for base access\\r\\n",
                "<board.serconsole.con>[    0.431587] HugeTLB registered 1.00 GiB page size, pre-allocated 0 pages\\r\\n",
                "<board.serconsole.con>[    0.432166] HugeTLB registered 2.00 MiB page size, pre-allocated 0 pages\\r\\n",
                "<board.serconsole.con>[    0.436780] ACPI: Added _OSI(Module Device)\\r\\n",
                "<board.serconsole.con>[    0.437156] ACPI: Added _OSI(Processor Device)\\r\\n",
                "<board.serconsole.con>[    0.438146] ACPI: Added _OSI(3.0 _SCP Extensions)\\r\\n",
                "<board.serconsole.con>[    0.439146] ACPI: Added _OSI(Processor Aggregator Device)\\r\\n",
                "<board.serconsole.con>[    0.440146] ACPI: Added _OSI(Linux-Dell-Video)\\r\\n",
                "<board.serconsole.con>[    0.441146] ACPI: Added _OSI(Linux-Lenovo-NV-HDMI-Audio)\\r\\n",
                "<board.serconsole.con>[    0.442146] ACPI: Added _OSI(Linux-HPI-Hybrid-Graphics)\\r\\n",
                "<board.serconsole.con>[    0.444299] ACPI: 1 ACPI AML tables successfully acquired and loaded\\r\\n",
                "<board.serconsole.con>[    0.445604] ACPI: Interpreter enabled\\r\\n",
                "<board.serconsole.con>[    0.446148] ACPI: PM: (supports S0 S5)\\r\\n",
                "<board.serconsole.con>[    0.447060] ACPI: Using IOAPIC for interrupt routing\\r\\n",
                "<board.serconsole.con>[    0.447157] PCI: Using host bridge windows from ACPI; if necessary, use \"pci=nocrs\" and report a bug\\r\\n",
                "<board.serconsole.con>[    0.449597] ACPI: PCI Root Bridge [PCI0] (domain 0000 [bus 00-ff])\\r\\n",
                "<board.serconsole.con>[    0.450147] acpi PNP0A03:00: _OSC: OS supports [ExtendedConfig ASPM ClockPM Segments MSI HPX-Type3]\\r\\n",
                "<board.serconsole.con>[    0.451194] PCI host bridge to bus 0000:00\\r\\n",
                "<board.serconsole.con>[    0.452146] pci_bus 0000:00: root bus resource [io  0x0000-0x0cf7 window]\\r\\n",
                "<board.serconsole.con>[    0.453146] pci_bus 0000:00: root bus resource [io  0x0d00-0xffff window]\\r\\n",
                "<board.serconsole.con>[    0.454146] pci_bus 0000:00: root bus resource [mem 0x000a0000-0x000bffff window]\\r\\n",
                "<board.serconsole.con>[    0.455146] pci_bus 0000:00: root bus resource [mem 0xf0000000-0xfbffffff window]\\r\\n",
                "<board.serconsole.con>[    0.456146] pci_bus 0000:00: root bus resource [mem 0x800000000-0xaffffffff window]\\r\\n",
                "<board.serconsole.con>[    0.457146] pci_bus 0000:00: root bus resource [bus 00-ff]\\r\\n",
                "<board.serconsole.con>[    0.458291] pci 0000:00:00.0: [8086:3400] type 00 class 0x080000\\r\\n",
                "<board.serconsole.con>[    0.460848] pci 0000:00:01.0: [8086:3408] type 01 class 0x060400\\r\\n",
                "<board.serconsole.con>[    0.461967] pci 0000:00:01.0: enabling Extended Tags\\r\\n",
                "<board.serconsole.con>[    0.462990] pci 0000:00:01.0: PME# supported from D0 D3hot D3cold\\r\\n",
                "<board.serconsole.con>[    0.463728] pci 0000:00:02.0: [8086:3409] type 01 class 0x060400\\r\\n",
                "<board.serconsole.con>[    0.464967] pci 0000:00:02.0: enabling Extended Tags\\r\\n",
                "<board.serconsole.con>[    0.465990] pci 0000:00:02.0: PME# supported from D0 D3hot D3cold\\r\\n",
                "<board.serconsole.con>[    0.466728] pci 0000:00:03.0: [8086:340a] type 01 class 0x060400\\r\\n",
                "<board.serconsole.con>[    0.467967] pci 0000:00:03.0: enabling Extended Tags\\r\\n",
                "<board.serconsole.con>[    0.468990] pci 0000:00:03.0: PME# supported from D0 D3hot D3cold\\r\\n",
                "<board.serconsole.con>[    0.469728] pci 0000:00:04.0: [8086:340b] type 01 class 0x060400\\r\\n",
                "<board.serconsole.con>[    0.470967] pci 0000:00:04.0: enabling Extended Tags\\r\\n",
                "<board.serconsole.con>[    0.471990] pci 0000:00:04.0: PME# supported from D0 D3hot D3cold\\r\\n",
                "<board.serconsole.con>[    0.472728] pci 0000:00:05.0: [8086:340c] type 01 class 0x060400\\r\\n",
                "<board.serconsole.con>[    0.473967] pci 0000:00:05.0: enabling Extended Tags\\r\\n",
                "<board.serconsole.con>[    0.474990] pci 0000:00:05.0: PME# supported from D0 D3hot D3cold\\r\\n",
                "<board.serconsole.con>[    0.475748] pci 0000:00:07.0: [8086:340e] type 01 class 0x060400\\r\\n",
                "<board.serconsole.con>[    0.476967] pci 0000:00:07.0: enabling Extended Tags\\r\\n",
                "<board.serconsole.con>[    0.477990] pci 0000:00:07.0: PME# supported from D0 D3hot D3cold\\r\\n",
                "<board.serconsole.con>[    0.478768] pci 0000:00:0f.0: [4321:1111] type 00 class 0x030000\\r\\n",
                "<board.serconsole.con>[    0.479406] pci 0000:00:0f.0: reg 0x10: [mem 0xf0000000-0xf0ffffff]\\r\\n",
                "<board.serconsole.con>[    0.481089] pci 0000:00:0f.0: Video device with shadowed ROM at [mem 0x000c0000-0x000dffff]\\r\\n",
                "<board.serconsole.con>[    0.481586] pci 0000:00:10.0: [8086:3425] type 00 class 0x080000\\r\\n",
                "<board.serconsole.con>[    0.483548] pci 0000:00:10.1: [8086:3426] type 00 class 0x080000\\r\\n",
                "<board.serconsole.con>[    0.485669] pci 0000:00:11.0: [8086:3427] type 00 class 0x080000\\r\\n",
                "<board.serconsole.con>[    0.487548] pci 0000:00:11.1: [8086:3428] type 00 class 0x080000\\r\\n",
                "<board.serconsole.con>[    0.489768] pci 0000:00:13.0: [8086:342d] type 00 class 0x080020\\r\\n",
                "<board.serconsole.con>[    0.490386] pci 0000:00:13.0: reg 0x10: [mem 0xf1024000-0xf1024fff]\\r\\n",
                "<board.serconsole.con>[    0.492406] pci 0000:00:13.0: PME# supported from D0 D3hot D3cold\\r\\n",
                "<board.serconsole.con>[    0.493546] pci 0000:00:14.0: [8086:342e] type 00 class 0x080000\\r\\n",
                "<board.serconsole.con>[    0.496071] pci 0000:00:14.1: [8086:3422] type 00 class 0x080000\\r\\n",
                "<board.serconsole.con>[    0.498070] pci 0000:00:14.2: [8086:3423] type 00 class 0x080000\\r\\n",
                "<board.serconsole.con>[    0.499991] pci 0000:00:14.3: [8086:3438] type 00 class 0x080000\\r\\n",
                "<board.serconsole.con>[    0.501868] pci 0000:00:19.0: [8086:10cd] type 00 class 0x020000\\r\\n",
                "<board.serconsole.con>[    0.502406] pci 0000:00:19.0: reg 0x10: [mem 0xf1000000-0xf101ffff]\\r\\n",
                "<board.serconsole.con>[    0.503286] pci 0000:00:19.0: reg 0x14: [mem 0xf1023000-0xf1023fff]\\r\\n",
                "<board.serconsole.con>[    0.504286] pci 0000:00:19.0: reg 0x18: [io  0xc100-0xc11f]\\r\\n",
                "<board.serconsole.con>[    0.506766] pci 0000:00:1a.0: [8086:3a67] type 00 class 0x0c0300\\r\\n",
                "<board.serconsole.con>[    0.507967] pci 0000:00:1a.0: reg 0x20: [io  0xc0e0-0xc0ff]\\r\\n",
                "<board.serconsole.con>[    0.509146] pci 0000:00:1a.1: [8086:3a68] type 00 class 0x0c0300\\r\\n",
                "<board.serconsole.con>[    0.510967] pci 0000:00:1a.1: reg 0x20: [io  0xc0c0-0xc0df]\\r\\n",
                "<board.serconsole.con>[    0.512146] pci 0000:00:1a.2: [8086:3a69] type 00 class 0x0c0300\\r\\n",
                "<board.serconsole.con>[    0.513967] pci 0000:00:1a.2: reg 0x20: [io  0xc0a0-0xc0bf]\\r\\n",
                "<board.serconsole.con>[    0.515308] pci 0000:00:1a.7: [8086:3a6c] type 00 class 0x0c0320\\r\\n",
                "<board.serconsole.con>[    0.516406] pci 0000:00:1a.7: reg 0x10: [mem 0xf1022000-0xf10223ff]\\r\\n",
                "<board.serconsole.con>[    0.518606] pci 0000:00:1a.7: PME# supported from D0 D3hot D3cold\\r\\n",
                "<board.serconsole.con>[    0.519666] pci 0000:00:1d.0: [8086:3a64] type 00 class 0x0c0300\\r\\n",
                "<board.serconsole.con>[    0.520967] pci 0000:00:1d.0: reg 0x20: [io  0xc080-0xc09f]\\r\\n",
                "<board.serconsole.con>[    0.522146] pci 0000:00:1d.1: [8086:3a65] type 00 class 0x0c0300\\r\\n",
                "<board.serconsole.con>[    0.523967] pci 0000:00:1d.1: reg 0x20: [io  0xc060-0xc07f]\\r\\n",
                "<board.serconsole.con>[    0.525146] pci 0000:00:1d.2: [8086:3a66] type 00 class 0x0c0300\\r\\n",
                "<board.serconsole.con>[    0.526967] pci 0000:00:1d.2: reg 0x20: [io  0xc040-0xc05f]\\r\\n",
                "<board.serconsole.con>[    0.528308] pci 0000:00:1d.7: [8086:3a6a] type 00 class 0x0c0320\\r\\n",
                "<board.serconsole.con>[    0.529406] pci 0000:00:1d.7: reg 0x10: [mem 0xf1021000-0xf10213ff]\\r\\n",
                "<board.serconsole.con>[    0.531606] pci 0000:00:1d.7: PME# supported from D0 D3hot D3cold\\r\\n",
                "<board.serconsole.con>[    0.532629] pci 0000:00:1e.0: [8086:244e] type 01 class 0x060401\\r\\n",
                "<board.serconsole.con>[    0.534607] pci 0000:00:1f.0: [8086:3a16] type 00 class 0x060100\\r\\n",
                "<board.serconsole.con>[    0.536307] pci 0000:00:1f.0: quirk: [io  0x0400-0x047f] claimed by ICH6 ACPI/GPIO/TCO\\r\\n",
                "<board.serconsole.con>[    0.538079] pci 0000:00:1f.2: [8086:3a22] type 00 class 0x010601\\r\\n",
                "<board.serconsole.con>[    0.538406] pci 0000:00:1f.2: reg 0x10: [io  0xc128-0xc12f]\\r\\n",
                "<board.serconsole.con>[    0.539286] pci 0000:00:1f.2: reg 0x14: [io  0xc134-0xc137]\\r\\n",
                "<board.serconsole.con>[    0.540286] pci 0000:00:1f.2: reg 0x18: [io  0xc120-0xc127]\\r\\n",
                "<board.serconsole.con>[    0.541286] pci 0000:00:1f.2: reg 0x1c: [io  0xc130-0xc133]\\r\\n",
                "<board.serconsole.con>[    0.542286] pci 0000:00:1f.2: reg 0x20: [io  0xc020-0xc03f]\\r\\n",
                "<board.serconsole.con>[    0.543296] pci 0000:00:1f.2: reg 0x24: [mem 0xf1020000-0xf10207ff]\\r\\n",
                "<board.serconsole.con>[    0.544990] pci 0000:00:1f.2: PME# supported from D3hot\\r\\n",
                "<board.serconsole.con>[    0.545606] pci 0000:00:1f.3: [8086:3a30] type 00 class 0x0c0500\\r\\n",
                "<board.serconsole.con>[    0.546486] pci 0000:00:1f.3: reg 0x10: [mem 0x800001000-0x80000101f 64bit]\\r\\n",
                "<board.serconsole.con>[    0.547566] pci 0000:00:1f.3: reg 0x20: [io  0xc000-0xc01f]\\r\\n",
                "<board.serconsole.con>[    0.548869] pci 0000:00:1f.6: [8086:3a32] type 00 class 0x118000\\r\\n",
                "<board.serconsole.con>[    0.549486] pci 0000:00:1f.6: reg 0x10: [mem 0x800000000-0x800000fff 64bit]\\r\\n",
                "<board.serconsole.con>[    0.552045] pci_bus 0000:01: extended config space not accessible\\r\\n",
                "<board.serconsole.con>[    0.552172] pci 0000:00:01.0: PCI bridge to [bus 01]\\r\\n",
                "<board.serconsole.con>[    0.553908] pci_bus 0000:02: extended config space not accessible\\r\\n",
                "<board.serconsole.con>[    0.554172] pci 0000:00:02.0: PCI bridge to [bus 02]\\r\\n",
                "<board.serconsole.con>[    0.555908] pci_bus 0000:03: extended config space not accessible\\r\\n",
                "<board.serconsole.con>[    0.556172] pci 0000:00:03.0: PCI bridge to [bus 03]\\r\\n",
                "<board.serconsole.con>[    0.557908] pci_bus 0000:04: extended config space not accessible\\r\\n",
                "<board.serconsole.con>[    0.558172] pci 0000:00:04.0: PCI bridge to [bus 04]\\r\\n",
                "<board.serconsole.con>[    0.559908] pci_bus 0000:05: extended config space not accessible\\r\\n",
                "<board.serconsole.con>[    0.560172] pci 0000:00:05.0: PCI bridge to [bus 05]\\r\\n",
                "<board.serconsole.con>[    0.561908] pci_bus 0000:06: extended config space not accessible\\r\\n",
                "<board.serconsole.con>[    0.562172] pci 0000:00:07.0: PCI bridge to [bus 06]\\r\\n",
                "<board.serconsole.con>[    0.563627] pci_bus 0000:07: extended config space not accessible\\r\\n",
                "<board.serconsole.con>[    0.564793] pci 0000:00:1e.0: PCI bridge to [bus 07] (subtractive decode)\\r\\n",
                "<board.serconsole.con>[    0.565306] pci 0000:00:1e.0:   bridge window [io  0x0000-0x0cf7 window] (subtractive decode)\\r\\n",
                "<board.serconsole.con>[    0.566146] pci 0000:00:1e.0:   bridge window [io  0x0d00-0xffff window] (subtractive decode)\\r\\n",
                "<board.serconsole.con>[    0.567146] pci 0000:00:1e.0:   bridge window [mem 0x000a0000-0x000bffff window] (subtractive decode)\\r\\n",
                "<board.serconsole.con>[    0.568146] pci 0000:00:1e.0:   bridge window [mem 0xf0000000-0xfbffffff window] (subtractive decode)\\r\\n",
                "<board.serconsole.con>[    0.569146] pci 0000:00:1e.0:   bridge window [mem 0x800000000-0xaffffffff window] (subtractive decode)\\r\\n",
                "<board.serconsole.con>[    0.570816] ACPI: PCI: Interrupt link LNKA configured for IRQ 10\\r\\n",
                "<board.serconsole.con>[    0.571261] ACPI: PCI: Interrupt link LNKB configured for IRQ 10\\r\\n",
                "<board.serconsole.con>[    0.572261] ACPI: PCI: Interrupt link LNKC configured for IRQ 11\\r\\n",
                "<board.serconsole.con>[    0.573261] ACPI: PCI: Interrupt link LNKD configured for IRQ 11\\r\\n",
                "<board.serconsole.con>[    0.574261] ACPI: PCI: Interrupt link LNKE configured for IRQ 0\\r\\n",
                "<board.serconsole.con>[    0.575261] ACPI: PCI: Interrupt link LNKF configured for IRQ 0\\r\\n",
                "<board.serconsole.con>[    0.576261] ACPI: PCI: Interrupt link LNKG configured for IRQ 0\\r\\n",
                "<board.serconsole.con>[    0.577262] ACPI: PCI: Interrupt link LNKH configured for IRQ 0\\r\\n",
                "<board.serconsole.con>[    0.578274] iommu: Default domain type: Translated \\r\\n",
                "<board.serconsole.con>[    0.579145] iommu: DMA domain TLB invalidation policy: lazy mode \\r\\n",
                "<board.serconsole.con>[    0.580214] pci 0000:00:0f.0: vgaarb: setting as boot VGA device\\r\\n",
                "<board.serconsole.con>[    0.581105] pci 0000:00:0f.0: vgaarb: VGA device added: decodes=io+mem,owns=io+mem,locks=none\\r\\n",
                "<board.serconsole.con>[    0.581168] pci 0000:00:0f.0: vgaarb: bridge control possible\\r\\n",
                "<board.serconsole.con>[    0.582146] vgaarb: loaded\\r\\n",
                "<board.serconsole.con>[    0.582869] SCSI subsystem initialized\\r\\n",
                "<board.serconsole.con>[    0.583301] pps_core: LinuxPPS API ver. 1 registered\\r\\n",
                "<board.serconsole.con>[    0.584156] pps_core: Software ver. 5.3.6 - Copyright 2005-2007 Rodolfo Giometti <giometti@linux.it>\\r\\n",
                "<board.serconsole.con>[    0.585148] PTP clock support registered\\r\\n",
                "<board.serconsole.con>[    0.586105] Registered efivars operations\\r\\n",
                "<board.serconsole.con>[    0.586239] PCI: Using ACPI for IRQ routing\\r\\n",
                "<board.serconsole.con>[    0.745266] PCI: Discovered peer bus ff\\r\\n",
                "<board.serconsole.con>[    0.746176] PCI host bridge to bus 0000:ff\\r\\n",
                "<board.serconsole.con>[    0.747146] pci_bus 0000:ff: root bus resource [io  0x0000-0xffff]\\r\\n",
                "<board.serconsole.con>[    0.748146] pci_bus 0000:ff: root bus resource [mem 0x00000000-0x3fffffffffff]\\r\\n",
                "<board.serconsole.con>[    0.749146] pci_bus 0000:ff: No busn resource found for root bus, will use [bus ff-ff]\\r\\n",
                "<board.serconsole.con>[    0.750146] pci_bus 0000:ff: busn_res: can not insert [bus ff] under domain [bus 00-ff] (conflicts with (null) [bus 00-ff])\\r\\n",
                "<board.serconsole.con>[    0.751267] pci 0000:ff:00.0: [8086:2c41] type 00 class 0x060000\\r\\n",
                "[board.mb.socket[0].qpi_arch spec-viol] Write to read-only register f0.command (value written = 0x406, contents = 0x6).",
                "<board.serconsole.con>[    0.753302] pci 0000:ff:00.1: [8086:2c01] type 00 class 0x060000\\r\\n",
                "[board.mb.socket[0].qpi_arch spec-viol] Write to read-only register f1.command (value written = 0x406, contents = 0x6).",
                "<board.serconsole.con>[    0.755923] pci_bus 0000:ff: busn_res: [bus ff] end is updated to ff\\r\\n",
                "<board.serconsole.con>[    0.756146] pci_bus 0000:ff: busn_res: can not insert [bus ff] under domain [bus 00-ff] (conflicts with (null) [bus 00-ff])\\r\\n",
                "<board.serconsole.con>[    0.758661] hpet0: at MMIO 0xfed00000, IRQs 2, 8, 0, 0, 0, 0, 0, 0\\r\\n",
                "<board.serconsole.con>[    0.759145] hpet0: 8 comparators, 64-bit 14.318180 MHz counter\\r\\n",
                "<board.serconsole.con>[    0.762266] clocksource: Switched to clocksource tsc-early\\r\\n",
                "<board.serconsole.con>[    0.766339] VFS: Disk quotas dquot_6.6.0\\r\\n",
                "<board.serconsole.con>[    0.767380] VFS: Dquot-cache hash table entries: 512 (order 0, 4096 bytes)\\r\\n",
                "<board.serconsole.con>[    0.769198] pnp: PnP ACPI init\\r\\n",
                "<board.serconsole.con>[    0.770342] pnp 00:01: disabling [io  0x0400-0x043f] because it overlaps 0000:00:1f.0 BAR 7 [io  0x0400-0x047f]\\r\\n",
                "<board.serconsole.con>[    0.772870] pnp 00:01: disabling [io  0x0440-0x044f] because it overlaps 0000:00:1f.0 BAR 7 [io  0x0400-0x047f]\\r\\n",
                "<board.serconsole.con>[    0.775486] system 00:01: [io  0x01e0-0x01ef] has been reserved\\r\\n",
                "<board.serconsole.con>[    0.776982] system 00:01: [io  0x0160-0x016f] has been reserved\\r\\n",
                "<board.serconsole.con>[    0.778547] system 00:01: [io  0x0278-0x027f] has been reserved\\r\\n",
                "<board.serconsole.con>[    0.780043] system 00:01: [io  0x0370-0x0371] has been reserved\\r\\n",
                "<board.serconsole.con>[    0.781608] system 00:01: [io  0x0378-0x037f] has been reserved\\r\\n",
                "<board.serconsole.con>[    0.783164] system 00:01: [io  0x0678-0x067f] has been reserved\\r\\n",
                "<board.serconsole.con>[    0.784680] system 00:01: [io  0x0778-0x077f] has been reserved\\r\\n",
                "<board.serconsole.con>[    0.786246] system 00:01: [mem 0xfec00000-0xfec00fff] could not be reserved\\r\\n",
                "<board.serconsole.con>[    0.787982] system 00:01: [mem 0xfee00000-0xfeefffff] has been reserved\\r\\n",
                "<board.serconsole.con>[    0.789759] pnp: PnP ACPI: found 6 devices\\r\\n",
                "<board.serconsole.con>[    0.800010] clocksource: acpi_pm: mask: 0xffffff max_cycles: 0xffffff, max_idle_ns: 2085701024 ns\\r\\n",
                "<board.serconsole.con>[    0.802343] NET: Registered PF_INET protocol family\\r\\n",
                "<board.serconsole.con>[    0.803608] IP idents hash table entries: 65536 (order: 7, 524288 bytes, linear)\\r\\n",
                "<board.serconsole.con>[    0.806458] tcp_listen_portaddr_hash hash table entries: 2048 (order: 3, 32768 bytes, linear)\\r\\n",
                "<board.serconsole.con>[    0.808641] Table-perturb hash table entries: 65536 (order: 6, 262144 bytes, linear)\\r\\n",
                "<board.serconsole.con>[    0.810628] TCP established hash table entries: 32768 (order: 6, 262144 bytes, linear)\\r\\n",
                "<board.serconsole.con>[    0.812721] TCP bind hash table entries: 32768 (order: 7, 524288 bytes, linear)\\r\\n",
                "<board.serconsole.con>[    0.814689] TCP: Hash tables configured (established 32768 bind 32768)\\r\\n",
                "<board.serconsole.con>[    0.816398] UDP hash table entries: 2048 (order: 4, 65536 bytes, linear)\\r\\n",
                "<board.serconsole.con>[    0.818085] UDP-Lite hash table entries: 2048 (order: 4, 65536 bytes, linear)\\r\\n",
                "<board.serconsole.con>[    0.819955] NET: Registered PF_UNIX/PF_LOCAL protocol family\\r\\n",
                "<board.serconsole.con>[    0.821664] pci 0000:00:01.0: PCI bridge to [bus 01]\\r\\n",
                "<board.serconsole.con>[    0.823199] pci 0000:00:02.0: PCI bridge to [bus 02]\\r\\n",
                "<board.serconsole.con>[    0.824654] pci 0000:00:03.0: PCI bridge to [bus 03]\\r\\n",
                "<board.serconsole.con>[    0.826189] pci 0000:00:04.0: PCI bridge to [bus 04]\\r\\n",
                "<board.serconsole.con>[    0.827643] pci 0000:00:05.0: PCI bridge to [bus 05]\\r\\n",
                "<board.serconsole.con>[    0.829158] pci 0000:00:07.0: PCI bridge to [bus 06]\\r\\n",
                "<board.serconsole.con>[    0.830634] pci 0000:00:1e.0: PCI bridge to [bus 07]\\r\\n",
                "<board.serconsole.con>[    0.832089] pci_bus 0000:00: resource 4 [io  0x0000-0x0cf7 window]\\r\\n",
                "<board.serconsole.con>[    0.833714] pci_bus 0000:00: resource 5 [io  0x0d00-0xffff window]\\r\\n",
                "<board.serconsole.con>[    0.835340] pci_bus 0000:00: resource 6 [mem 0x000a0000-0x000bffff window]\\r\\n",
                "<board.serconsole.con>[    0.837055] pci_bus 0000:00: resource 7 [mem 0xf0000000-0xfbffffff window]\\r\\n",
                "<board.serconsole.con>[    0.838841] pci_bus 0000:00: resource 8 [mem 0x800000000-0xaffffffff window]\\r\\n",
                "<board.serconsole.con>[    0.840668] pci_bus 0000:07: resource 4 [io  0x0000-0x0cf7 window]\\r\\n",
                "<board.serconsole.con>[    0.842293] pci_bus 0000:07: resource 5 [io  0x0d00-0xffff window]\\r\\n",
                "<board.serconsole.con>[    0.843849] pci_bus 0000:07: resource 6 [mem 0x000a0000-0x000bffff window]\\r\\n",
                "<board.serconsole.con>[    0.845635] pci_bus 0000:07: resource 7 [mem 0xf0000000-0xfbffffff window]\\r\\n",
                "<board.serconsole.con>[    0.847421] pci_bus 0000:07: resource 8 [mem 0x800000000-0xaffffffff window]\\r\\n",
                "<board.serconsole.con>[    0.849257] pci_bus 0000:ff: resource 4 [io  0x0000-0xffff]\\r\\n",
                "<board.serconsole.con>[    0.850672] pci_bus 0000:ff: resource 5 [mem 0x00000000-0x3fffffffffff]\\r\\n",
                "<board.serconsole.con>[    0.853209] PCI: CLS 0 bytes, default 64\\r\\n",
                "<board.serconsole.con>[    0.854284] clocksource: tsc: mask: 0xffffffffffffffff max_cycles: 0x172daa3a18b, max_idle_ns: 440795212390 ns\\r\\n",
                "<board.serconsole.con>[    0.856963] clocksource: Switched to clocksource tsc\\r\\n",
                "<board.serconsole.con>[    0.859717] workingset: timestamp_bits=52 max_order=20 bucket_order=0\\r\\n",
                "<board.serconsole.con>[    0.861705] fuse: init (API version 7.34)\\r\\n",
                "<board.serconsole.con>[    0.906277] Block layer SCSI generic (bsg) driver version 0.4 loaded (major 252)\\r\\n",
                "<board.serconsole.con>[    0.908205] io scheduler mq-deadline registered\\r\\n",
                "<board.serconsole.con>[    0.909369] io scheduler kyber registered\\r\\n",
                "<board.serconsole.con>[    0.911244] acpiphp_ibm: ibm_acpiphp_init: acpi_walk_namespace failed\\r\\n",
                "<board.serconsole.con>[    0.913015] Serial: 8250/16550 driver, 4 ports, IRQ sharing disabled\\r\\n",
                "<board.serconsole.con>[    0.914907] 00:04: ttyS0 at I/O 0x3f8 (irq = 4, base_baud = 115200) is a 16550A\\r\\n",
                "<board.serconsole.con>[    0.917057] 00:05: ttyS1 at I/O 0x2f8 (irq = 3, base_baud = 115200) is a 16550A\\r\\n",
                "<board.serconsole.con>[    0.919340] serial8250: ttyS2 at I/O 0x3e8 (irq = 4, base_baud = 115200) is a 16550A\\r\\n",
                "<board.serconsole.con>[    0.921641] serial8250: ttyS3 at I/O 0x2e8 (irq = 3, base_baud = 115200) is a 16550A\\r\\n",
                "<board.serconsole.con>[    0.923963] Linux agpgart interface v0.103\\r\\n",
                "<board.serconsole.con>[    0.927629] brd: module loaded\\r\\n",
                "<board.serconsole.con>[    0.929832] loop: module loaded\\r\\n",
                "<board.serconsole.con>[    0.930730] Loading iSCSI transport class v2.0-870.\\r\\n",
                "<board.serconsole.con>[    0.933340] ahci 0000:00:1f.2: SSS flag set, parallel bus scan disabled\\r\\n",
                "<board.serconsole.con>[    0.935029] ahci 0000:00:1f.2: AHCI 0001.0200 32 slots 6 ports 3 Gbps 0x3f impl SATA mode\\r\\n",
                "<board.serconsole.con>[    0.937156] ahci 0000:00:1f.2: flags: 64bit ncq sntf ilck stag pm led clo pmp pio slum part ccc ems \\r\\n",
                "<board.serconsole.con>[    0.940378] scsi host0: ahci\\r\\n",
                "<board.serconsole.con>[    0.941515] scsi host1: ahci\\r\\n",
                "<board.serconsole.con>[    0.942632] scsi host2: ahci\\r\\n",
                "<board.serconsole.con>[    0.943775] scsi host3: ahci\\r\\n",
                "<board.serconsole.con>[    0.944913] scsi host4: ahci\\r\\n",
                "<board.serconsole.con>[    0.946063] scsi host5: ahci\\r\\n",
                "<board.serconsole.con>[    0.946898] ata1: SATA max UDMA/133 abar m2048@0xf1020000 port 0xf1020100 irq 24\\r\\n",
                "<board.serconsole.con>[    0.948784] ata2: SATA max UDMA/133 abar m2048@0xf1020000 port 0xf1020180 irq 24\\r\\n",
                "<board.serconsole.con>[    0.950669] ata3: SATA max UDMA/133 abar m2048@0xf1020000 port 0xf1020200 irq 24\\r\\n",
                "<board.serconsole.con>[    0.952555] ata4: SATA max UDMA/133 abar m2048@0xf1020000 port 0xf1020280 irq 24\\r\\n",
                "<board.serconsole.con>[    0.954440] ata5: SATA max UDMA/133 abar m2048@0xf1020000 port 0xf1020300 irq 24\\r\\n",
                "<board.serconsole.con>[    0.956325] ata6: SATA max UDMA/133 abar m2048@0xf1020000 port 0xf1020380 irq 24\\r\\n",
                "<board.serconsole.con>[    0.958934] tun: Universal TUN/TAP device driver, 1.6\\r\\n",
                "<board.serconsole.con>[    0.960453] VFIO - User Level meta-driver version: 0.3\\r\\n",
                "<board.serconsole.con>[    0.961923] i8042: PNP: PS/2 Controller [PNP0303:PS2K,PNP0f03:PS2M] at 0x60,0x64 irq 1,12\\r\\n",
                "<board.serconsole.con>[    0.965256] serio: i8042 KBD port at 0x60,0x64 irq 1\\r\\n",
                "<board.serconsole.con>[    0.966541] serio: i8042 AUX port at 0x60,0x64 irq 12\\r\\n",
                "<board.serconsole.con>[    0.967934] mousedev: PS/2 mouse device common for all mice\\r\\n",
                "<board.serconsole.con>[    0.969859] NET: Registered PF_PACKET protocol family\\r\\n",
                "<board.serconsole.con>[    0.971896] IPI shorthand broadcast: enabled\\r\\n",
                "<board.serconsole.con>[    0.973027] sched_clock: Marking stable (670824320, 302125467)->(1130006483, -157056696)\\r\\n",
                "<board.serconsole.con>[    0.976581] input: AT Translated Set 2 keyboard as /devices/platform/i8042/serio0/input/input0\\r\\n",
                "<board.serconsole.con>[    1.422166] ata1: SATA link up 3.0 Gbps (SStatus 123 SControl 300)\\r\\n",
                "<board.serconsole.con>[    1.423714] ata1.00: ATA-4: Simics Turbo Harddrive, ALPHA1, max UDMA/33\\r\\n",
                "<board.serconsole.con>[    1.425359] ata1.00: 83886080 sectors, multi 0: LBA48 \\r\\n",
                "<board.serconsole.con>[    1.426635] ata1.00: applying bridge limits\\r\\n",
                "<board.serconsole.con>[    1.427754] ata1.00: configured for UDMA/33\\r\\n",
                "<board.serconsole.con>[    1.428976] scsi 0:0:0:0: Direct-Access     ATA      Simics Turbo Har A1   PQ: 0 ANSI: 5\\r\\n",
                "<board.serconsole.con>[    1.431551] sd 0:0:0:0: Attached scsi generic sg0 type 0\\r\\n",
                "<board.serconsole.con>[    1.431909] sd 0:0:0:0: [sda] 83886080 512-byte logical blocks: (42.9 GB/40.0 GiB)\\r\\n",
                "<board.serconsole.con>[    1.434788] sd 0:0:0:0: [sda] Write Protect is off\\r\\n",
                "<board.serconsole.con>[    1.436177] sd 0:0:0:0: [sda] Write cache: enabled, read cache: enabled, doesn't support DPO or FUA\\r\\n",
                "<board.serconsole.con>[    1.440636]  sda: sda1 sda14 sda15\\r\\n",
                "<board.serconsole.con>[    1.442457] sd 0:0:0:0: [sda] Attached SCSI disk\\r\\n",
                "<board.serconsole.con>[    1.894166] ata2: SATA link up 3.0 Gbps (SStatus 123 SControl 300)\\r\\n",
                "<board.serconsole.con>[    1.895734] ata2.00: ATAPI: Simics Turbo CD-ROM, ALPHA1, max UDMA/33\\r\\n",
                "<board.serconsole.con>[    1.897351] ata2.00: applying bridge limits\\r\\n",
                "<board.serconsole.con>[    1.898489] ata2.00: configured for UDMA/33\\r\\n",
                "<board.serconsole.con>[    1.899689] scsi 1:0:0:0: CD-ROM            VTAB     Turbo CD-ROM     R0   PQ: 0 ANSI: 5\\r\\n",
                "<board.serconsole.con>[    1.921282] sr 1:0:0:0: [sr0] scsi3-mmc drive: 4x/4x cd/rw xa/form2 cdda tray\\r\\n",
                "<board.serconsole.con>[    1.923027] cdrom: Uniform CD-ROM driver Revision: 3.20\\r\\n",
                "<board.serconsole.con>[    1.941543] sr 1:0:0:0: Attached scsi generic sg1 type 5\\r\\n",
                "<board.serconsole.con>[    2.406166] ata3: SATA link up 3.0 Gbps (SStatus 123 SControl 300)\\r\\n",
                "<board.serconsole.con>[    2.407714] ata3.00: ATA-4: Simics Turbo Harddrive, ALPHA1, max UDMA/33\\r\\n",
                "<board.serconsole.con>[    2.409369] ata3.00: 16777216 sectors, multi 0: LBA48 \\r\\n",
                "<board.serconsole.con>[    2.410644] ata3.00: applying bridge limits\\r\\n",
                "<board.serconsole.con>[    2.411773] ata3.00: configured for UDMA/33\\r\\n",
                "<board.serconsole.con>[    2.413005] scsi 2:0:0:0: Direct-Access     ATA      Simics Turbo Har A1   PQ: 0 ANSI: 5\\r\\n",
                "<board.serconsole.con>[    2.415548] sd 2:0:0:0: Attached scsi generic sg2 type 0\\r\\n",
                "<board.serconsole.con>[    2.415889] sd 2:0:0:0: [sdb] 16777216 512-byte logical blocks: (8.59 GB/8.00 GiB)\\r\\n",
                "<board.serconsole.con>[    2.418808] sd 2:0:0:0: [sdb] Write Protect is off\\r\\n",
                "<board.serconsole.con>[    2.420177] sd 2:0:0:0: [sdb] Write cache: enabled, read cache: enabled, doesn't support DPO or FUA\\r\\n",
                "<board.serconsole.con>[    2.424042] sd 2:0:0:0: [sdb] Attached SCSI disk\\r\\n",
                "<board.serconsole.con>[    2.724166] ata4: SATA link down (SStatus 0 SControl 300)\\r\\n",
                "<board.serconsole.con>[    3.036166] ata5: SATA link down (SStatus 0 SControl 300)\\r\\n",
                "<board.serconsole.con>[    3.348166] ata6: SATA link down (SStatus 0 SControl 300)\\r\\n",
                "<board.serconsole.con>[    3.351932] EXT4-fs (sda1): mounted filesystem with ordered data mode. Opts: (null). Quota mode: none.\\r\\n",
                "<board.serconsole.con>[    3.354232] VFS: Mounted root (ext4 filesystem) on device 8:1.\\r\\n",
                "<board.serconsole.con>[    3.355760] devtmpfs: mounted\\r\\n",
                "<board.serconsole.con>[    3.356784] Freeing unused kernel image (initmem) memory: 1924K\\r\\n",
                "<board.serconsole.con>[    3.363166] Write protecting the kernel read-only data: 14336k\\r\\n",
                "<board.serconsole.con>[    3.365013] Freeing unused kernel image (text/rodata gap) memory: 2040K\\r\\n",
                "<board.serconsole.con>[    3.366841] Freeing unused kernel image (rodata/data gap) memory: 1876K\\r\\n",
                "<board.serconsole.con>[    3.368496] rodata_test: all tests were successful\\r\\n",
                "<board.serconsole.con>[    3.369691] Run /home/ubuntu/guestinit.sh as init process\\r\\n",
                "<board.serconsole.con>+ export HOME=/root\\r\\n",
                "<board.serconsole.con>+ export LANG=en_US\\r\\n",
                "<board.serconsole.con>+ export PATH=/usr/local/sbin:/usr/local/bin:/usr/sbin:/usr/bin:/sbin:/bin:/usr/games:/usr/local/games\\r\\n",
                "<board.serconsole.con>+ mount -t proc proc /proc\\r\\n",
                "<board.serconsole.con>+ mount -t sysfs sysfs /sys\\r\\n",
                "<board.serconsole.con>+ export PYTHONPATH=/root/tvm/python:\\r\\n",
                "<board.serconsole.con>+ export PYTHONPATH=/root/tvm/vta/python:/root/tvm/python:\\r\\n",
                "<board.serconsole.con>+ export MXNET_HOME=/root/mxnet\\r\\n",
                "<board.serconsole.con>+ ip link set lo up\\r\\n",
                "<board.serconsole.con>+ ip addr add 127.0.0.1/8 dev lo\\r\\n",
                "<board.serconsole.con>RTNETLINK answers: File exists\\r\\n",
                "<board.serconsole.con>+ echo 1\\r\\n",
                "<board.serconsole.con>+ echo dead beef\\r\\n",
                "<board.serconsole.con>+ echo {\"TARGET\" : \"simbricks-pci\", \"HW_VER\" : \"0.0.2\", \"LOG_INP_WIDTH\" : 3, \"LOG_WGT_WIDTH\" : 3, \"LOG_ACC_WIDTH\" : 5, \"LOG_BATCH\" : 0, \"LOG_BLOCK\" : 4, \"LOG_UOP_BUFF_SIZE\" : 15, \"LOG_INP_BUFF_SIZE\" : 15, \"LOG_WGT_BUFF_SIZE\" : 18, \"LOG_ACC_BUFF_SIZE\" : 17 }\\r\\n",
                "<board.serconsole.con>+ echo ready to checkpoint\\r\\n",
                "<board.serconsole.con>ready to checkpoint\\r\\n",
                "<board.serconsole.con>+ sleep 6\\r\\n",
                "<board.serconsole.con>+ VTA_DEVICE=0000:00:02.0 python3 -m vta.exec.rpc_server\\r\\n",
                "<board.serconsole.con>2024-09-13 10:05:09.208 INFO bind to 0.0.0.0:9091\\r\\n",
                "<board.serconsole.con>+ export VTA_RPC_HOST=127.0.0.1\\r\\n",
                "<board.serconsole.con>+ export VTA_RPC_PORT=9091\\r\\n",
                "<board.serconsole.con>+ python3 /tmp/guest/deploy_classification-infer.py /root/mxnet cpu resnet34_v1 /tmp/guest/cat.jpg 4 1 1\\r\\n",
                "<board.serconsole.con>2024-09-13 10:05:14.045 INFO connected from ('127.0.0.1', 49440)\\r\\n",
                "<board.serconsole.con>2024-09-13 10:05:14.046 INFO start serving at /tmp/tmpodh2lr7l\\r\\n",
                "<board.serconsole.con>INFO:root:Loading VTA library: /root/tvm/vta/python/vta/../../../build/libvta.so\\r\\n",
                "<board.serconsole.con>2024-09-13 10:05:18.024 INFO load_module /tmp/tmpodh2lr7l/graphlib-resnet34_v1-cpu.so\\r\\n",
                "<board.serconsole.con>Rep 0: Requesting remote device 6_042_114 ns\\r\\n",
                "<board.serconsole.con>Rep 0: Sending and loading model 3_976_987_910 ns\\r\\n",
                "<board.serconsole.con>Rep 0: Pure inference duration 2_347_397_910 ns\\r\\n",
                "<board.serconsole.con>Rep 0: End-to-end latency: 6_343_295_890 ns\\r\\n",
                "<board.serconsole.con>simbricks-pci: initializing allocator\\r\\n",
                "<board.serconsole.con>\\r\\n",
                "<board.serconsole.con>prediction for sample 0\\r\\n",
                "<board.serconsole.con>\\t#1:tiger cat 11.184077262878418\\r\\n",
                "<board.serconsole.con>\\t#2:tabby, tabby cat 10.17128849029541\\r\\n",
                "<board.serconsole.con>\\t#3:Egyptian cat 9.368877410888672\\r\\n",
                "<board.serconsole.con>\\t#4:tennis ball 8.536852836608887\\r\\n",
                "<board.serconsole.con>\\t#5:lynx, catamount 8.445554733276367\\r\\n",
                "<board.serconsole.con>simbricks-pci: allocator initialized\\r\\n",
                "<board.serconsole.con>vfio_init: failed to open vfio group.\\r\\n",
                "<board.serconsole.con>vfio init failed\\r\\n",
                "<board.serconsole.con>2024-09-13 10:05:20.426 INFO finish serving ('127.0.0.1', 49440)\\r\\n",
                "<board.serconsole.con>+ poweroff -f\\r\\n",
                "<board.serconsole.con>Powering off.\\r\\n",
                "<board.serconsole.con>[   16.909485] sd 2:0:0:0: [sdb] Synchronizing SCSI cache\\r\\n",
                "<board.serconsole.con>[   16.910811] sd 2:0:0:0: [sdb] Stopping disk\\r\\n",
                "<board.serconsole.con>[   16.911917] sd 0:0:0:0: [sda] Synchronizing SCSI cache\\r\\n",
                "<board.serconsole.con>[   16.913273] sd 0:0:0:0: [sda] Stopping disk\\r\\n",
                "<board.serconsole.con>[   16.914553] ACPI: PM: Preparing to enter system sleep state S5\\r\\n",
                "<board.serconsole.con>[   16.916062] reboot: Power down\\r\\n",
                "[board.mb.sb.lpc.bank.acpi_io_regs unimpl] Sleep state is unimplemented"
            ],
            "stderr": [
                "*** [frontend] When raising SimExc_General 'No class crypto_engine_aes found' at /disk2/mp/builds/mono-145027/core/src/core/common/configuration.c:1393:",
                "[frontend] Previous exception (SimExc_General 'No class crypto_engine_aes found' at /disk2/mp/builds/mono-145027/core/src/core/common/configuration.c:1393) not cleared",
                "*** The finalize_instance() method in the board.mb.cpu0.core[0][0] object left an uncleared frontend exception: No class crypto_engine_aes found"
            ]
        },
        "dev..": {
            "class": "VTADev",
            "cmd": [
                "/local/jkaufman/simbricks/sims/external/vta/simbricks/vta_simbricks-4x32",
                "/local/jkaufman/simbricks/experiments/out/classify_simple-resnet34_v1-cpu-simics-4-100-1x16/1/dev.pci..",
                "/local/jkaufman/simbricks/experiments/out/classify_simple-resnet34_v1-cpu-simics-4-100-1x16/1/dev.shm..",
                "60000000000000",
                "500",
                "500",
                "800"
            ],
            "stdout": [],
            "stderr": []
        }
    }
}