{
    "exp_name": "classify_simple-resnet34_v1-vta-simics-1-400-1x16",
    "start_time": 1726219068.151999,
    "end_time": 1726221519.4884408,
    "success": true,
    "interrupted": false,
    "metadata": {},
    "sims": {
        "dev..": {
            "class": "VTADev",
            "cmd": [
                "/local/jkaufman/simbricks/sims/external/vta/simbricks/vta_simbricks-1x16",
                "/local/jkaufman/simbricks/experiments/out/classify_simple-resnet34_v1-vta-simics-1-400-1x16/1/dev.pci..",
                "/local/jkaufman/simbricks/experiments/out/classify_simple-resnet34_v1-vta-simics-1-400-1x16/1/dev.shm..",
                "63000000000000",
                "500",
                "500",
                "400"
            ],
            "stdout": [
                "vta_simbricks sync_pci=1"
            ],
            "stderr": []
        },
        "host.": {
            "class": "SimicsHost",
            "cmd": [
                "/local/jkaufman/simbricks/sims/external/simics/project/simics",
                "-q",
                "-batch-mode",
                "-e",
                "run-command-file /local/jkaufman/simbricks/sims/external/simics/project/targets/qsp-x86/qsp-modern-core.simics disk0_image = /local/jkaufman/simbricks/images/output-vta_classification-simics/vta_classification-simics.raw disk1_image = /local/jkaufman/simbricks/experiments/out/classify_simple-resnet34_v1-vta-simics-1-400-1x16/1/cfg..tar cpu_comp_class = x86-cooper-lake freq_mhz = 4000 num_cores = 1 num_threads = 1 memory_megs = 4096 create_network = FALSE",
                "-e",
                "set-time-quantum seconds = 0.000000500",
                "-e",
                "load-module simbricks_pcie_comp",
                "-e",
                "$pci = (create-simbricks-pcie-comp socket = \"/local/jkaufman/simbricks/experiments/out/classify_simple-resnet34_v1-vta-simics-1-400-1x16/1/dev.pci..\" pci_latency = 500 sync_period = 500 start_ts = 63000000000000)",
                "-e",
                "connect board.mb.nb.pci_slot[0] $pci.pci_bus",
                "-e",
                "instantiate-components",
                "-e",
                "bp.log.break object=board.mb.sb.lpc.bank.acpi_io_regs substr=\"Sleep state is unimplemented\" type=unimpl",
                "-e",
                "run"
            ],
            "stdout": [
                "[board.mb.cpu0.core[0][0] error] Cannot create cryptographic objects. Cryptographic Library (Simics package 4030) is required for simulation of SGX technology. Disabling it.",
                "[board.mb.cpu0.core[0][0] error] Cannot create cryptographic objects. Cryptographic Library is required for simulation of BIOS Guard technology.",
                "[board.mb.cpu0.core[0][0] info] VMP disabled. Failed to open device.",
                "",
                "WARNING: Simics failed to enable VMP. Enabling VMP substantially improves",
                "         simulation performance. The problem is most likely caused by the",
                "         vmxmon kernel module not being properly installed or updated.",
                "         See the \"Simics User's Guide\", the \"Performance\" section,",
                "         for instructions how to setup VMP.",
                "",
                "[simbricks_pcie0.simbricks_pcie_dev info] (WARNING) simbricks_timer_poll: expected_pts=63000000525000 cur_pts=0",
                "[board.mb.sb.lpc.bank.cs_conf unimpl] Write to unimplemented field cs_conf.oic.aen (0x31ff) (value written = 0x01, contents = 0x00), will not warn again.",
                "[board.mb.sb.lpc.bank.acpi_io_regs unimpl] Write to unimplemented field acpi_io_regs.smi_en.EOS (0x30) (value written = 0x00000001, contents = 0x00000000), will not warn again.",
                "[board.mb.sb.spi.bank.spi_regs spec-viol] Write to read-only field spi_regs.hsfsts.fdv (value written = 0x0000, contents = 0x0001).",
                "[board.mb.sb.thermal.bank.pci_config spec-viol] Enabling bus master, but this device doesn't support it",
                "[board.mb.sb.lan.bank.csr unimpl] Read from unimplemented register csr.extcnf_ctrl (0x00000f00) (contents = 0x00000000).",
                "[board.mb.sb.lan.bank.csr unimpl] Write to unimplemented register csr.extcnf_ctrl (0xf00) (value written = 0x00000020).",
                "[board.mb.sb.lan.bank.csr unimpl] Write to unimplemented field csr.tctl.rrthresh (0x400) (value written = 0x00000000, contents = 0x00000001), will not warn again.",
                "[board.mb.sb.lan.bank.csr unimpl] Read from unimplemented register csr.fwsm_s (0x00005b54) (contents = 0x00000000).",
                "[board.mb.sb.lan.bank.csr unimpl] Write to unimplemented register csr.strap (0xc) (value written = 0x00008086).",
                "[board.mb.sb.lan.bank.csr spec-viol] Read from poorly or non-documented register csr.dummy_3004 (contents = 0).",
                "[board.mb.sb.lan.bank.csr spec-viol] Write to poorly or non-documented register csr.dummy_3004 (value written = 0x50000, contents = 0).",
                "[board.mb.sb.phy unimpl] Write to unimplemented register mii_regs.vendor_specific[15] (value written = 0x6094, contents = 0).",
                "[board.mb.sb.phy unimpl] Read from unimplemented register mii_regs.vendor_specific[4] (contents = 0).",
                "[board.mb.sb.phy unimpl] Write to unimplemented register mii_regs.vendor_specific[4] (value written = 0, contents = 0).",
                "[board.mb.sb.lan.bank.csr spec-viol] writing 0 to count is not allowed",
                "[board.mb.sb.lan.bank.csr spec-viol] writing 0 to count is not allowed",
                "[board.mb.sb.lan.bank.csr unimpl] Read from unimplemented register csr.eec (0x00000010) (contents = 0x00000000).",
                "[board.mb.sb.lan.bank.csr unimpl] Read from unimplemented register csr.ledctl (0x00000e00) (contents = 0x00000000).",
                "[board.mb.sb.lan.bank.csr unimpl] Write to unimplemented field csr.tx_queue[0].txdctl.pthresh (0x3828) (value written = 0x0000001f, contents = 0x00000000), will not warn again.",
                "[board.mb.sb.lan.bank.csr unimpl] Write to unimplemented field csr.tx_queue[0].txdctl.wthresh (0x3828) (value written = 0x00000001, contents = 0x00000000), will not warn again.",
                "[board.mb.sb.lan.bank.csr unimpl] Write to unimplemented field csr.tx_queue[0].txdctl.gran (0x3828) (value written = 0x00000001, contents = 0x00000000), will not warn again.",
                "[board.mb.sb.lan.bank.csr unimpl] Write to unimplemented field csr.tx_queue[1].txdctl.pthresh (0x3928) (value written = 0x0000001f, contents = 0x00000000), will not warn again.",
                "[board.mb.sb.lan.bank.csr unimpl] Write to unimplemented field csr.tx_queue[1].txdctl.wthresh (0x3928) (value written = 0x00000001, contents = 0x00000000), will not warn again.",
                "[board.mb.sb.lan.bank.csr unimpl] Write to unimplemented field csr.tx_queue[1].txdctl.gran (0x3928) (value written = 0x00000001, contents = 0x00000000), will not warn again.",
                "[board.mb.sb.lan.bank.csr spec-viol] Read from poorly or non-documented register csr.dummy_5b00 (contents = 0).",
                "[board.mb.sb.lan.bank.csr spec-viol] Write to poorly or non-documented register csr.dummy_5b00 (value written = 0xffffffc0, contents = 0).",
                "[board.mb.sb.lan.bank.csr spec-viol] Read from poorly or non-documented register csr.sec (contents = 0).",
                "[board.mb.sb.lan.bank.csr spec-viol] writing 0 to count is not allowed",
                "[board.mb.sb.lan.bank.csr spec-viol] writing 0 to count is not allowed",
                "[board.mb.sb.lan spec-viol] access to reserved register at offset 0x280c in CSR bank",
                "[board.mb.sb.lan.bank.csr unimpl] Write to unimplemented register csr.h2me (0x5b50) (value written = 0x00000000).",
                "<board.serconsole.con>[    0.000000] Linux version 5.15.93 (jkaufman@swsnetlab09) (gcc (Debian 10.2.1-6) 10.2.1 20210110, GNU ld (GNU Binutils for Debian) 2.35.2) #1 SMP Tue Aug 13 22:35:17 CEST 2024\\r\\n",
                "<board.serconsole.con>[    0.000000] Command line: BOOT_IMAGE=/boot/vmlinuz-5.15.93 root=PARTUUID=dfa96477-2762-4716-add2-a5188ecccecb ro console=tty1 console=ttyS0 init=/home/ubuntu/guestinit.sh memmap=512M!1G rw\\r\\n",
                "<board.serconsole.con>[    0.000000] x86/fpu: Supporting XSAVE feature 0x001: 'x87 floating point registers'\\r\\n",
                "<board.serconsole.con>[    0.000000] x86/fpu: Supporting XSAVE feature 0x002: 'SSE registers'\\r\\n",
                "<board.serconsole.con>[    0.000000] x86/fpu: Supporting XSAVE feature 0x004: 'AVX registers'\\r\\n",
                "<board.serconsole.con>[    0.000000] x86/fpu: Supporting XSAVE feature 0x008: 'MPX bounds registers'\\r\\n",
                "<board.serconsole.con>[    0.000000] x86/fpu: Supporting XSAVE feature 0x010: 'MPX CSR'\\r\\n",
                "<board.serconsole.con>[    0.000000] x86/fpu: Supporting XSAVE feature 0x020: 'AVX-512 opmask'\\r\\n",
                "<board.serconsole.con>[    0.000000] x86/fpu: Supporting XSAVE feature 0x040: 'AVX-512 Hi256'\\r\\n",
                "<board.serconsole.con>[    0.000000] x86/fpu: Supporting XSAVE feature 0x080: 'AVX-512 ZMM_Hi256'\\r\\n",
                "<board.serconsole.con>[    0.000000] x86/fpu: Supporting XSAVE feature 0x200: 'Protection Keys User registers'\\r\\n",
                "<board.serconsole.con>[    0.000000] x86/fpu: xstate_offset[2]:  576, xstate_sizes[2]:  256\\r\\n",
                "<board.serconsole.con>[    0.000000] x86/fpu: xstate_offset[3]:  832, xstate_sizes[3]:   64\\r\\n",
                "<board.serconsole.con>[    0.000000] x86/fpu: xstate_offset[4]:  896, xstate_sizes[4]:   64\\r\\n",
                "<board.serconsole.con>[    0.000000] x86/fpu: xstate_offset[5]:  960, xstate_sizes[5]:   64\\r\\n",
                "<board.serconsole.con>[    0.000000] x86/fpu: xstate_offset[6]: 1024, xstate_sizes[6]:  512\\r\\n",
                "<board.serconsole.con>[    0.000000] x86/fpu: xstate_offset[7]: 1536, xstate_sizes[7]: 1024\\r\\n",
                "<board.serconsole.con>[    0.000000] x86/fpu: xstate_offset[9]: 2560, xstate_sizes[9]:    8\\r\\n",
                "<board.serconsole.con>[    0.000000] x86/fpu: Enabled xstate features 0x2ff, context size is 2568 bytes, using 'compacted' format.\\r\\n",
                "<board.serconsole.con>[    0.000000] signal: max sigframe size: 3632\\r\\n",
                "<board.serconsole.con>[    0.000000] BIOS-provided physical RAM map:\\r\\n",
                "<board.serconsole.con>[    0.000000] BIOS-e820: [mem 0x0000000000000000-0x000000000009efff] usable\\r\\n",
                "<board.serconsole.con>[    0.000000] BIOS-e820: [mem 0x000000000009f000-0x000000000009ffff] reserved\\r\\n",
                "<board.serconsole.con>[    0.000000] BIOS-e820: [mem 0x0000000000100000-0x0000000000806fff] usable\\r\\n",
                "<board.serconsole.con>[    0.000000] BIOS-e820: [mem 0x0000000000807000-0x0000000000807fff] ACPI NVS\\r\\n",
                "<board.serconsole.con>[    0.000000] BIOS-e820: [mem 0x0000000000808000-0x000000000080ffff] usable\\r\\n",
                "<board.serconsole.con>[    0.000000] BIOS-e820: [mem 0x0000000000810000-0x0000000000817fff] ACPI NVS\\r\\n",
                "<board.serconsole.con>[    0.000000] BIOS-e820: [mem 0x0000000000818000-0x000000000081ffff] usable\\r\\n",
                "<board.serconsole.con>[    0.000000] BIOS-e820: [mem 0x0000000000820000-0x000000000150ffff] ACPI NVS\\r\\n",
                "<board.serconsole.con>[    0.000000] BIOS-e820: [mem 0x0000000001510000-0x00000000dda0bfff] usable\\r\\n",
                "<board.serconsole.con>[    0.000000] BIOS-e820: [mem 0x00000000dda0c000-0x00000000dda0cfff] reserved\\r\\n",
                "<board.serconsole.con>[    0.000000] BIOS-e820: [mem 0x00000000dda0d000-0x00000000dda42fff] usable\\r\\n",
                "<board.serconsole.con>[    0.000000] BIOS-e820: [mem 0x00000000dda43000-0x00000000dda4afff] reserved\\r\\n",
                "<board.serconsole.con>[    0.000000] BIOS-e820: [mem 0x00000000dda4b000-0x00000000dda59fff] usable\\r\\n",
                "<board.serconsole.con>[    0.000000] BIOS-e820: [mem 0x00000000dda5a000-0x00000000dda5afff] ACPI data\\r\\n",
                "<board.serconsole.con>[    0.000000] BIOS-e820: [mem 0x00000000dda5b000-0x00000000dde15fff] usable\\r\\n",
                "<board.serconsole.con>[    0.000000] BIOS-e820: [mem 0x00000000dde16000-0x00000000dde3efff] reserved\\r\\n",
                "<board.serconsole.con>[    0.000000] BIOS-e820: [mem 0x00000000dde3f000-0x00000000dde42fff] usable\\r\\n",
                "<board.serconsole.con>[    0.000000] BIOS-e820: [mem 0x00000000dde43000-0x00000000dde44fff] reserved\\r\\n",
                "<board.serconsole.con>[    0.000000] BIOS-e820: [mem 0x00000000dde45000-0x00000000dded2fff] usable\\r\\n",
                "<board.serconsole.con>[    0.000000] BIOS-e820: [mem 0x00000000dded3000-0x00000000dded3fff] ACPI data\\r\\n",
                "<board.serconsole.con>[    0.000000] BIOS-e820: [mem 0x00000000dded4000-0x00000000ddf14fff] reserved\\r\\n",
                "<board.serconsole.con>[    0.000000] BIOS-e820: [mem 0x00000000ddf15000-0x00000000ddf15fff] ACPI data\\r\\n",
                "<board.serconsole.con>[    0.000000] BIOS-e820: [mem 0x00000000ddf16000-0x00000000ddf19fff] reserved\\r\\n",
                "<board.serconsole.con>[    0.000000] BIOS-e820: [mem 0x00000000ddf1a000-0x00000000def99fff] usable\\r\\n",
                "<board.serconsole.con>[    0.000000] BIOS-e820: [mem 0x00000000def9a000-0x00000000deff1fff] reserved\\r\\n",
                "<board.serconsole.con>[    0.000000] BIOS-e820: [mem 0x00000000deff2000-0x00000000deff9fff] ACPI data\\r\\n",
                "<board.serconsole.con>[    0.000000] BIOS-e820: [mem 0x00000000deffa000-0x00000000deffdfff] ACPI NVS\\r\\n",
                "<board.serconsole.con>[    0.000000] BIOS-e820: [mem 0x00000000deffe000-0x00000000df57ffff] usable\\r\\n",
                "<board.serconsole.con>[    0.000000] BIOS-e820: [mem 0x00000000df580000-0x00000000df7fffff] ACPI NVS\\r\\n",
                "<board.serconsole.con>[    0.000000] BIOS-e820: [mem 0x00000000df800000-0x00000000efffffff] reserved\\r\\n",
                "<board.serconsole.con>[    0.000000] NX (Execute Disable) protection: active\\r\\n",
                "<board.serconsole.con>[    0.000000] user-defined physical RAM map:\\r\\n",
                "<board.serconsole.con>[    0.000000] user: [mem 0x0000000000000000-0x000000000009efff] usable\\r\\n",
                "<board.serconsole.con>[    0.000000] user: [mem 0x000000000009f000-0x000000000009ffff] reserved\\r\\n",
                "<board.serconsole.con>[    0.000000] user: [mem 0x0000000000100000-0x0000000000806fff] usable\\r\\n",
                "<board.serconsole.con>[    0.000000] user: [mem 0x0000000000807000-0x0000000000807fff] ACPI NVS\\r\\n",
                "<board.serconsole.con>[    0.000000] user: [mem 0x0000000000808000-0x000000000080ffff] usable\\r\\n",
                "<board.serconsole.con>[    0.000000] user: [mem 0x0000000000810000-0x0000000000817fff] ACPI NVS\\r\\n",
                "<board.serconsole.con>[    0.000000] user: [mem 0x0000000000818000-0x000000000081ffff] usable\\r\\n",
                "<board.serconsole.con>[    0.000000] user: [mem 0x0000000000820000-0x000000000150ffff] ACPI NVS\\r\\n",
                "<board.serconsole.con>[    0.000000] user: [mem 0x0000000001510000-0x000000003fffffff] usable\\r\\n",
                "<board.serconsole.con>[    0.000000] user: [mem 0x0000000040000000-0x000000005fffffff] persistent (type 12)\\r\\n",
                "<board.serconsole.con>[    0.000000] user: [mem 0x0000000060000000-0x00000000dda0bfff] usable\\r\\n",
                "<board.serconsole.con>[    0.000000] user: [mem 0x00000000dda0c000-0x00000000dda0cfff] reserved\\r\\n",
                "<board.serconsole.con>[    0.000000] user: [mem 0x00000000dda0d000-0x00000000dda42fff] usable\\r\\n",
                "<board.serconsole.con>[    0.000000] user: [mem 0x00000000dda43000-0x00000000dda4afff] reserved\\r\\n",
                "<board.serconsole.con>[    0.000000] user: [mem 0x00000000dda4b000-0x00000000dda59fff] usable\\r\\n",
                "<board.serconsole.con>[    0.000000] user: [mem 0x00000000dda5a000-0x00000000dda5afff] ACPI data\\r\\n",
                "<board.serconsole.con>[    0.000000] user: [mem 0x00000000dda5b000-0x00000000dde15fff] usable\\r\\n",
                "<board.serconsole.con>[    0.000000] user: [mem 0x00000000dde16000-0x00000000dde3efff] reserved\\r\\n",
                "<board.serconsole.con>[    0.000000] user: [mem 0x00000000dde3f000-0x00000000dde42fff] usable\\r\\n",
                "<board.serconsole.con>[    0.000000] user: [mem 0x00000000dde43000-0x00000000dde44fff] reserved\\r\\n",
                "<board.serconsole.con>[    0.000000] user: [mem 0x00000000dde45000-0x00000000dded2fff] usable\\r\\n",
                "<board.serconsole.con>[    0.000000] user: [mem 0x00000000dded3000-0x00000000dded3fff] ACPI data\\r\\n",
                "<board.serconsole.con>[    0.000000] user: [mem 0x00000000dded4000-0x00000000ddf14fff] reserved\\r\\n",
                "<board.serconsole.con>[    0.000000] user: [mem 0x00000000ddf15000-0x00000000ddf15fff] ACPI data\\r\\n",
                "<board.serconsole.con>[    0.000000] user: [mem 0x00000000ddf16000-0x00000000ddf19fff] reserved\\r\\n",
                "<board.serconsole.con>[    0.000000] user: [mem 0x00000000ddf1a000-0x00000000def99fff] usable\\r\\n",
                "<board.serconsole.con>[    0.000000] user: [mem 0x00000000def9a000-0x00000000deff1fff] reserved\\r\\n",
                "<board.serconsole.con>[    0.000000] user: [mem 0x00000000deff2000-0x00000000deff9fff] ACPI data\\r\\n",
                "<board.serconsole.con>[    0.000000] user: [mem 0x00000000deffa000-0x00000000deffdfff] ACPI NVS\\r\\n",
                "<board.serconsole.con>[    0.000000] user: [mem 0x00000000deffe000-0x00000000df57ffff] usable\\r\\n",
                "<board.serconsole.con>[    0.000000] user: [mem 0x00000000df580000-0x00000000df7fffff] ACPI NVS\\r\\n",
                "<board.serconsole.con>[    0.000000] user: [mem 0x00000000df800000-0x00000000efffffff] reserved\\r\\n",
                "<board.serconsole.con>[    0.000000] efi: EFI v2.70 by EDK II\\r\\n",
                "<board.serconsole.con>[    0.000000] efi: ACPI=0xdeff9000 ACPI 2.0=0xdeff9014 \\r\\n",
                "<board.serconsole.con>[    0.000000] DMI not present or invalid.\\r\\n",
                "<board.serconsole.con>[    0.000000] tsc: calibrated TSC: tsc_freq=4000000\\r\\n",
                "<board.serconsole.con>[    0.000000] tsc: Detected 1608.000 MHz processor\\r\\n",
                "<board.serconsole.con>[    0.000104] last_pfn = 0xdf580 max_arch_pfn = 0x400000000\\r\\n",
                "<board.serconsole.con>[    0.000116] x86/PAT: Configuration [0-7]: WB  WC  UC- UC  WB  WP  UC- WT  \\r\\n",
                "<board.serconsole.con>[    0.001071] Using GB pages for direct mapping\\r\\n",
                "<board.serconsole.con>[    0.005843] Secure boot disabled\\r\\n",
                "<board.serconsole.con>[    0.005854] ACPI: Early table checksum verification disabled\\r\\n",
                "<board.serconsole.con>[    0.005865] ACPI: RSDP 0x00000000DEFF9014 000024 (v02 INTEL )\\r\\n",
                "<board.serconsole.con>[    0.005898] ACPI: XSDT 0x00000000DEFF80E8 00005C (v01 INTEL  S2600WF  00000000 INTL 20091013)\\r\\n",
                "<board.serconsole.con>[    0.005931] ACPI: FACP 0x00000000DEFF5000 00010C (v05 INTEL  S2600WF  00000000 INTL 20091013)\\r\\n",
                "<board.serconsole.con>[    0.005965] ACPI BIOS Warning (bug): Optional FADT field Gpe0Block has valid Address but zero Length: 0x0000000000000420/0x0 (20210730/tbfadt-615)\\r\\n",
                "<board.serconsole.con>[    0.005999] ACPI: DSDT 0x00000000DEFF6000 001836 (v01 INTEL  SIMICS   00000004 INTL 20200925)\\r\\n",
                "<board.serconsole.con>[    0.006033] ACPI: FACS 0x00000000DEFFB000 000040\\r\\n",
                "<board.serconsole.con>[    0.006066] ACPI: HPET 0x00000000DEFF4000 000038 (v01 INTEL  S2600WF  00000001 INTL 20091013)\\r\\n",
                "<board.serconsole.con>[    0.006099] ACPI: WSMT 0x00000000DEFF3000 000028 (v01 INTEL  S2600WF  00000001 INTL 20091013)\\r\\n",
                "<board.serconsole.con>[    0.006133] ACPI: APIC 0x00000000DEFF2000 000066 (v03 INTEL  S2600WF  00000000      00000000)\\r\\n",
                "<board.serconsole.con>[    0.006167] ACPI: MCFG 0x00000000DDED3000 00003C (v01 INTEL  S2600WF  00000000      00000000)\\r\\n",
                "<board.serconsole.con>[    0.006200] ACPI: FPDT 0x00000000DDF15000 000044 (v01 INTEL  S2600WF  00000002 INTL 20091013)\\r\\n",
                "<board.serconsole.con>[    0.006234] ACPI: BGRT 0x00000000DDA5A000 000038 (v01 INTEL  S2600WF  00000002 INTL 20091013)\\r\\n",
                "<board.serconsole.con>[    0.006267] ACPI: Reserving FACP table memory at [mem 0xdeff5000-0xdeff510b]\\r\\n",
                "<board.serconsole.con>[    0.006279] ACPI: Reserving DSDT table memory at [mem 0xdeff6000-0xdeff7835]\\r\\n",
                "<board.serconsole.con>[    0.006291] ACPI: Reserving FACS table memory at [mem 0xdeffb000-0xdeffb03f]\\r\\n",
                "<board.serconsole.con>[    0.006303] ACPI: Reserving HPET table memory at [mem 0xdeff4000-0xdeff4037]\\r\\n",
                "<board.serconsole.con>[    0.006315] ACPI: Reserving WSMT table memory at [mem 0xdeff3000-0xdeff3027]\\r\\n",
                "<board.serconsole.con>[    0.006326] ACPI: Reserving APIC table memory at [mem 0xdeff2000-0xdeff2065]\\r\\n",
                "<board.serconsole.con>[    0.006338] ACPI: Reserving MCFG table memory at [mem 0xdded3000-0xdded303b]\\r\\n",
                "<board.serconsole.con>[    0.006350] ACPI: Reserving FPDT table memory at [mem 0xddf15000-0xddf15043]\\r\\n",
                "<board.serconsole.con>[    0.006362] ACPI: Reserving BGRT table memory at [mem 0xdda5a000-0xdda5a037]\\r\\n",
                "<board.serconsole.con>[    0.007038] No NUMA configuration found\\r\\n",
                "<board.serconsole.con>[    0.007049] Faking a node at [mem 0x0000000000000000-0x00000000df57ffff]\\r\\n",
                "<board.serconsole.con>[    0.007071] NODE_DATA(0) allocated [mem 0xdf2e1000-0xdf302fff]\\r\\n",
                "<board.serconsole.con>[    0.007681] Zone ranges:\\r\\n",
                "<board.serconsole.con>[    0.007692]   DMA      [mem 0x0000000000001000-0x0000000000ffffff]\\r\\n",
                "<board.serconsole.con>[    0.007713]   DMA32    [mem 0x0000000001000000-0x00000000df57ffff]\\r\\n",
                "<board.serconsole.con>[    0.007735]   Normal   empty\\r\\n",
                "<board.serconsole.con>[    0.007757] Movable zone start for each node\\r\\n",
                "<board.serconsole.con>[    0.007770] Early memory node ranges\\r\\n",
                "<board.serconsole.con>[    0.007781]   node   0: [mem 0x0000000000001000-0x000000000009efff]\\r\\n",
                "<board.serconsole.con>[    0.007792]   node   0: [mem 0x0000000000100000-0x0000000000806fff]\\r\\n",
                "<board.serconsole.con>[    0.007804]   node   0: [mem 0x0000000000808000-0x000000000080ffff]\\r\\n",
                "<board.serconsole.con>[    0.007815]   node   0: [mem 0x0000000000818000-0x000000000081ffff]\\r\\n",
                "<board.serconsole.con>[    0.007827]   node   0: [mem 0x0000000001510000-0x000000003fffffff]\\r\\n",
                "<board.serconsole.con>[    0.007839]   node   0: [mem 0x0000000060000000-0x00000000dda0bfff]\\r\\n",
                "<board.serconsole.con>[    0.007850]   node   0: [mem 0x00000000dda0d000-0x00000000dda42fff]\\r\\n",
                "<board.serconsole.con>[    0.007862]   node   0: [mem 0x00000000dda4b000-0x00000000dda59fff]\\r\\n",
                "<board.serconsole.con>[    0.007873]   node   0: [mem 0x00000000dda5b000-0x00000000dde15fff]\\r\\n",
                "<board.serconsole.con>[    0.007885]   node   0: [mem 0x00000000dde3f000-0x00000000dde42fff]\\r\\n",
                "<board.serconsole.con>[    0.007897]   node   0: [mem 0x00000000dde45000-0x00000000dded2fff]\\r\\n",
                "<board.serconsole.con>[    0.007908]   node   0: [mem 0x00000000ddf1a000-0x00000000def99fff]\\r\\n",
                "<board.serconsole.con>[    0.007920]   node   0: [mem 0x00000000deffe000-0x00000000df57ffff]\\r\\n",
                "<board.serconsole.con>[    0.007932] Initmem setup node 0 [mem 0x0000000000001000-0x00000000df57ffff]\\r\\n",
                "<board.serconsole.con>[    0.007947] On node 0, zone DMA: 1 pages in unavailable ranges\\r\\n",
                "<board.serconsole.con>[    0.007990] On node 0, zone DMA: 97 pages in unavailable ranges\\r\\n",
                "<board.serconsole.con>[    0.008002] On node 0, zone DMA: 1 pages in unavailable ranges\\r\\n",
                "<board.serconsole.con>[    0.008013] On node 0, zone DMA: 8 pages in unavailable ranges\\r\\n",
                "<board.serconsole.con>[    0.012240] On node 0, zone DMA32: 3312 pages in unavailable ranges\\r\\n",
                "<board.serconsole.con>[    0.020511] On node 0, zone DMA32: 1 pages in unavailable ranges\\r\\n",
                "<board.serconsole.con>[    0.020523] On node 0, zone DMA32: 8 pages in unavailable ranges\\r\\n",
                "<board.serconsole.con>[    0.020550] On node 0, zone DMA32: 1 pages in unavailable ranges\\r\\n",
                "<board.serconsole.con>[    0.020563] On node 0, zone DMA32: 41 pages in unavailable ranges\\r\\n",
                "<board.serconsole.con>[    0.020577] On node 0, zone DMA32: 2 pages in unavailable ranges\\r\\n",
                "<board.serconsole.con>[    0.020658] On node 0, zone DMA32: 71 pages in unavailable ranges\\r\\n",
                "<board.serconsole.con>[    0.020695] On node 0, zone DMA32: 100 pages in unavailable ranges\\r\\n",
                "<board.serconsole.con>[    0.020784] On node 0, zone DMA32: 2688 pages in unavailable ranges\\r\\n",
                "<board.serconsole.con>[    0.027779] ACPI: PM-Timer IO Port: 0x408\\r\\n",
                "<board.serconsole.con>[    0.027791] ACPI: X2APIC_NMI (uid[0xffffffff] high level lint[0x1])\\r\\n",
                "<board.serconsole.con>[    0.027803] ACPI: LAPIC_NMI (acpi_id[0xff] high level lint[0x1])\\r\\n",
                "<board.serconsole.con>[    0.027815] IOAPIC[0]: apic_id 2, version 32, address 0xfec00000, GSI 0-23\\r\\n",
                "<board.serconsole.con>[    0.027828] ACPI: INT_SRC_OVR (bus 0 bus_irq 0 global_irq 2 dfl dfl)\\r\\n",
                "<board.serconsole.con>[    0.027839] ACPI: INT_SRC_OVR (bus 0 bus_irq 9 global_irq 9 high level)\\r\\n",
                "<board.serconsole.con>[    0.027854] ACPI: Using ACPI (MADT) for SMP configuration information\\r\\n",
                "<board.serconsole.con>[    0.027865] ACPI: HPET id: 0x8086a701 base: 0xfed00000\\r\\n",
                "<board.serconsole.con>[    0.027877] TSC deadline timer available\\r\\n",
                "<board.serconsole.con>[    0.027888] smpboot: Allowing 1 CPUs, 0 hotplug CPUs\\r\\n",
                "<board.serconsole.con>[    0.027938] [mem 0xf0000000-0xffffffff] available for PCI devices\\r\\n",
                "<board.serconsole.con>[    0.027949] Booting paravirtualized kernel on bare hardware\\r\\n",
                "<board.serconsole.con>[    0.027961] clocksource: refined-jiffies: mask: 0xffffffff max_cycles: 0xffffffff, max_idle_ns: 1910969940391419 ns\\r\\n",
                "<board.serconsole.con>[    0.030346] setup_percpu: NR_CPUS:8192 nr_cpumask_bits:1 nr_cpu_ids:1 nr_node_ids:1\\r\\n",
                "<board.serconsole.con>[    0.030364] percpu: Embedded 50 pages/cpu s166936 r8192 d29672 u2097152\\r\\n",
                "<board.serconsole.con>[    0.030482] Built 1 zonelists, mobility grouping on.  Total pages: 769277\\r\\n",
                "<board.serconsole.con>[    0.030493] Policy zone: DMA32\\r\\n",
                "<board.serconsole.con>[    0.030504] Kernel command line: BOOT_IMAGE=/boot/vmlinuz-5.15.93 root=PARTUUID=dfa96477-2762-4716-add2-a5188ecccecb ro console=tty1 console=ttyS0 init=/home/ubuntu/guestinit.sh memmap=512M!1G rw\\r\\n",
                "<board.serconsole.con>[    0.030565] Unknown kernel command line parameters \"BOOT_IMAGE=/boot/vmlinuz-5.15.93\", will be passed to user space.\\r\\n",
                "<board.serconsole.con>[    0.030580] Dentry cache hash table entries: 524288 (order: 10, 4194304 bytes, linear)\\r\\n",
                "<board.serconsole.con>[    0.030595] Inode-cache hash table entries: 262144 (order: 9, 2097152 bytes, linear)\\r\\n",
                "<board.serconsole.con>[    0.030617] mem auto-init: stack:off, heap alloc:off, heap free:off\\r\\n",
                "<board.serconsole.con>[    0.038505] Memory: 3019704K/3120404K available (8198K kernel code, 1892K rwdata, 2220K rodata, 1924K init, 2544K bss, 100444K reserved, 0K cma-reserved)\\r\\n",
                "<board.serconsole.con>[    0.038611] rcu: Hierarchical RCU implementation.\\r\\n",
                "<board.serconsole.con>[    0.038622] rcu: \\tRCU restricting CPUs from NR_CPUS=8192 to nr_cpu_ids=1.\\r\\n",
                "<board.serconsole.con>[    0.038633] rcu: RCU calculated value of scheduler-enlistment delay is 100 jiffies.\\r\\n",
                "<board.serconsole.con>[    0.038644] rcu: Adjusting geometry for rcu_fanout_leaf=16, nr_cpu_ids=1\\r\\n",
                "<board.serconsole.con>[    0.039224] NR_IRQS: 524544, nr_irqs: 256, preallocated irqs: 16\\r\\n",
                "<board.serconsole.con>[    0.039666] random: crng init done\\r\\n",
                "<board.serconsole.con>[    0.039760] Console: colour dummy device 80x25\\r\\n",
                "<board.serconsole.con>[    0.040202] printk: console [tty1] enabled\\r\\n",
                "<board.serconsole.con>[    0.325520] printk: console [ttyS0] enabled\\r\\n",
                "<board.serconsole.con>[    0.326546] ACPI: Core revision 20210730\\r\\n",
                "<board.serconsole.con>[    0.327549] clocksource: hpet: mask: 0xffffffff max_cycles: 0xffffffff, max_idle_ns: 133484882848 ns\\r\\n",
                "<board.serconsole.con>[    0.329716] APIC: Switch to symmetric I/O mode setup\\r\\n",
                "<board.serconsole.con>[    0.331351] ..TIMER: vector=0x30 apic1=0 pin1=2 apic2=-1 pin2=-1\\r\\n",
                "<board.serconsole.con>[    0.337739] clocksource: tsc-early: mask: 0xffffffffffffffff max_cycles: 0x172daa3a18b, max_idle_ns: 440795212390 ns\\r\\n",
                "<board.serconsole.con>[    0.340247] Calibrating delay loop (skipped), value calculated using timer frequency.. 3216.00 BogoMIPS (lpj=1608000)\\r\\n",
                "<board.serconsole.con>[    0.341277] pid_max: default: 32768 minimum: 301\\r\\n",
                "<board.serconsole.con>[    0.343753] Mount-cache hash table entries: 8192 (order: 4, 65536 bytes, linear)\\r\\n",
                "<board.serconsole.con>[    0.344280] Mountpoint-cache hash table entries: 8192 (order: 4, 65536 bytes, linear)\\r\\n",
                "<board.serconsole.con>[    0.345366] CPU0: Thermal monitoring enabled (TM1)\\r\\n",
                "<board.serconsole.con>[    0.346279] process: using mwait in idle threads\\r\\n",
                "<board.serconsole.con>[    0.347278] Last level iTLB entries: 4KB 48, 2MB 0, 4MB 0\\r\\n",
                "<board.serconsole.con>[    0.348277] Last level dTLB entries: 4KB 256, 2MB 0, 4MB 0, 1GB 16\\r\\n",
                "<board.serconsole.con>[    0.349277] Spectre V1 : Mitigation: usercopy/swapgs barriers and __user pointer sanitization\\r\\n",
                "<board.serconsole.con>[    0.350278] Spectre V2 : Mitigation: Enhanced IBRS\\r\\n",
                "<board.serconsole.con>[    0.351277] Spectre V2 : Spectre v2 / SpectreRSB mitigation: Filling RSB on context switch\\r\\n",
                "<board.serconsole.con>[    0.352277] Spectre V2 : Spectre v2 / PBRSB-eIBRS: Retire a single CALL on VMEXIT\\r\\n",
                "<board.serconsole.con>[    0.353277] RETBleed: Mitigation: Enhanced IBRS\\r\\n",
                "<board.serconsole.con>[    0.354278] Spectre V2 : mitigation: Enabling conditional Indirect Branch Prediction Barrier\\r\\n",
                "<board.serconsole.con>[    0.355278] Speculative Store Bypass: Mitigation: Speculative Store Bypass disabled via prctl\\r\\n",
                "<board.serconsole.con>[    0.356277] MDS: Vulnerable: Clear CPU buffers attempted, no microcode\\r\\n",
                "<board.serconsole.con>[    0.357277] TAA: Vulnerable: Clear CPU buffers attempted, no microcode\\r\\n",
                "<board.serconsole.con>[    0.358277] MMIO Stale Data: Vulnerable: Clear CPU buffers attempted, no microcode\\r\\n",
                "<board.serconsole.con>[    0.360715] Freeing SMP alternatives memory: 12K\\r\\n",
                "[board.mb.cpu0.core[0][0] info] 0x66a: Reading from unknown MSR. Signaling GP fault.",
                "<board.serconsole.con>[    0.361386] smpboot: CPU0: Intel(R) Xeon(R) Gold CPU             @ 2.30GHz (family: 0x6, model: 0x55, stepping: 0xc)\\r\\n",
                "<board.serconsole.con>[    0.362936] Performance Events: PEBS fmt4+-baseline, Skylake events, 32-deep LBR, full-width counters, Intel PMU driver.\\r\\n",
                "<board.serconsole.con>[    0.363277] ... version:                4\\r\\n",
                "<board.serconsole.con>[    0.364237] ... bit width:              48\\r\\n",
                "<board.serconsole.con>[    0.364277] ... generic registers:      8\\r\\n",
                "<board.serconsole.con>[    0.365237] ... value mask:             0000ffffffffffff\\r\\n",
                "<board.serconsole.con>[    0.365277] ... max period:             00007fffffffffff\\r\\n",
                "<board.serconsole.con>[    0.366277] ... fixed-purpose events:   3\\r\\n",
                "<board.serconsole.con>[    0.367237] ... event mask:             00000007000000ff\\r\\n",
                "<board.serconsole.con>[    0.367464] rcu: Hierarchical SRCU implementation.\\r\\n",
                "<board.serconsole.con>[    0.368635] smp: Bringing up secondary CPUs ...\\r\\n",
                "<board.serconsole.con>[    0.369277] smp: Brought up 1 node, 1 CPU\\r\\n",
                "<board.serconsole.con>[    0.370237] smpboot: Max logical packages: 1\\r\\n",
                "<board.serconsole.con>[    0.370277] smpboot: Total of 1 processors activated (3216.00 BogoMIPS)\\r\\n",
                "<board.serconsole.con>[    0.371531] devtmpfs: initialized\\r\\n",
                "<board.serconsole.con>[    0.372303] x86/mm: Memory block size: 128MB\\r\\n",
                "<board.serconsole.con>[    0.373647] clocksource: jiffies: mask: 0xffffffff max_cycles: 0xffffffff, max_idle_ns: 1911260446275000 ns\\r\\n",
                "<board.serconsole.con>[    0.374278] futex hash table entries: 256 (order: 2, 16384 bytes, linear)\\r\\n",
                "<board.serconsole.con>[    0.375304] \\r\\n",
                "<board.serconsole.con>[    0.375696] *************************************************************\\r\\n",
                "<board.serconsole.con>[    0.376277] **     NOTICE NOTICE NOTICE NOTICE NOTICE NOTICE NOTICE    **\\r\\n",
                "<board.serconsole.con>[    0.377277] **                                                         **\\r\\n",
                "<board.serconsole.con>[    0.378277] **  IOMMU DebugFS SUPPORT HAS BEEN ENABLED IN THIS KERNEL  **\\r\\n",
                "<board.serconsole.con>[    0.379277] **                                                         **\\r\\n",
                "<board.serconsole.con>[    0.380277] ** This means that this kernel is built to expose internal **\\r\\n",
                "<board.serconsole.con>[    0.381277] ** IOMMU data structures, which may compromise security on **\\r\\n",
                "<board.serconsole.con>[    0.382277] ** your system.                                            **\\r\\n",
                "<board.serconsole.con>[    0.383277] **                                                         **\\r\\n",
                "<board.serconsole.con>[    0.384277] ** If you see this message and you are not debugging the   **\\r\\n",
                "<board.serconsole.con>[    0.385277] ** kernel, report this immediately to your vendor!         **\\r\\n",
                "<board.serconsole.con>[    0.386277] **                                                         **\\r\\n",
                "<board.serconsole.con>[    0.387277] **     NOTICE NOTICE NOTICE NOTICE NOTICE NOTICE NOTICE    **\\r\\n",
                "<board.serconsole.con>[    0.388277] *************************************************************\\r\\n",
                "<board.serconsole.con>[    0.389342] NET: Registered PF_NETLINK/PF_ROUTE protocol family\\r\\n",
                "<board.serconsole.con>[    0.390372] audit: initializing netlink subsys (disabled)\\r\\n",
                "<board.serconsole.con>[    0.391409] thermal_sys: Registered thermal governor 'step_wise'\\r\\n",
                "<board.serconsole.con>[    0.391419] thermal_sys: Registered thermal governor 'user_space'\\r\\n",
                "<board.serconsole.con>[    0.392279] cpuidle: using governor ladder\\r\\n",
                "<board.serconsole.con>[    0.394305] ACPI: bus type PCI registered\\r\\n",
                "<board.serconsole.con>[    0.395277] acpiphp: ACPI Hot Plug PCI Controller Driver version: 0.5\\r\\n",
                "<board.serconsole.con>[    0.396469] PCI: MMCONFIG for domain 0000 [bus 00-ff] at [mem 0xe0000000-0xefffffff] (base 0xe0000000)\\r\\n",
                "<board.serconsole.con>[    0.397277] PCI: MMCONFIG at [mem 0xe0000000-0xefffffff] reserved in E820\\r\\n",
                "<board.serconsole.con>[    0.398299] PCI: Using configuration type 1 for base access\\r\\n",
                "<board.serconsole.con>[    0.400364] audit: type=2000 audit(1726226327.059:1): state=initialized audit_enabled=0 res=1\\r\\n",
                "<board.serconsole.con>[    0.401572] HugeTLB registered 1.00 GiB page size, pre-allocated 0 pages\\r\\n",
                "<board.serconsole.con>[    0.402289] HugeTLB registered 2.00 MiB page size, pre-allocated 0 pages\\r\\n",
                "<board.serconsole.con>[    0.406646] ACPI: Added _OSI(Module Device)\\r\\n",
                "<board.serconsole.con>[    0.407289] ACPI: Added _OSI(Processor Device)\\r\\n",
                "<board.serconsole.con>[    0.408277] ACPI: Added _OSI(3.0 _SCP Extensions)\\r\\n",
                "<board.serconsole.con>[    0.409277] ACPI: Added _OSI(Processor Aggregator Device)\\r\\n",
                "<board.serconsole.con>[    0.410278] ACPI: Added _OSI(Linux-Dell-Video)\\r\\n",
                "<board.serconsole.con>[    0.411278] ACPI: Added _OSI(Linux-Lenovo-NV-HDMI-Audio)\\r\\n",
                "<board.serconsole.con>[    0.412278] ACPI: Added _OSI(Linux-HPI-Hybrid-Graphics)\\r\\n",
                "<board.serconsole.con>[    0.414436] ACPI: 1 ACPI AML tables successfully acquired and loaded\\r\\n",
                "<board.serconsole.con>[    0.415690] ACPI: Interpreter enabled\\r\\n",
                "<board.serconsole.con>[    0.416279] ACPI: PM: (supports S0 S5)\\r\\n",
                "<board.serconsole.con>[    0.417192] ACPI: Using IOAPIC for interrupt routing\\r\\n",
                "<board.serconsole.con>[    0.417288] PCI: Using host bridge windows from ACPI; if necessary, use \"pci=nocrs\" and report a bug\\r\\n",
                "<board.serconsole.con>[    0.419728] ACPI: PCI Root Bridge [PCI0] (domain 0000 [bus 00-ff])\\r\\n",
                "<board.serconsole.con>[    0.420279] acpi PNP0A03:00: _OSC: OS supports [ExtendedConfig ASPM ClockPM Segments MSI HPX-Type3]\\r\\n",
                "<board.serconsole.con>[    0.421327] PCI host bridge to bus 0000:00\\r\\n",
                "<board.serconsole.con>[    0.422277] pci_bus 0000:00: root bus resource [io  0x0000-0x0cf7 window]\\r\\n",
                "<board.serconsole.con>[    0.423277] pci_bus 0000:00: root bus resource [io  0x0d00-0xffff window]\\r\\n",
                "<board.serconsole.con>[    0.424277] pci_bus 0000:00: root bus resource [mem 0x000a0000-0x000bffff window]\\r\\n",
                "<board.serconsole.con>[    0.425278] pci_bus 0000:00: root bus resource [mem 0xf0000000-0xfbffffff window]\\r\\n",
                "<board.serconsole.con>[    0.426277] pci_bus 0000:00: root bus resource [mem 0x800000000-0xaffffffff window]\\r\\n",
                "<board.serconsole.con>[    0.427277] pci_bus 0000:00: root bus resource [bus 00-ff]\\r\\n",
                "<board.serconsole.con>[    0.428422] pci 0000:00:00.0: [8086:3400] type 00 class 0x080000\\r\\n",
                "<board.serconsole.con>[    0.430980] pci 0000:00:01.0: [8086:3408] type 01 class 0x060400\\r\\n",
                "<board.serconsole.con>[    0.432099] pci 0000:00:01.0: enabling Extended Tags\\r\\n",
                "<board.serconsole.con>[    0.433122] pci 0000:00:01.0: PME# supported from D0 D3hot D3cold\\r\\n",
                "<board.serconsole.con>[    0.433860] pci 0000:00:02.0: [8086:3409] type 01 class 0x060400\\r\\n",
                "<board.serconsole.con>[    0.435099] pci 0000:00:02.0: enabling Extended Tags\\r\\n",
                "<board.serconsole.con>[    0.436122] pci 0000:00:02.0: PME# supported from D0 D3hot D3cold\\r\\n",
                "<board.serconsole.con>[    0.436860] pci 0000:00:03.0: [8086:340a] type 01 class 0x060400\\r\\n",
                "<board.serconsole.con>[    0.438099] pci 0000:00:03.0: enabling Extended Tags\\r\\n",
                "<board.serconsole.con>[    0.439121] pci 0000:00:03.0: PME# supported from D0 D3hot D3cold\\r\\n",
                "<board.serconsole.con>[    0.439860] pci 0000:00:04.0: [8086:340b] type 01 class 0x060400\\r\\n",
                "<board.serconsole.con>[    0.441099] pci 0000:00:04.0: enabling Extended Tags\\r\\n",
                "<board.serconsole.con>[    0.442122] pci 0000:00:04.0: PME# supported from D0 D3hot D3cold\\r\\n",
                "<board.serconsole.con>[    0.442860] pci 0000:00:05.0: [8086:340c] type 01 class 0x060400\\r\\n",
                "<board.serconsole.con>[    0.444099] pci 0000:00:05.0: enabling Extended Tags\\r\\n",
                "<board.serconsole.con>[    0.445122] pci 0000:00:05.0: PME# supported from D0 D3hot D3cold\\r\\n",
                "<board.serconsole.con>[    0.445882] pci 0000:00:07.0: [8086:340e] type 01 class 0x060400\\r\\n",
                "<board.serconsole.con>[    0.447099] pci 0000:00:07.0: enabling Extended Tags\\r\\n",
                "<board.serconsole.con>[    0.448122] pci 0000:00:07.0: PME# supported from D0 D3hot D3cold\\r\\n",
                "<board.serconsole.con>[    0.448780] pci 0000:00:0b.0: [dead:beef] type 00 class 0x400000\\r\\n",
                "<board.serconsole.con>[    0.449538] pci 0000:00:0b.0: reg 0x10: [mem 0xf1025000-0xf1025fff]\\r\\n",
                "<board.serconsole.con>[    0.450638] pci 0000:00:0b.0: reg 0x18: [mem 0xc1400000c140-0xc1410000c13f 64bit]\\r\\n",
                "<board.serconsole.con>[    0.451498] pci 0000:00:0b.0: reg 0x20: [mem 0xc1380000c130-0xc1390000c12f 64bit pref]\\r\\n",
                "<board.serconsole.con>[    0.452418] pci 0000:00:0b.0: reg 0x30: [mem 0xfffff800-0xffffffff pref]\\r\\n",
                "<board.serconsole.con>[    0.453700] pci 0000:00:0f.0: [4321:1111] type 00 class 0x030000\\r\\n",
                "<board.serconsole.con>[    0.454538] pci 0000:00:0f.0: reg 0x10: [mem 0xf0000000-0xf0ffffff]\\r\\n",
                "<board.serconsole.con>[    0.456221] pci 0000:00:0f.0: Video device with shadowed ROM at [mem 0x000c0000-0x000dffff]\\r\\n",
                "<board.serconsole.con>[    0.456718] pci 0000:00:10.0: [8086:3425] type 00 class 0x080000\\r\\n",
                "<board.serconsole.con>[    0.458679] pci 0000:00:10.1: [8086:3426] type 00 class 0x080000\\r\\n",
                "<board.serconsole.con>[    0.460800] pci 0000:00:11.0: [8086:3427] type 00 class 0x080000\\r\\n",
                "<board.serconsole.con>[    0.462679] pci 0000:00:11.1: [8086:3428] type 00 class 0x080000\\r\\n",
                "<board.serconsole.con>[    0.464900] pci 0000:00:13.0: [8086:342d] type 00 class 0x080020\\r\\n",
                "<board.serconsole.con>[    0.465518] pci 0000:00:13.0: reg 0x10: [mem 0xf1024000-0xf1024fff]\\r\\n",
                "<board.serconsole.con>[    0.467538] pci 0000:00:13.0: PME# supported from D0 D3hot D3cold\\r\\n",
                "<board.serconsole.con>[    0.468678] pci 0000:00:14.0: [8086:342e] type 00 class 0x080000\\r\\n",
                "<board.serconsole.con>[    0.471202] pci 0000:00:14.1: [8086:3422] type 00 class 0x080000\\r\\n",
                "<board.serconsole.con>[    0.473202] pci 0000:00:14.2: [8086:3423] type 00 class 0x080000\\r\\n",
                "<board.serconsole.con>[    0.475123] pci 0000:00:14.3: [8086:3438] type 00 class 0x080000\\r\\n",
                "<board.serconsole.con>[    0.477000] pci 0000:00:19.0: [8086:10cd] type 00 class 0x020000\\r\\n",
                "<board.serconsole.con>[    0.477538] pci 0000:00:19.0: reg 0x10: [mem 0xf1000000-0xf101ffff]\\r\\n",
                "<board.serconsole.con>[    0.478418] pci 0000:00:19.0: reg 0x14: [mem 0xf1023000-0xf1023fff]\\r\\n",
                "<board.serconsole.con>[    0.479418] pci 0000:00:19.0: reg 0x18: [io  0xc100-0xc11f]\\r\\n",
                "<board.serconsole.con>[    0.481898] pci 0000:00:1a.0: [8086:3a67] type 00 class 0x0c0300\\r\\n",
                "<board.serconsole.con>[    0.483099] pci 0000:00:1a.0: reg 0x20: [io  0xc0e0-0xc0ff]\\r\\n",
                "<board.serconsole.con>[    0.484278] pci 0000:00:1a.1: [8086:3a68] type 00 class 0x0c0300\\r\\n",
                "<board.serconsole.con>[    0.486099] pci 0000:00:1a.1: reg 0x20: [io  0xc0c0-0xc0df]\\r\\n",
                "<board.serconsole.con>[    0.487278] pci 0000:00:1a.2: [8086:3a69] type 00 class 0x0c0300\\r\\n",
                "<board.serconsole.con>[    0.489099] pci 0000:00:1a.2: reg 0x20: [io  0xc0a0-0xc0bf]\\r\\n",
                "<board.serconsole.con>[    0.490440] pci 0000:00:1a.7: [8086:3a6c] type 00 class 0x0c0320\\r\\n",
                "<board.serconsole.con>[    0.491538] pci 0000:00:1a.7: reg 0x10: [mem 0xf1022000-0xf10223ff]\\r\\n",
                "<board.serconsole.con>[    0.493738] pci 0000:00:1a.7: PME# supported from D0 D3hot D3cold\\r\\n",
                "<board.serconsole.con>[    0.494798] pci 0000:00:1d.0: [8086:3a64] type 00 class 0x0c0300\\r\\n",
                "<board.serconsole.con>[    0.496099] pci 0000:00:1d.0: reg 0x20: [io  0xc080-0xc09f]\\r\\n",
                "<board.serconsole.con>[    0.497278] pci 0000:00:1d.1: [8086:3a65] type 00 class 0x0c0300\\r\\n",
                "<board.serconsole.con>[    0.499099] pci 0000:00:1d.1: reg 0x20: [io  0xc060-0xc07f]\\r\\n",
                "<board.serconsole.con>[    0.500278] pci 0000:00:1d.2: [8086:3a66] type 00 class 0x0c0300\\r\\n",
                "<board.serconsole.con>[    0.502099] pci 0000:00:1d.2: reg 0x20: [io  0xc040-0xc05f]\\r\\n",
                "<board.serconsole.con>[    0.503440] pci 0000:00:1d.7: [8086:3a6a] type 00 class 0x0c0320\\r\\n",
                "<board.serconsole.con>[    0.504538] pci 0000:00:1d.7: reg 0x10: [mem 0xf1021000-0xf10213ff]\\r\\n",
                "<board.serconsole.con>[    0.506738] pci 0000:00:1d.7: PME# supported from D0 D3hot D3cold\\r\\n",
                "<board.serconsole.con>[    0.507758] pci 0000:00:1e.0: [8086:244e] type 01 class 0x060401\\r\\n",
                "<board.serconsole.con>[    0.509739] pci 0000:00:1f.0: [8086:3a16] type 00 class 0x060100\\r\\n",
                "<board.serconsole.con>[    0.511439] pci 0000:00:1f.0: quirk: [io  0x0400-0x047f] claimed by ICH6 ACPI/GPIO/TCO\\r\\n",
                "<board.serconsole.con>[    0.513211] pci 0000:00:1f.2: [8086:3a22] type 00 class 0x010601\\r\\n",
                "<board.serconsole.con>[    0.513538] pci 0000:00:1f.2: reg 0x10: [io  0xc128-0xc12f]\\r\\n",
                "<board.serconsole.con>[    0.514418] pci 0000:00:1f.2: reg 0x14: [io  0xc134-0xc137]\\r\\n",
                "<board.serconsole.con>[    0.515418] pci 0000:00:1f.2: reg 0x18: [io  0xc120-0xc127]\\r\\n",
                "<board.serconsole.con>[    0.516418] pci 0000:00:1f.2: reg 0x1c: [io  0xc130-0xc133]\\r\\n",
                "<board.serconsole.con>[    0.517418] pci 0000:00:1f.2: reg 0x20: [io  0xc020-0xc03f]\\r\\n",
                "<board.serconsole.con>[    0.518418] pci 0000:00:1f.2: reg 0x24: [mem 0xf1020000-0xf10207ff]\\r\\n",
                "<board.serconsole.con>[    0.520121] pci 0000:00:1f.2: PME# supported from D3hot\\r\\n",
                "<board.serconsole.con>[    0.520738] pci 0000:00:1f.3: [8086:3a30] type 00 class 0x0c0500\\r\\n",
                "<board.serconsole.con>[    0.521618] pci 0000:00:1f.3: reg 0x10: [mem 0x800001000-0x80000101f 64bit]\\r\\n",
                "<board.serconsole.con>[    0.522698] pci 0000:00:1f.3: reg 0x20: [io  0xc000-0xc01f]\\r\\n",
                "<board.serconsole.con>[    0.524000] pci 0000:00:1f.6: [8086:3a32] type 00 class 0x118000\\r\\n",
                "<board.serconsole.con>[    0.524618] pci 0000:00:1f.6: reg 0x10: [mem 0x800000000-0x800000fff 64bit]\\r\\n",
                "<board.serconsole.con>[    0.527177] pci_bus 0000:01: extended config space not accessible\\r\\n",
                "<board.serconsole.con>[    0.527303] pci 0000:00:01.0: PCI bridge to [bus 01]\\r\\n",
                "<board.serconsole.con>[    0.529039] pci_bus 0000:02: extended config space not accessible\\r\\n",
                "<board.serconsole.con>[    0.529304] pci 0000:00:02.0: PCI bridge to [bus 02]\\r\\n",
                "<board.serconsole.con>[    0.531039] pci_bus 0000:03: extended config space not accessible\\r\\n",
                "<board.serconsole.con>[    0.531303] pci 0000:00:03.0: PCI bridge to [bus 03]\\r\\n",
                "<board.serconsole.con>[    0.533039] pci_bus 0000:04: extended config space not accessible\\r\\n",
                "<board.serconsole.con>[    0.533303] pci 0000:00:04.0: PCI bridge to [bus 04]\\r\\n",
                "<board.serconsole.con>[    0.535040] pci_bus 0000:05: extended config space not accessible\\r\\n",
                "<board.serconsole.con>[    0.535303] pci 0000:00:05.0: PCI bridge to [bus 05]\\r\\n",
                "<board.serconsole.con>[    0.537039] pci_bus 0000:06: extended config space not accessible\\r\\n",
                "<board.serconsole.con>[    0.537304] pci 0000:00:07.0: PCI bridge to [bus 06]\\r\\n",
                "<board.serconsole.con>[    0.538759] pci_bus 0000:07: extended config space not accessible\\r\\n",
                "<board.serconsole.con>[    0.539925] pci 0000:00:1e.0: PCI bridge to [bus 07] (subtractive decode)\\r\\n",
                "<board.serconsole.con>[    0.540438] pci 0000:00:1e.0:   bridge window [io  0x0000-0x0cf7 window] (subtractive decode)\\r\\n",
                "<board.serconsole.con>[    0.541277] pci 0000:00:1e.0:   bridge window [io  0x0d00-0xffff window] (subtractive decode)\\r\\n",
                "<board.serconsole.con>[    0.542277] pci 0000:00:1e.0:   bridge window [mem 0x000a0000-0x000bffff window] (subtractive decode)\\r\\n",
                "<board.serconsole.con>[    0.543277] pci 0000:00:1e.0:   bridge window [mem 0xf0000000-0xfbffffff window] (subtractive decode)\\r\\n",
                "<board.serconsole.con>[    0.544278] pci 0000:00:1e.0:   bridge window [mem 0x800000000-0xaffffffff window] (subtractive decode)\\r\\n",
                "<board.serconsole.con>[    0.545947] ACPI: PCI: Interrupt link LNKA configured for IRQ 10\\r\\n",
                "<board.serconsole.con>[    0.546393] ACPI: PCI: Interrupt link LNKB configured for IRQ 10\\r\\n",
                "<board.serconsole.con>[    0.547393] ACPI: PCI: Interrupt link LNKC configured for IRQ 11\\r\\n",
                "<board.serconsole.con>[    0.548393] ACPI: PCI: Interrupt link LNKD configured for IRQ 11\\r\\n",
                "<board.serconsole.con>[    0.549393] ACPI: PCI: Interrupt link LNKE configured for IRQ 0\\r\\n",
                "<board.serconsole.con>[    0.550393] ACPI: PCI: Interrupt link LNKF configured for IRQ 0\\r\\n",
                "<board.serconsole.con>[    0.551393] ACPI: PCI: Interrupt link LNKG configured for IRQ 0\\r\\n",
                "<board.serconsole.con>[    0.552393] ACPI: PCI: Interrupt link LNKH configured for IRQ 0\\r\\n",
                "<board.serconsole.con>[    0.553407] iommu: Default domain type: Translated \\r\\n",
                "<board.serconsole.con>[    0.554277] iommu: DMA domain TLB invalidation policy: lazy mode \\r\\n",
                "<board.serconsole.con>[    0.555367] pci 0000:00:0f.0: vgaarb: setting as boot VGA device\\r\\n",
                "<board.serconsole.con>[    0.556237] pci 0000:00:0f.0: vgaarb: VGA device added: decodes=io+mem,owns=io+mem,locks=none\\r\\n",
                "<board.serconsole.con>[    0.556301] pci 0000:00:0f.0: vgaarb: bridge control possible\\r\\n",
                "<board.serconsole.con>[    0.557277] vgaarb: loaded\\r\\n",
                "<board.serconsole.con>[    0.558000] SCSI subsystem initialized\\r\\n",
                "<board.serconsole.con>[    0.558466] pps_core: LinuxPPS API ver. 1 registered\\r\\n",
                "<board.serconsole.con>[    0.559288] pps_core: Software ver. 5.3.6 - Copyright 2005-2007 Rodolfo Giometti <giometti@linux.it>\\r\\n",
                "<board.serconsole.con>[    0.560279] PTP clock support registered\\r\\n",
                "<board.serconsole.con>[    0.561237] Registered efivars operations\\r\\n",
                "<board.serconsole.con>[    0.561373] PCI: Using ACPI for IRQ routing\\r\\n",
                "<board.serconsole.con>[    0.720377] PCI: Discovered peer bus ff\\r\\n",
                "<board.serconsole.con>[    0.721307] PCI host bridge to bus 0000:ff\\r\\n",
                "<board.serconsole.con>[    0.722277] pci_bus 0000:ff: root bus resource [io  0x0000-0xffff]\\r\\n",
                "<board.serconsole.con>[    0.723277] pci_bus 0000:ff: root bus resource [mem 0x00000000-0x3fffffffffff]\\r\\n",
                "<board.serconsole.con>[    0.724277] pci_bus 0000:ff: No busn resource found for root bus, will use [bus ff-ff]\\r\\n",
                "<board.serconsole.con>[    0.725277] pci_bus 0000:ff: busn_res: can not insert [bus ff] under domain [bus 00-ff] (conflicts with (null) [bus 00-ff])\\r\\n",
                "<board.serconsole.con>[    0.726399] pci 0000:ff:00.0: [8086:2c41] type 00 class 0x060000\\r\\n",
                "[board.mb.socket[0].qpi_arch spec-viol] Write to read-only register f0.command (value written = 0x406, contents = 0x6).",
                "<board.serconsole.con>[    0.728434] pci 0000:ff:00.1: [8086:2c01] type 00 class 0x060000\\r\\n",
                "[board.mb.socket[0].qpi_arch spec-viol] Write to read-only register f1.command (value written = 0x406, contents = 0x6).",
                "<board.serconsole.con>[    0.731055] pci_bus 0000:ff: busn_res: [bus ff] end is updated to ff\\r\\n",
                "<board.serconsole.con>[    0.731277] pci_bus 0000:ff: busn_res: can not insert [bus ff] under domain [bus 00-ff] (conflicts with (null) [bus 00-ff])\\r\\n",
                "<board.serconsole.con>[    0.732449] pci 0000:00:0b.0: can't claim BAR 2 [mem 0xc1400000c140-0xc1410000c13f 64bit]: no compatible bridge window\\r\\n",
                "<board.serconsole.con>[    0.733278] pci 0000:00:0b.0: can't claim BAR 4 [mem 0xc1380000c130-0xc1390000c12f 64bit pref]: no compatible bridge window\\r\\n",
                "<board.serconsole.con>[    0.735651] hpet0: at MMIO 0xfed00000, IRQs 2, 8, 0, 0, 0, 0, 0, 0\\r\\n",
                "<board.serconsole.con>[    0.736277] hpet0: 8 comparators, 64-bit 14.318180 MHz counter\\r\\n",
                "<board.serconsole.con>[    0.739399] clocksource: Switched to clocksource tsc-early\\r\\n",
                "<board.serconsole.con>[    0.743479] VFS: Disk quotas dquot_6.6.0\\r\\n",
                "<board.serconsole.con>[    0.744521] VFS: Dquot-cache hash table entries: 512 (order 0, 4096 bytes)\\r\\n",
                "<board.serconsole.con>[    0.746340] pnp: PnP ACPI init\\r\\n",
                "<board.serconsole.con>[    0.747483] pnp 00:01: disabling [io  0x0400-0x043f] because it overlaps 0000:00:1f.0 BAR 7 [io  0x0400-0x047f]\\r\\n",
                "<board.serconsole.con>[    0.750011] pnp 00:01: disabling [io  0x0440-0x044f] because it overlaps 0000:00:1f.0 BAR 7 [io  0x0400-0x047f]\\r\\n",
                "<board.serconsole.con>[    0.752628] system 00:01: [io  0x01e0-0x01ef] has been reserved\\r\\n",
                "<board.serconsole.con>[    0.754124] system 00:01: [io  0x0160-0x016f] has been reserved\\r\\n",
                "<board.serconsole.con>[    0.755690] system 00:01: [io  0x0278-0x027f] has been reserved\\r\\n",
                "<board.serconsole.con>[    0.757185] system 00:01: [io  0x0370-0x0371] has been reserved\\r\\n",
                "<board.serconsole.con>[    0.758751] system 00:01: [io  0x0378-0x037f] has been reserved\\r\\n",
                "<board.serconsole.con>[    0.760327] system 00:01: [io  0x0678-0x067f] has been reserved\\r\\n",
                "<board.serconsole.con>[    0.761822] system 00:01: [io  0x0778-0x077f] has been reserved\\r\\n",
                "<board.serconsole.con>[    0.763388] system 00:01: [mem 0xfec00000-0xfec00fff] could not be reserved\\r\\n",
                "<board.serconsole.con>[    0.765124] system 00:01: [mem 0xfee00000-0xfeefffff] has been reserved\\r\\n",
                "<board.serconsole.con>[    0.766902] pnp: PnP ACPI: found 6 devices\\r\\n",
                "<board.serconsole.con>[    0.783517] clocksource: acpi_pm: mask: 0xffffff max_cycles: 0xffffff, max_idle_ns: 2085701024 ns\\r\\n",
                "<board.serconsole.con>[    0.785785] NET: Registered PF_INET protocol family\\r\\n",
                "<board.serconsole.con>[    0.787050] IP idents hash table entries: 65536 (order: 7, 524288 bytes, linear)\\r\\n",
                "<board.serconsole.con>[    0.789904] tcp_listen_portaddr_hash hash table entries: 2048 (order: 3, 32768 bytes, linear)\\r\\n",
                "<board.serconsole.con>[    0.792087] Table-perturb hash table entries: 65536 (order: 6, 262144 bytes, linear)\\r\\n",
                "<board.serconsole.con>[    0.794074] TCP established hash table entries: 32768 (order: 6, 262144 bytes, linear)\\r\\n",
                "<board.serconsole.con>[    0.796167] TCP bind hash table entries: 32768 (order: 7, 524288 bytes, linear)\\r\\n",
                "<board.serconsole.con>[    0.798135] TCP: Hash tables configured (established 32768 bind 32768)\\r\\n",
                "<board.serconsole.con>[    0.799843] UDP hash table entries: 2048 (order: 4, 65536 bytes, linear)\\r\\n",
                "<board.serconsole.con>[    0.801600] UDP-Lite hash table entries: 2048 (order: 4, 65536 bytes, linear)\\r\\n",
                "<board.serconsole.con>[    0.803470] NET: Registered PF_UNIX/PF_LOCAL protocol family\\r\\n",
                "<board.serconsole.con>[    0.804906] pci 0000:00:0b.0: can't claim BAR 6 [mem 0xfffff800-0xffffffff pref]: no compatible bridge window\\r\\n",
                "<board.serconsole.con>[    0.807668] pci 0000:00:0b.0: BAR 2: assigned [mem 0x900000000-0x9ffffffff 64bit]\\r\\n",
                "<board.serconsole.con>[    0.809737] pci 0000:00:0b.0: BAR 4: assigned [mem 0xa00000000-0xaffffffff 64bit pref]\\r\\n",
                "<board.serconsole.con>[    0.811904] pci 0000:00:0b.0: BAR 6: assigned [mem 0xf1020800-0xf1020fff pref]\\r\\n",
                "<board.serconsole.con>[    0.813771] pci 0000:00:01.0: PCI bridge to [bus 01]\\r\\n",
                "<board.serconsole.con>[    0.815225] pci 0000:00:02.0: PCI bridge to [bus 02]\\r\\n",
                "<board.serconsole.con>[    0.816761] pci 0000:00:03.0: PCI bridge to [bus 03]\\r\\n",
                "<board.serconsole.con>[    0.818215] pci 0000:00:04.0: PCI bridge to [bus 04]\\r\\n",
                "<board.serconsole.con>[    0.819740] pci 0000:00:05.0: PCI bridge to [bus 05]\\r\\n",
                "<board.serconsole.con>[    0.821195] pci 0000:00:07.0: PCI bridge to [bus 06]\\r\\n",
                "<board.serconsole.con>[    0.822721] pci 0000:00:1e.0: PCI bridge to [bus 07]\\r\\n",
                "<board.serconsole.con>[    0.824175] pci_bus 0000:00: resource 4 [io  0x0000-0x0cf7 window]\\r\\n",
                "<board.serconsole.con>[    0.825801] pci_bus 0000:00: resource 5 [io  0x0d00-0xffff window]\\r\\n",
                "<board.serconsole.con>[    0.827426] pci_bus 0000:00: resource 6 [mem 0x000a0000-0x000bffff window]\\r\\n",
                "<board.serconsole.con>[    0.829142] pci_bus 0000:00: resource 7 [mem 0xf0000000-0xfbffffff window]\\r\\n",
                "<board.serconsole.con>[    0.830928] pci_bus 0000:00: resource 8 [mem 0x800000000-0xaffffffff window]\\r\\n",
                "<board.serconsole.con>[    0.832754] pci_bus 0000:07: resource 4 [io  0x0000-0x0cf7 window]\\r\\n",
                "<board.serconsole.con>[    0.834380] pci_bus 0000:07: resource 5 [io  0x0d00-0xffff window]\\r\\n",
                "<board.serconsole.con>[    0.835935] pci_bus 0000:07: resource 6 [mem 0x000a0000-0x000bffff window]\\r\\n",
                "<board.serconsole.con>[    0.837721] pci_bus 0000:07: resource 7 [mem 0xf0000000-0xfbffffff window]\\r\\n",
                "<board.serconsole.con>[    0.839507] pci_bus 0000:07: resource 8 [mem 0x800000000-0xaffffffff window]\\r\\n",
                "<board.serconsole.con>[    0.841344] pci_bus 0000:ff: resource 4 [io  0x0000-0xffff]\\r\\n",
                "<board.serconsole.con>[    0.842759] pci_bus 0000:ff: resource 5 [mem 0x00000000-0x3fffffffffff]\\r\\n",
                "<board.serconsole.con>[    0.845317] PCI: CLS 0 bytes, default 64\\r\\n",
                "<board.serconsole.con>[    0.846392] clocksource: tsc: mask: 0xffffffffffffffff max_cycles: 0x172daa3a18b, max_idle_ns: 440795212390 ns\\r\\n",
                "<board.serconsole.con>[    0.849193] clocksource: Switched to clocksource tsc\\r\\n",
                "<board.serconsole.con>[    0.853020] workingset: timestamp_bits=52 max_order=20 bucket_order=0\\r\\n",
                "<board.serconsole.con>[    0.855334] fuse: init (API version 7.34)\\r\\n",
                "<board.serconsole.con>[    0.900615] Block layer SCSI generic (bsg) driver version 0.4 loaded (major 252)\\r\\n",
                "<board.serconsole.con>[    0.902542] io scheduler mq-deadline registered\\r\\n",
                "<board.serconsole.con>[    0.903716] io scheduler kyber registered\\r\\n",
                "<board.serconsole.con>[    0.905550] acpiphp_ibm: ibm_acpiphp_init: acpi_walk_namespace failed\\r\\n",
                "<board.serconsole.con>[    0.908040] Serial: 8250/16550 driver, 4 ports, IRQ sharing disabled\\r\\n",
                "<board.serconsole.con>[    0.909974] 00:04: ttyS0 at I/O 0x3f8 (irq = 4, base_baud = 115200) is a 16550A\\r\\n",
                "<board.serconsole.con>[    0.912388] 00:05: ttyS1 at I/O 0x2f8 (irq = 3, base_baud = 115200) is a 16550A\\r\\n",
                "<board.serconsole.con>[    0.914814] serial8250: ttyS2 at I/O 0x3e8 (irq = 4, base_baud = 115200) is a 16550A\\r\\n",
                "<board.serconsole.con>[    0.917634] serial8250: ttyS3 at I/O 0x2e8 (irq = 3, base_baud = 115200) is a 16550A\\r\\n",
                "<board.serconsole.con>[    0.920389] Linux agpgart interface v0.103\\r\\n",
                "<board.serconsole.con>[    0.927168] brd: module loaded\\r\\n",
                "<board.serconsole.con>[    0.931622] loop: module loaded\\r\\n",
                "<board.serconsole.con>[    0.932522] Loading iSCSI transport class v2.0-870.\\r\\n",
                "<board.serconsole.con>[    0.937812] ahci 0000:00:1f.2: SSS flag set, parallel bus scan disabled\\r\\n",
                "<board.serconsole.con>[    0.939582] ahci 0000:00:1f.2: AHCI 0001.0200 32 slots 6 ports 3 Gbps 0x3f impl SATA mode\\r\\n",
                "<board.serconsole.con>[    0.941669] ahci 0000:00:1f.2: flags: 64bit ncq sntf ilck stag pm led clo pmp pio slum part ccc ems \\r\\n",
                "<board.serconsole.con>[    0.948536] scsi host0: ahci\\r\\n",
                "<board.serconsole.con>[    0.949994] scsi host1: ahci\\r\\n",
                "<board.serconsole.con>[    0.951511] scsi host2: ahci\\r\\n",
                "<board.serconsole.con>[    0.952896] scsi host3: ahci\\r\\n",
                "<board.serconsole.con>[    0.954425] scsi host4: ahci\\r\\n",
                "<board.serconsole.con>[    0.955833] scsi host5: ahci\\r\\n",
                "<board.serconsole.con>[    0.956670] ata1: SATA max UDMA/133 abar m2048@0xf1020000 port 0xf1020100 irq 24\\r\\n",
                "<board.serconsole.con>[    0.958586] ata2: SATA max UDMA/133 abar m2048@0xf1020000 port 0xf1020180 irq 24\\r\\n",
                "<board.serconsole.con>[    0.960491] ata3: SATA max UDMA/133 abar m2048@0xf1020000 port 0xf1020200 irq 24\\r\\n",
                "<board.serconsole.con>[    0.962397] ata4: SATA max UDMA/133 abar m2048@0xf1020000 port 0xf1020280 irq 24\\r\\n",
                "<board.serconsole.con>[    0.964292] ata5: SATA max UDMA/133 abar m2048@0xf1020000 port 0xf1020300 irq 24\\r\\n",
                "<board.serconsole.con>[    0.966148] ata6: SATA max UDMA/133 abar m2048@0xf1020000 port 0xf1020380 irq 24\\r\\n",
                "<board.serconsole.con>[    0.970366] tun: Universal TUN/TAP device driver, 1.6\\r\\n",
                "<board.serconsole.con>[    0.977027] VFIO - User Level meta-driver version: 0.3\\r\\n",
                "<board.serconsole.con>[    0.979085] i8042: PNP: PS/2 Controller [PNP0303:PS2K,PNP0f03:PS2M] at 0x60,0x64 irq 1,12\\r\\n",
                "<board.serconsole.con>[    0.982418] serio: i8042 KBD port at 0x60,0x64 irq 1\\r\\n",
                "<board.serconsole.con>[    0.983693] serio: i8042 AUX port at 0x60,0x64 irq 12\\r\\n",
                "<board.serconsole.con>[    0.986435] mousedev: PS/2 mouse device common for all mice\\r\\n",
                "<board.serconsole.con>[    0.988667] NET: Registered PF_PACKET protocol family\\r\\n",
                "<board.serconsole.con>[    0.992909] IPI shorthand broadcast: enabled\\r\\n",
                "<board.serconsole.con>[    0.994080] sched_clock: Marking stable (701386553, 292585572)->(1173436245, -179464120)\\r\\n",
                "<board.serconsole.con>[    0.996295] input: AT Translated Set 2 keyboard as /devices/platform/i8042/serio0/input/input0\\r\\n",
                "<board.serconsole.con>[    1.436298] ata1: SATA link up 3.0 Gbps (SStatus 123 SControl 300)\\r\\n",
                "<board.serconsole.con>[    1.437866] ata1.00: ATA-4: Simics Turbo Harddrive, ALPHA1, max UDMA/33\\r\\n",
                "<board.serconsole.con>[    1.439531] ata1.00: 83886080 sectors, multi 0: LBA48 \\r\\n",
                "<board.serconsole.con>[    1.440817] ata1.00: applying bridge limits\\r\\n",
                "<board.serconsole.con>[    1.441967] ata1.00: configured for UDMA/33\\r\\n",
                "<board.serconsole.con>[    1.443191] scsi 0:0:0:0: Direct-Access     ATA      Simics Turbo Har A1   PQ: 0 ANSI: 5\\r\\n",
                "<board.serconsole.con>[    1.446288] sd 0:0:0:0: [sda] 83886080 512-byte logical blocks: (42.9 GB/40.0 GiB)\\r\\n",
                "<board.serconsole.con>[    1.448186] sd 0:0:0:0: [sda] Write Protect is off\\r\\n",
                "<board.serconsole.con>[    1.449507] sd 0:0:0:0: Attached scsi generic sg0 type 0\\r\\n",
                "<board.serconsole.con>[    1.450974] sd 0:0:0:0: [sda] Write cache: enabled, read cache: enabled, doesn't support DPO or FUA\\r\\n",
                "<board.serconsole.con>[    1.455789]  sda: sda1 sda14 sda15\\r\\n",
                "<board.serconsole.con>[    1.457780] sd 0:0:0:0: [sda] Attached SCSI disk\\r\\n",
                "<board.serconsole.con>[    1.916319] ata2: SATA link up 3.0 Gbps (SStatus 123 SControl 300)\\r\\n",
                "<board.serconsole.con>[    1.917886] ata2.00: ATAPI: Simics Turbo CD-ROM, ALPHA1, max UDMA/33\\r\\n",
                "<board.serconsole.con>[    1.919493] ata2.00: applying bridge limits\\r\\n",
                "<board.serconsole.con>[    1.920642] ata2.00: configured for UDMA/33\\r\\n",
                "<board.serconsole.con>[    1.921844] scsi 1:0:0:0: CD-ROM            VTAB     Turbo CD-ROM     R0   PQ: 0 ANSI: 5\\r\\n",
                "<board.serconsole.con>[    1.937434] sr 1:0:0:0: [sr0] scsi3-mmc drive: 4x/4x cd/rw xa/form2 cdda tray\\r\\n",
                "<board.serconsole.con>[    1.939179] cdrom: Uniform CD-ROM driver Revision: 3.20\\r\\n",
                "<board.serconsole.con>[    1.954884] sr 1:0:0:0: Attached scsi generic sg1 type 5\\r\\n",
                "<board.serconsole.con>[    2.420319] ata3: SATA link up 3.0 Gbps (SStatus 123 SControl 300)\\r\\n",
                "<board.serconsole.con>[    2.421886] ata3.00: ATA-4: Simics Turbo Harddrive, ALPHA1, max UDMA/33\\r\\n",
                "<board.serconsole.con>[    2.423552] ata3.00: 16777216 sectors, multi 0: LBA48 \\r\\n",
                "<board.serconsole.con>[    2.424837] ata3.00: applying bridge limits\\r\\n",
                "<board.serconsole.con>[    2.425987] ata3.00: configured for UDMA/33\\r\\n",
                "<board.serconsole.con>[    2.427211] scsi 2:0:0:0: Direct-Access     ATA      Simics Turbo Har A1   PQ: 0 ANSI: 5\\r\\n",
                "<board.serconsole.con>[    2.430320] sd 2:0:0:0: [sdb] 16777216 512-byte logical blocks: (8.59 GB/8.00 GiB)\\r\\n",
                "<board.serconsole.con>[    2.432218] sd 2:0:0:0: [sdb] Write Protect is off\\r\\n",
                "<board.serconsole.con>[    2.433539] sd 2:0:0:0: Attached scsi generic sg2 type 0\\r\\n",
                "<board.serconsole.con>[    2.435005] sd 2:0:0:0: [sdb] Write cache: enabled, read cache: enabled, doesn't support DPO or FUA\\r\\n",
                "<board.serconsole.con>[    2.439717] sd 2:0:0:0: [sdb] Attached SCSI disk\\r\\n",
                "<board.serconsole.con>[    2.746298] ata4: SATA link down (SStatus 0 SControl 300)\\r\\n",
                "<board.serconsole.con>[    3.058298] ata5: SATA link down (SStatus 0 SControl 300)\\r\\n",
                "<board.serconsole.con>[    3.370298] ata6: SATA link down (SStatus 0 SControl 300)\\r\\n",
                "<board.serconsole.con>[    3.374202] EXT4-fs (sda1): mounted filesystem with ordered data mode. Opts: (null). Quota mode: none.\\r\\n",
                "<board.serconsole.con>[    3.376553] VFS: Mounted root (ext4 filesystem) on device 8:1.\\r\\n",
                "<board.serconsole.con>[    3.378113] devtmpfs: mounted\\r\\n",
                "<board.serconsole.con>[    3.379117] Freeing unused kernel image (initmem) memory: 1924K\\r\\n",
                "<board.serconsole.con>[    3.380622] Write protecting the kernel read-only data: 14336k\\r\\n",
                "<board.serconsole.con>[    3.382489] Freeing unused kernel image (text/rodata gap) memory: 2040K\\r\\n",
                "<board.serconsole.con>[    3.384316] Freeing unused kernel image (rodata/data gap) memory: 1876K\\r\\n",
                "<board.serconsole.con>[    3.385941] rodata_test: all tests were successful\\r\\n",
                "<board.serconsole.con>[    3.387145] Run /home/ubuntu/guestinit.sh as init process\\r\\n",
                "<board.serconsole.con>+ export HOME=/root\\r\\n",
                "<board.serconsole.con>+ export LANG=en_US\\r\\n",
                "<board.serconsole.con>+ export PATH=/usr/local/sbin:/usr/local/bin:/usr/sbin:/usr/bin:/sbin:/bin:/usr/games:/usr/local/games\\r\\n",
                "<board.serconsole.con>+ mount -t proc proc /proc\\r\\n",
                "<board.serconsole.con>+ mount -t sysfs sysfs /sys\\r\\n",
                "<board.serconsole.con>+ export PYTHONPATH=/root/tvm/python:\\r\\n",
                "<board.serconsole.con>+ export PYTHONPATH=/root/tvm/vta/python:/root/tvm/python:\\r\\n",
                "<board.serconsole.con>+ export MXNET_HOME=/root/mxnet\\r\\n",
                "<board.serconsole.con>+ ip link set lo up\\r\\n",
                "<board.serconsole.con>+ ip addr add 127.0.0.1/8 dev lo\\r\\n",
                "<board.serconsole.con>RTNETLINK answers: File exists\\r\\n",
                "<board.serconsole.con>+ echo 1\\r\\n",
                "<board.serconsole.con>+ echo dead beef\\r\\n",
                "<board.serconsole.con>[    3.422641] vfio-pci 0000:00:0b.0: Adding to iommu group 0\\r\\n",
                "<board.serconsole.con>[    3.424006] vfio-pci 0000:00:0b.0: Adding kernel taint for vfio-noiommu group on device\\r\\n",
                "<board.serconsole.con>+ echo {\"TARGET\" : \"simbricks-pci\", \"HW_VER\" : \"0.0.2\", \"LOG_INP_WIDTH\" : 3, \"LOG_WGT_WIDTH\" : 3, \"LOG_ACC_WIDTH\" : 5, \"LOG_BATCH\" : 0, \"LOG_BLOCK\" : 4, \"LOG_UOP_BUFF_SIZE\" : 15, \"LOG_INP_BUFF_SIZE\" : 15, \"LOG_WGT_BUFF_SIZE\" : 18, \"LOG_ACC_BUFF_SIZE\" : 17 }\\r\\n",
                "<board.serconsole.con>+ echo ready to checkpoint\\r\\n",
                "<board.serconsole.con>ready to checkpoint\\r\\n",
                "<board.serconsole.con>+ sleep 6\\r\\n",
                "<board.serconsole.con>+ VTA_DEVICE=0000:00:0b.0 python3 -m vta.exec.rpc_server\\r\\n",
                "<board.serconsole.con>2024-09-13 11:18:52.278 INFO bind to 0.0.0.0:9091\\r\\n",
                "[simbricks_pcie0.simbricks_pcie_dev info] (WARNING) simbricks_timer_sync: expected_ts=500000 cur_ts=63000000000000",
                "<board.serconsole.con>+ export VTA_RPC_HOST=127.0.0.1\\r\\n",
                "<board.serconsole.con>+ export VTA_RPC_PORT=9091\\r\\n",
                "<board.serconsole.con>+ python3 /tmp/guest/deploy_classification-infer.py /root/mxnet vta resnet34_v1 /tmp/guest/cat.jpg 4 1 1\\r\\n",
                "<board.serconsole.con>2024-09-13 11:18:57.099 INFO connected from ('127.0.0.1', 46002)\\r\\n",
                "<board.serconsole.con>2024-09-13 11:18:57.100 INFO start serving at /tmp/tmp7i83em1s\\r\\n",
                "<board.serconsole.con>INFO:root:Loading VTA library: /root/tvm/vta/python/vta/../../../build/libvta.so\\r\\n",
                "<board.serconsole.con>2024-09-13 11:18:58.203 INFO load_module /tmp/tmp7i83em1s/graphlib-resnet34_v1-vta-1x16.so\\r\\n",
                "<board.serconsole.con>simbricks-pci: initializing allocator\\r\\n",
                "<board.serconsole.con>simbricks-pci: allocator initialized\\r\\n",
                "<board.serconsole.con>[   11.591782] vfio-pci 0000:00:0b.0: vfio-noiommu device opened by user (python3:382)\\r\\n",
                "<board.serconsole.con>Rep 0: Requesting remote device 7_655_168 ns\\r\\n",
                "<board.serconsole.con>Rep 0: Sending and loading model 1_099_921_012 ns\\r\\n",
                "<board.serconsole.con>Rep 0: Pure inference duration 417_878_288 ns\\r\\n",
                "<board.serconsole.con>Rep 0: End-to-end latency: 1_554_456_276 ns\\r\\n",
                "<board.serconsole.con>\\r\\n",
                "<board.serconsole.con>prediction for sample 0\\r\\n",
                "<board.serconsole.con>\\t#1:tiger cat 11.04721736907959\\r\\n",
                "<board.serconsole.con>2024-09-13 11:18:58.669 INFO finish serving ('127.0.0.1', 46002)\\r\\n",
                "<board.serconsole.con>\\t#2:tabby, tabby cat 9.963272094726562\\r\\n",
                "<board.serconsole.con>\\t#3:Egyptian cat 9.104742050170898\\r\\n",
                "<board.serconsole.con>\\t#4:tennis ball 8.888860702514648\\r\\n",
                "<board.serconsole.con>\\t#5:lynx, catamount 8.03442096710205\\r\\n",
                "<board.serconsole.con>+ poweroff -f\\r\\n",
                "<board.serconsole.con>Powering off.\\r\\n",
                "<board.serconsole.con>[   12.177315] sd 2:0:0:0: [sdb] Synchronizing SCSI cache\\r\\n",
                "<board.serconsole.con>[   12.178641] sd 2:0:0:0: [sdb] Stopping disk\\r\\n",
                "<board.serconsole.con>[   12.179747] sd 0:0:0:0: [sda] Synchronizing SCSI cache\\r\\n",
                "<board.serconsole.con>[   12.181072] sd 0:0:0:0: [sda] Stopping disk\\r\\n",
                "<board.serconsole.con>[   12.182381] ACPI: PM: Preparing to enter system sleep state S5\\r\\n",
                "<board.serconsole.con>[   12.183858] reboot: Power down\\r\\n",
                "[board.mb.sb.lpc.bank.acpi_io_regs unimpl] Sleep state is unimplemented"
            ],
            "stderr": [
                "*** [frontend] When raising SimExc_General 'No class crypto_engine_aes found' at /disk2/mp/builds/mono-145027/core/src/core/common/configuration.c:1393:",
                "[frontend] Previous exception (SimExc_General 'No class crypto_engine_aes found' at /disk2/mp/builds/mono-145027/core/src/core/common/configuration.c:1393) not cleared",
                "*** The finalize_instance() method in the board.mb.cpu0.core[0][0] object left an uncleared frontend exception: No class crypto_engine_aes found"
            ]
        }
    }
}