{
    "exp_name": "classify_simple-resnet34_v1-cpu-simics-16-100-1x16",
    "start_time": 1726214651.0763135,
    "end_time": 1726216118.422214,
    "success": true,
    "interrupted": false,
    "metadata": {},
    "sims": {
        "host.": {
            "class": "SimicsHost",
            "cmd": [
                "/local/jkaufman/simbricks/sims/external/simics/project/simics",
                "-q",
                "-batch-mode",
                "-e",
                "run-command-file /local/jkaufman/simbricks/sims/external/simics/project/targets/qsp-x86/qsp-modern-core.simics disk0_image = /local/jkaufman/simbricks/images/output-base_simics/base_simics.raw disk1_image = /local/jkaufman/simbricks/experiments/out/classify_simple-resnet34_v1-cpu-simics-16-100-1x16/1/cfg..tar cpu_comp_class = x86-cooper-lake freq_mhz = 4000 num_cores = 16 num_threads = 1 memory_megs = 4096 create_network = FALSE",
                "-e",
                "set-time-quantum seconds = 0.000000500",
                "-e",
                "bp.log.break object=board.mb.sb.lpc.bank.acpi_io_regs substr=\"Sleep state is unimplemented\" type=unimpl",
                "-e",
                "run"
            ],
            "stdout": [
                "[board.mb.cpu0.core[0][0] error] Cannot create cryptographic objects. Cryptographic Library (Simics package 4030) is required for simulation of SGX technology. Disabling it.",
                "[board.mb.cpu0.core[0][0] error] Cannot create cryptographic objects. Cryptographic Library is required for simulation of BIOS Guard technology.",
                "[board.mb.cpu0.core[0][0] info] VMP disabled. Failed to open device.",
                "",
                "WARNING: Simics failed to enable VMP. Enabling VMP substantially improves",
                "         simulation performance. The problem is most likely caused by the",
                "         vmxmon kernel module not being properly installed or updated.",
                "         See the \"Simics User's Guide\", the \"Performance\" section,",
                "         for instructions how to setup VMP.",
                "",
                "[board.mb.sb.lpc.bank.cs_conf unimpl] Write to unimplemented field cs_conf.oic.aen (0x31ff) (value written = 0x01, contents = 0x00), will not warn again.",
                "[board.mb.sb.lpc.bank.acpi_io_regs unimpl] Write to unimplemented field acpi_io_regs.smi_en.EOS (0x30) (value written = 0x00000001, contents = 0x00000000), will not warn again.",
                "[board.mb.sb.spi.bank.spi_regs spec-viol] Write to read-only field spi_regs.hsfsts.fdv (value written = 0x0000, contents = 0x0001).",
                "[board.mb.sb.thermal.bank.pci_config spec-viol] Enabling bus master, but this device doesn't support it",
                "[board.mb.sb.lan.bank.csr unimpl] Read from unimplemented register csr.extcnf_ctrl (0x00000f00) (contents = 0x00000000).",
                "[board.mb.sb.lan.bank.csr unimpl] Write to unimplemented register csr.extcnf_ctrl (0xf00) (value written = 0x00000020).",
                "[board.mb.sb.lan.bank.csr unimpl] Write to unimplemented field csr.tctl.rrthresh (0x400) (value written = 0x00000000, contents = 0x00000001), will not warn again.",
                "[board.mb.sb.lan.bank.csr unimpl] Read from unimplemented register csr.fwsm_s (0x00005b54) (contents = 0x00000000).",
                "[board.mb.sb.lan.bank.csr unimpl] Write to unimplemented register csr.strap (0xc) (value written = 0x00008086).",
                "[board.mb.sb.lan.bank.csr spec-viol] Read from poorly or non-documented register csr.dummy_3004 (contents = 0).",
                "[board.mb.sb.lan.bank.csr spec-viol] Write to poorly or non-documented register csr.dummy_3004 (value written = 0x50000, contents = 0).",
                "[board.mb.sb.phy unimpl] Write to unimplemented register mii_regs.vendor_specific[15] (value written = 0x6094, contents = 0).",
                "[board.mb.sb.phy unimpl] Read from unimplemented register mii_regs.vendor_specific[4] (contents = 0).",
                "[board.mb.sb.phy unimpl] Write to unimplemented register mii_regs.vendor_specific[4] (value written = 0, contents = 0).",
                "[board.mb.sb.lan.bank.csr spec-viol] writing 0 to count is not allowed",
                "[board.mb.sb.lan.bank.csr spec-viol] writing 0 to count is not allowed",
                "[board.mb.sb.lan.bank.csr unimpl] Read from unimplemented register csr.eec (0x00000010) (contents = 0x00000000).",
                "[board.mb.sb.lan.bank.csr unimpl] Read from unimplemented register csr.ledctl (0x00000e00) (contents = 0x00000000).",
                "[board.mb.sb.lan.bank.csr unimpl] Write to unimplemented field csr.tx_queue[0].txdctl.pthresh (0x3828) (value written = 0x0000001f, contents = 0x00000000), will not warn again.",
                "[board.mb.sb.lan.bank.csr unimpl] Write to unimplemented field csr.tx_queue[0].txdctl.wthresh (0x3828) (value written = 0x00000001, contents = 0x00000000), will not warn again.",
                "[board.mb.sb.lan.bank.csr unimpl] Write to unimplemented field csr.tx_queue[0].txdctl.gran (0x3828) (value written = 0x00000001, contents = 0x00000000), will not warn again.",
                "[board.mb.sb.lan.bank.csr unimpl] Write to unimplemented field csr.tx_queue[1].txdctl.pthresh (0x3928) (value written = 0x0000001f, contents = 0x00000000), will not warn again.",
                "[board.mb.sb.lan.bank.csr unimpl] Write to unimplemented field csr.tx_queue[1].txdctl.wthresh (0x3928) (value written = 0x00000001, contents = 0x00000000), will not warn again.",
                "[board.mb.sb.lan.bank.csr unimpl] Write to unimplemented field csr.tx_queue[1].txdctl.gran (0x3928) (value written = 0x00000001, contents = 0x00000000), will not warn again.",
                "[board.mb.sb.lan.bank.csr spec-viol] Read from poorly or non-documented register csr.dummy_5b00 (contents = 0).",
                "[board.mb.sb.lan.bank.csr spec-viol] Write to poorly or non-documented register csr.dummy_5b00 (value written = 0xffffffc0, contents = 0).",
                "[board.mb.sb.lan.bank.csr spec-viol] Read from poorly or non-documented register csr.sec (contents = 0).",
                "[board.mb.sb.lan.bank.csr spec-viol] writing 0 to count is not allowed",
                "[board.mb.sb.lan.bank.csr spec-viol] writing 0 to count is not allowed",
                "[board.mb.sb.lan spec-viol] access to reserved register at offset 0x280c in CSR bank",
                "[board.mb.sb.lan.bank.csr unimpl] Write to unimplemented register csr.h2me (0x5b50) (value written = 0x00000000).",
                "<board.serconsole.con>[    0.000000] Linux version 5.15.93 (jkaufman@swsnetlab09) (gcc (Debian 10.2.1-6) 10.2.1 20210110, GNU ld (GNU Binutils for Debian) 2.35.2) #1 SMP Tue Aug 13 22:35:17 CEST 2024\\r\\n",
                "<board.serconsole.con>[    0.000000] Command line: BOOT_IMAGE=/boot/vmlinuz-5.15.93 root=PARTUUID=dfa96477-2762-4716-add2-a5188ecccecb ro console=tty1 console=ttyS0 init=/home/ubuntu/guestinit.sh memmap=512M!1G rw\\r\\n",
                "<board.serconsole.con>[    0.000000] x86/fpu: Supporting XSAVE feature 0x001: 'x87 floating point registers'\\r\\n",
                "<board.serconsole.con>[    0.000000] x86/fpu: Supporting XSAVE feature 0x002: 'SSE registers'\\r\\n",
                "<board.serconsole.con>[    0.000000] x86/fpu: Supporting XSAVE feature 0x004: 'AVX registers'\\r\\n",
                "<board.serconsole.con>[    0.000000] x86/fpu: Supporting XSAVE feature 0x008: 'MPX bounds registers'\\r\\n",
                "<board.serconsole.con>[    0.000000] x86/fpu: Supporting XSAVE feature 0x010: 'MPX CSR'\\r\\n",
                "<board.serconsole.con>[    0.000000] x86/fpu: Supporting XSAVE feature 0x020: 'AVX-512 opmask'\\r\\n",
                "<board.serconsole.con>[    0.000000] x86/fpu: Supporting XSAVE feature 0x040: 'AVX-512 Hi256'\\r\\n",
                "<board.serconsole.con>[    0.000000] x86/fpu: Supporting XSAVE feature 0x080: 'AVX-512 ZMM_Hi256'\\r\\n",
                "<board.serconsole.con>[    0.000000] x86/fpu: Supporting XSAVE feature 0x200: 'Protection Keys User registers'\\r\\n",
                "<board.serconsole.con>[    0.000000] x86/fpu: xstate_offset[2]:  576, xstate_sizes[2]:  256\\r\\n",
                "<board.serconsole.con>[    0.000000] x86/fpu: xstate_offset[3]:  832, xstate_sizes[3]:   64\\r\\n",
                "<board.serconsole.con>[    0.000000] x86/fpu: xstate_offset[4]:  896, xstate_sizes[4]:   64\\r\\n",
                "<board.serconsole.con>[    0.000000] x86/fpu: xstate_offset[5]:  960, xstate_sizes[5]:   64\\r\\n",
                "<board.serconsole.con>[    0.000000] x86/fpu: xstate_offset[6]: 1024, xstate_sizes[6]:  512\\r\\n",
                "<board.serconsole.con>[    0.000000] x86/fpu: xstate_offset[7]: 1536, xstate_sizes[7]: 1024\\r\\n",
                "<board.serconsole.con>[    0.000000] x86/fpu: xstate_offset[9]: 2560, xstate_sizes[9]:    8\\r\\n",
                "<board.serconsole.con>[    0.000000] x86/fpu: Enabled xstate features 0x2ff, context size is 2568 bytes, using 'compacted' format.\\r\\n",
                "<board.serconsole.con>[    0.000000] signal: max sigframe size: 3632\\r\\n",
                "<board.serconsole.con>[    0.000000] BIOS-provided physical RAM map:\\r\\n",
                "<board.serconsole.con>[    0.000000] BIOS-e820: [mem 0x0000000000000000-0x000000000009efff] usable\\r\\n",
                "<board.serconsole.con>[    0.000000] BIOS-e820: [mem 0x000000000009f000-0x000000000009ffff] reserved\\r\\n",
                "<board.serconsole.con>[    0.000000] BIOS-e820: [mem 0x0000000000100000-0x0000000000806fff] usable\\r\\n",
                "<board.serconsole.con>[    0.000000] BIOS-e820: [mem 0x0000000000807000-0x0000000000807fff] ACPI NVS\\r\\n",
                "<board.serconsole.con>[    0.000000] BIOS-e820: [mem 0x0000000000808000-0x000000000080ffff] usable\\r\\n",
                "<board.serconsole.con>[    0.000000] BIOS-e820: [mem 0x0000000000810000-0x0000000000817fff] ACPI NVS\\r\\n",
                "<board.serconsole.con>[    0.000000] BIOS-e820: [mem 0x0000000000818000-0x000000000081ffff] usable\\r\\n",
                "<board.serconsole.con>[    0.000000] BIOS-e820: [mem 0x0000000000820000-0x000000000150ffff] ACPI NVS\\r\\n",
                "<board.serconsole.con>[    0.000000] BIOS-e820: [mem 0x0000000001510000-0x00000000dd970fff] usable\\r\\n",
                "<board.serconsole.con>[    0.000000] BIOS-e820: [mem 0x00000000dd971000-0x00000000dd978fff] reserved\\r\\n",
                "<board.serconsole.con>[    0.000000] BIOS-e820: [mem 0x00000000dd979000-0x00000000dde04fff] usable\\r\\n",
                "<board.serconsole.con>[    0.000000] BIOS-e820: [mem 0x00000000dde05000-0x00000000dde2efff] reserved\\r\\n",
                "<board.serconsole.con>[    0.000000] BIOS-e820: [mem 0x00000000dde2f000-0x00000000dde2ffff] usable\\r\\n",
                "<board.serconsole.con>[    0.000000] BIOS-e820: [mem 0x00000000dde30000-0x00000000dde30fff] ACPI data\\r\\n",
                "<board.serconsole.con>[    0.000000] BIOS-e820: [mem 0x00000000dde31000-0x00000000dde33fff] reserved\\r\\n",
                "<board.serconsole.con>[    0.000000] BIOS-e820: [mem 0x00000000dde34000-0x00000000ddec1fff] usable\\r\\n",
                "<board.serconsole.con>[    0.000000] BIOS-e820: [mem 0x00000000ddec2000-0x00000000ddec2fff] ACPI data\\r\\n",
                "<board.serconsole.con>[    0.000000] BIOS-e820: [mem 0x00000000ddec3000-0x00000000ddf01fff] reserved\\r\\n",
                "<board.serconsole.con>[    0.000000] BIOS-e820: [mem 0x00000000ddf02000-0x00000000ddf11fff] ACPI NVS\\r\\n",
                "<board.serconsole.con>[    0.000000] BIOS-e820: [mem 0x00000000ddf12000-0x00000000ddf13fff] reserved\\r\\n",
                "<board.serconsole.con>[    0.000000] BIOS-e820: [mem 0x00000000ddf14000-0x00000000ddf14fff] ACPI data\\r\\n",
                "<board.serconsole.con>[    0.000000] BIOS-e820: [mem 0x00000000ddf15000-0x00000000ddf19fff] reserved\\r\\n",
                "<board.serconsole.con>[    0.000000] BIOS-e820: [mem 0x00000000ddf1a000-0x00000000def99fff] usable\\r\\n",
                "<board.serconsole.con>[    0.000000] BIOS-e820: [mem 0x00000000def9a000-0x00000000deff1fff] reserved\\r\\n",
                "<board.serconsole.con>[    0.000000] BIOS-e820: [mem 0x00000000deff2000-0x00000000deff9fff] ACPI data\\r\\n",
                "<board.serconsole.con>[    0.000000] BIOS-e820: [mem 0x00000000deffa000-0x00000000deffdfff] ACPI NVS\\r\\n",
                "<board.serconsole.con>[    0.000000] BIOS-e820: [mem 0x00000000deffe000-0x00000000df57ffff] usable\\r\\n",
                "<board.serconsole.con>[    0.000000] BIOS-e820: [mem 0x00000000df580000-0x00000000df7fffff] ACPI NVS\\r\\n",
                "<board.serconsole.con>[    0.000000] BIOS-e820: [mem 0x00000000df800000-0x00000000efffffff] reserved\\r\\n",
                "<board.serconsole.con>[    0.000000] NX (Execute Disable) protection: active\\r\\n",
                "<board.serconsole.con>[    0.000000] user-defined physical RAM map:\\r\\n",
                "<board.serconsole.con>[    0.000000] user: [mem 0x0000000000000000-0x000000000009efff] usable\\r\\n",
                "<board.serconsole.con>[    0.000000] user: [mem 0x000000000009f000-0x000000000009ffff] reserved\\r\\n",
                "<board.serconsole.con>[    0.000000] user: [mem 0x0000000000100000-0x0000000000806fff] usable\\r\\n",
                "<board.serconsole.con>[    0.000000] user: [mem 0x0000000000807000-0x0000000000807fff] ACPI NVS\\r\\n",
                "<board.serconsole.con>[    0.000000] user: [mem 0x0000000000808000-0x000000000080ffff] usable\\r\\n",
                "<board.serconsole.con>[    0.000000] user: [mem 0x0000000000810000-0x0000000000817fff] ACPI NVS\\r\\n",
                "<board.serconsole.con>[    0.000000] user: [mem 0x0000000000818000-0x000000000081ffff] usable\\r\\n",
                "<board.serconsole.con>[    0.000000] user: [mem 0x0000000000820000-0x000000000150ffff] ACPI NVS\\r\\n",
                "<board.serconsole.con>[    0.000000] user: [mem 0x0000000001510000-0x000000003fffffff] usable\\r\\n",
                "<board.serconsole.con>[    0.000000] user: [mem 0x0000000040000000-0x000000005fffffff] persistent (type 12)\\r\\n",
                "<board.serconsole.con>[    0.000000] user: [mem 0x0000000060000000-0x00000000dd970fff] usable\\r\\n",
                "<board.serconsole.con>[    0.000000] user: [mem 0x00000000dd971000-0x00000000dd978fff] reserved\\r\\n",
                "<board.serconsole.con>[    0.000000] user: [mem 0x00000000dd979000-0x00000000dde04fff] usable\\r\\n",
                "<board.serconsole.con>[    0.000000] user: [mem 0x00000000dde05000-0x00000000dde2efff] reserved\\r\\n",
                "<board.serconsole.con>[    0.000000] user: [mem 0x00000000dde2f000-0x00000000dde2ffff] usable\\r\\n",
                "<board.serconsole.con>[    0.000000] user: [mem 0x00000000dde30000-0x00000000dde30fff] ACPI data\\r\\n",
                "<board.serconsole.con>[    0.000000] user: [mem 0x00000000dde31000-0x00000000dde33fff] reserved\\r\\n",
                "<board.serconsole.con>[    0.000000] user: [mem 0x00000000dde34000-0x00000000ddec1fff] usable\\r\\n",
                "<board.serconsole.con>[    0.000000] user: [mem 0x00000000ddec2000-0x00000000ddec2fff] ACPI data\\r\\n",
                "<board.serconsole.con>[    0.000000] user: [mem 0x00000000ddec3000-0x00000000ddf01fff] reserved\\r\\n",
                "<board.serconsole.con>[    0.000000] user: [mem 0x00000000ddf02000-0x00000000ddf11fff] ACPI NVS\\r\\n",
                "<board.serconsole.con>[    0.000000] user: [mem 0x00000000ddf12000-0x00000000ddf13fff] reserved\\r\\n",
                "<board.serconsole.con>[    0.000000] user: [mem 0x00000000ddf14000-0x00000000ddf14fff] ACPI data\\r\\n",
                "<board.serconsole.con>[    0.000000] user: [mem 0x00000000ddf15000-0x00000000ddf19fff] reserved\\r\\n",
                "<board.serconsole.con>[    0.000000] user: [mem 0x00000000ddf1a000-0x00000000def99fff] usable\\r\\n",
                "<board.serconsole.con>[    0.000000] user: [mem 0x00000000def9a000-0x00000000deff1fff] reserved\\r\\n",
                "<board.serconsole.con>[    0.000000] user: [mem 0x00000000deff2000-0x00000000deff9fff] ACPI data\\r\\n",
                "<board.serconsole.con>[    0.000000] user: [mem 0x00000000deffa000-0x00000000deffdfff] ACPI NVS\\r\\n",
                "<board.serconsole.con>[    0.000000] user: [mem 0x00000000deffe000-0x00000000df57ffff] usable\\r\\n",
                "<board.serconsole.con>[    0.000000] user: [mem 0x00000000df580000-0x00000000df7fffff] ACPI NVS\\r\\n",
                "<board.serconsole.con>[    0.000000] user: [mem 0x00000000df800000-0x00000000efffffff] reserved\\r\\n",
                "<board.serconsole.con>[    0.000000] efi: EFI v2.70 by EDK II\\r\\n",
                "<board.serconsole.con>[    0.000000] efi: ACPI=0xdeff9000 ACPI 2.0=0xdeff9014 \\r\\n",
                "<board.serconsole.con>[    0.000000] DMI not present or invalid.\\r\\n",
                "<board.serconsole.con>[    0.000000] tsc: calibrated TSC: tsc_freq=4000000\\r\\n",
                "<board.serconsole.con>[    0.000000] tsc: Detected 1608.000 MHz processor\\r\\n",
                "<board.serconsole.con>[    0.000104] last_pfn = 0xdf580 max_arch_pfn = 0x400000000\\r\\n",
                "<board.serconsole.con>[    0.000116] x86/PAT: Configuration [0-7]: WB  WC  UC- UC  WB  WP  UC- WT  \\r\\n",
                "<board.serconsole.con>[    0.001069] Using GB pages for direct mapping\\r\\n",
                "<board.serconsole.con>[    0.005099] Secure boot disabled\\r\\n",
                "<board.serconsole.con>[    0.005110] ACPI: Early table checksum verification disabled\\r\\n",
                "<board.serconsole.con>[    0.005121] ACPI: RSDP 0x00000000DEFF9014 000024 (v02 INTEL )\\r\\n",
                "<board.serconsole.con>[    0.005154] ACPI: XSDT 0x00000000DEFF80E8 00005C (v01 INTEL  S2600WF  00000000 INTL 20091013)\\r\\n",
                "<board.serconsole.con>[    0.005187] ACPI: FACP 0x00000000DEFF5000 00010C (v05 INTEL  S2600WF  00000000 INTL 20091013)\\r\\n",
                "<board.serconsole.con>[    0.005221] ACPI BIOS Warning (bug): Optional FADT field Gpe0Block has valid Address but zero Length: 0x0000000000000420/0x0 (20210730/tbfadt-615)\\r\\n",
                "<board.serconsole.con>[    0.005255] ACPI: DSDT 0x00000000DEFF6000 001836 (v01 INTEL  SIMICS   00000004 INTL 20200925)\\r\\n",
                "<board.serconsole.con>[    0.005289] ACPI: FACS 0x00000000DEFFC000 000040\\r\\n",
                "<board.serconsole.con>[    0.005322] ACPI: HPET 0x00000000DEFF4000 000038 (v01 INTEL  S2600WF  00000001 INTL 20091013)\\r\\n",
                "<board.serconsole.con>[    0.005355] ACPI: WSMT 0x00000000DEFF3000 000028 (v01 INTEL  S2600WF  00000001 INTL 20091013)\\r\\n",
                "<board.serconsole.con>[    0.005389] ACPI: APIC 0x00000000DEFF2000 0000DE (v03 INTEL  S2600WF  00000000      00000000)\\r\\n",
                "<board.serconsole.con>[    0.005422] ACPI: MCFG 0x00000000DDEC2000 00003C (v01 INTEL  S2600WF  00000000      00000000)\\r\\n",
                "<board.serconsole.con>[    0.005456] ACPI: FPDT 0x00000000DDF14000 000044 (v01 INTEL  S2600WF  00000002 INTL 20091013)\\r\\n",
                "<board.serconsole.con>[    0.005490] ACPI: BGRT 0x00000000DDE30000 000038 (v01 INTEL  S2600WF  00000002 INTL 20091013)\\r\\n",
                "<board.serconsole.con>[    0.005523] ACPI: Reserving FACP table memory at [mem 0xdeff5000-0xdeff510b]\\r\\n",
                "<board.serconsole.con>[    0.005535] ACPI: Reserving DSDT table memory at [mem 0xdeff6000-0xdeff7835]\\r\\n",
                "<board.serconsole.con>[    0.005547] ACPI: Reserving FACS table memory at [mem 0xdeffc000-0xdeffc03f]\\r\\n",
                "<board.serconsole.con>[    0.005558] ACPI: Reserving HPET table memory at [mem 0xdeff4000-0xdeff4037]\\r\\n",
                "<board.serconsole.con>[    0.005570] ACPI: Reserving WSMT table memory at [mem 0xdeff3000-0xdeff3027]\\r\\n",
                "<board.serconsole.con>[    0.005582] ACPI: Reserving APIC table memory at [mem 0xdeff2000-0xdeff20dd]\\r\\n",
                "<board.serconsole.con>[    0.005594] ACPI: Reserving MCFG table memory at [mem 0xddec2000-0xddec203b]\\r\\n",
                "<board.serconsole.con>[    0.005606] ACPI: Reserving FPDT table memory at [mem 0xddf14000-0xddf14043]\\r\\n",
                "<board.serconsole.con>[    0.005618] ACPI: Reserving BGRT table memory at [mem 0xdde30000-0xdde30037]\\r\\n",
                "<board.serconsole.con>[    0.006293] No NUMA configuration found\\r\\n",
                "<board.serconsole.con>[    0.006304] Faking a node at [mem 0x0000000000000000-0x00000000df57ffff]\\r\\n",
                "<board.serconsole.con>[    0.006326] NODE_DATA(0) allocated [mem 0xdf2e1000-0xdf302fff]\\r\\n",
                "<board.serconsole.con>[    0.006936] Zone ranges:\\r\\n",
                "<board.serconsole.con>[    0.006946]   DMA      [mem 0x0000000000001000-0x0000000000ffffff]\\r\\n",
                "<board.serconsole.con>[    0.006968]   DMA32    [mem 0x0000000001000000-0x00000000df57ffff]\\r\\n",
                "<board.serconsole.con>[    0.006990]   Normal   empty\\r\\n",
                "<board.serconsole.con>[    0.007012] Movable zone start for each node\\r\\n",
                "<board.serconsole.con>[    0.007025] Early memory node ranges\\r\\n",
                "<board.serconsole.con>[    0.007036]   node   0: [mem 0x0000000000001000-0x000000000009efff]\\r\\n",
                "<board.serconsole.con>[    0.007047]   node   0: [mem 0x0000000000100000-0x0000000000806fff]\\r\\n",
                "<board.serconsole.con>[    0.007059]   node   0: [mem 0x0000000000808000-0x000000000080ffff]\\r\\n",
                "<board.serconsole.con>[    0.007070]   node   0: [mem 0x0000000000818000-0x000000000081ffff]\\r\\n",
                "<board.serconsole.con>[    0.007082]   node   0: [mem 0x0000000001510000-0x000000003fffffff]\\r\\n",
                "<board.serconsole.con>[    0.007094]   node   0: [mem 0x0000000060000000-0x00000000dd970fff]\\r\\n",
                "<board.serconsole.con>[    0.007105]   node   0: [mem 0x00000000dd979000-0x00000000dde04fff]\\r\\n",
                "<board.serconsole.con>[    0.007117]   node   0: [mem 0x00000000dde2f000-0x00000000dde2ffff]\\r\\n",
                "<board.serconsole.con>[    0.007128]   node   0: [mem 0x00000000dde34000-0x00000000ddec1fff]\\r\\n",
                "<board.serconsole.con>[    0.007140]   node   0: [mem 0x00000000ddf1a000-0x00000000def99fff]\\r\\n",
                "<board.serconsole.con>[    0.007152]   node   0: [mem 0x00000000deffe000-0x00000000df57ffff]\\r\\n",
                "<board.serconsole.con>[    0.007163] Initmem setup node 0 [mem 0x0000000000001000-0x00000000df57ffff]\\r\\n",
                "<board.serconsole.con>[    0.007179] On node 0, zone DMA: 1 pages in unavailable ranges\\r\\n",
                "<board.serconsole.con>[    0.007221] On node 0, zone DMA: 97 pages in unavailable ranges\\r\\n",
                "<board.serconsole.con>[    0.007233] On node 0, zone DMA: 1 pages in unavailable ranges\\r\\n",
                "<board.serconsole.con>[    0.007245] On node 0, zone DMA: 8 pages in unavailable ranges\\r\\n",
                "<board.serconsole.con>[    0.011471] On node 0, zone DMA32: 3312 pages in unavailable ranges\\r\\n",
                "<board.serconsole.con>[    0.019758] On node 0, zone DMA32: 8 pages in unavailable ranges\\r\\n",
                "<board.serconsole.con>[    0.019771] On node 0, zone DMA32: 42 pages in unavailable ranges\\r\\n",
                "<board.serconsole.con>[    0.019785] On node 0, zone DMA32: 4 pages in unavailable ranges\\r\\n",
                "<board.serconsole.con>[    0.019867] On node 0, zone DMA32: 88 pages in unavailable ranges\\r\\n",
                "<board.serconsole.con>[    0.019904] On node 0, zone DMA32: 100 pages in unavailable ranges\\r\\n",
                "<board.serconsole.con>[    0.019993] On node 0, zone DMA32: 2688 pages in unavailable ranges\\r\\n",
                "<board.serconsole.con>[    0.026928] ACPI: PM-Timer IO Port: 0x408\\r\\n",
                "<board.serconsole.con>[    0.026941] ACPI: X2APIC_NMI (uid[0xffffffff] high level lint[0x1])\\r\\n",
                "<board.serconsole.con>[    0.026953] ACPI: LAPIC_NMI (acpi_id[0xff] high level lint[0x1])\\r\\n",
                "<board.serconsole.con>[    0.026965] IOAPIC[0]: apic_id 2, version 32, address 0xfec00000, GSI 0-23\\r\\n",
                "<board.serconsole.con>[    0.026978] ACPI: INT_SRC_OVR (bus 0 bus_irq 0 global_irq 2 dfl dfl)\\r\\n",
                "<board.serconsole.con>[    0.026990] ACPI: INT_SRC_OVR (bus 0 bus_irq 9 global_irq 9 high level)\\r\\n",
                "<board.serconsole.con>[    0.027004] ACPI: Using ACPI (MADT) for SMP configuration information\\r\\n",
                "<board.serconsole.con>[    0.027015] ACPI: HPET id: 0x8086a701 base: 0xfed00000\\r\\n",
                "<board.serconsole.con>[    0.027027] TSC deadline timer available\\r\\n",
                "<board.serconsole.con>[    0.027038] smpboot: Allowing 16 CPUs, 0 hotplug CPUs\\r\\n",
                "<board.serconsole.con>[    0.027086] [mem 0xf0000000-0xffffffff] available for PCI devices\\r\\n",
                "<board.serconsole.con>[    0.027097] Booting paravirtualized kernel on bare hardware\\r\\n",
                "<board.serconsole.con>[    0.027109] clocksource: refined-jiffies: mask: 0xffffffff max_cycles: 0xffffffff, max_idle_ns: 1910969940391419 ns\\r\\n",
                "<board.serconsole.con>[    0.029494] setup_percpu: NR_CPUS:8192 nr_cpumask_bits:16 nr_cpu_ids:16 nr_node_ids:1\\r\\n",
                "<board.serconsole.con>[    0.029520] percpu: Embedded 50 pages/cpu s166936 r8192 d29672 u262144\\r\\n",
                "<board.serconsole.con>[    0.029808] Built 1 zonelists, mobility grouping on.  Total pages: 769259\\r\\n",
                "<board.serconsole.con>[    0.029820] Policy zone: DMA32\\r\\n",
                "<board.serconsole.con>[    0.029831] Kernel command line: BOOT_IMAGE=/boot/vmlinuz-5.15.93 root=PARTUUID=dfa96477-2762-4716-add2-a5188ecccecb ro console=tty1 console=ttyS0 init=/home/ubuntu/guestinit.sh memmap=512M!1G rw\\r\\n",
                "<board.serconsole.con>[    0.029892] Unknown kernel command line parameters \"BOOT_IMAGE=/boot/vmlinuz-5.15.93\", will be passed to user space.\\r\\n",
                "<board.serconsole.con>[    0.029907] Dentry cache hash table entries: 524288 (order: 10, 4194304 bytes, linear)\\r\\n",
                "<board.serconsole.con>[    0.029922] Inode-cache hash table entries: 262144 (order: 9, 2097152 bytes, linear)\\r\\n",
                "<board.serconsole.con>[    0.030003] mem auto-init: stack:off, heap alloc:off, heap free:off\\r\\n",
                "<board.serconsole.con>[    0.037900] Memory: 3016564K/3120332K available (8198K kernel code, 1892K rwdata, 2220K rodata, 1924K init, 2544K bss, 103512K reserved, 0K cma-reserved)\\r\\n",
                "<board.serconsole.con>[    0.038053] rcu: Hierarchical RCU implementation.\\r\\n",
                "<board.serconsole.con>[    0.038064] rcu: \\tRCU restricting CPUs from NR_CPUS=8192 to nr_cpu_ids=16.\\r\\n",
                "<board.serconsole.con>[    0.038076] rcu: RCU calculated value of scheduler-enlistment delay is 100 jiffies.\\r\\n",
                "<board.serconsole.con>[    0.038087] rcu: Adjusting geometry for rcu_fanout_leaf=16, nr_cpu_ids=16\\r\\n",
                "<board.serconsole.con>[    0.038669] NR_IRQS: 524544, nr_irqs: 552, preallocated irqs: 16\\r\\n",
                "<board.serconsole.con>[    0.039120] random: crng init done\\r\\n",
                "<board.serconsole.con>[    0.039241] Console: colour dummy device 80x25\\r\\n",
                "<board.serconsole.con>[    0.039669] printk: console [tty1] enabled\\r\\n",
                "<board.serconsole.con>[    0.316238] printk: console [ttyS0] enabled\\r\\n",
                "<board.serconsole.con>[    0.317263] ACPI: Core revision 20210730\\r\\n",
                "<board.serconsole.con>[    0.318266] clocksource: hpet: mask: 0xffffffff max_cycles: 0xffffffff, max_idle_ns: 133484882848 ns\\r\\n",
                "<board.serconsole.con>[    0.320434] APIC: Switch to symmetric I/O mode setup\\r\\n",
                "<board.serconsole.con>[    0.321688] Switched APIC routing to physical flat.\\r\\n",
                "<board.serconsole.con>[    0.323303] ..TIMER: vector=0x30 apic1=0 pin1=2 apic2=-1 pin2=-1\\r\\n",
                "<board.serconsole.con>[    0.329451] clocksource: tsc-early: mask: 0xffffffffffffffff max_cycles: 0x172daa3a18b, max_idle_ns: 440795212390 ns\\r\\n",
                "<board.serconsole.con>[    0.331958] Calibrating delay loop (skipped), value calculated using timer frequency.. 3216.00 BogoMIPS (lpj=1608000)\\r\\n",
                "<board.serconsole.con>[    0.332989] pid_max: default: 32768 minimum: 301\\r\\n",
                "<board.serconsole.con>[    0.335334] Mount-cache hash table entries: 8192 (order: 4, 65536 bytes, linear)\\r\\n",
                "<board.serconsole.con>[    0.335992] Mountpoint-cache hash table entries: 8192 (order: 4, 65536 bytes, linear)\\r\\n",
                "<board.serconsole.con>[    0.337080] CPU0: Thermal monitoring enabled (TM1)\\r\\n",
                "<board.serconsole.con>[    0.337991] process: using mwait in idle threads\\r\\n",
                "<board.serconsole.con>[    0.338989] Last level iTLB entries: 4KB 48, 2MB 0, 4MB 0\\r\\n",
                "<board.serconsole.con>[    0.339989] Last level dTLB entries: 4KB 256, 2MB 0, 4MB 0, 1GB 16\\r\\n",
                "<board.serconsole.con>[    0.340989] Spectre V1 : Mitigation: usercopy/swapgs barriers and __user pointer sanitization\\r\\n",
                "<board.serconsole.con>[    0.341990] Spectre V2 : Mitigation: Enhanced IBRS\\r\\n",
                "<board.serconsole.con>[    0.342989] Spectre V2 : Spectre v2 / SpectreRSB mitigation: Filling RSB on context switch\\r\\n",
                "<board.serconsole.con>[    0.343989] Spectre V2 : Spectre v2 / PBRSB-eIBRS: Retire a single CALL on VMEXIT\\r\\n",
                "<board.serconsole.con>[    0.344989] RETBleed: Mitigation: Enhanced IBRS\\r\\n",
                "<board.serconsole.con>[    0.345989] Spectre V2 : mitigation: Enabling conditional Indirect Branch Prediction Barrier\\r\\n",
                "<board.serconsole.con>[    0.346990] Speculative Store Bypass: Mitigation: Speculative Store Bypass disabled via prctl\\r\\n",
                "<board.serconsole.con>[    0.347989] MDS: Vulnerable: Clear CPU buffers attempted, no microcode\\r\\n",
                "<board.serconsole.con>[    0.348989] TAA: Vulnerable: Clear CPU buffers attempted, no microcode\\r\\n",
                "<board.serconsole.con>[    0.349989] MMIO Stale Data: Vulnerable: Clear CPU buffers attempted, no microcode\\r\\n",
                "<board.serconsole.con>[    0.351119] Freeing SMP alternatives memory: 12K\\r\\n",
                "[board.mb.cpu0.core[0][0] info] 0x66a: Reading from unknown MSR. Signaling GP fault.",
                "<board.serconsole.con>[    0.353068] smpboot: CPU0: Intel(R) Xeon(R) Gold CPU             @ 2.30GHz (family: 0x6, model: 0x55, stepping: 0xc)\\r\\n",
                "<board.serconsole.con>[    0.354646] Performance Events: PEBS fmt4+-baseline, Skylake events, 32-deep LBR, full-width counters, Intel PMU driver.\\r\\n",
                "<board.serconsole.con>[    0.354989] ... version:                4\\r\\n",
                "<board.serconsole.con>[    0.355948] ... bit width:              48\\r\\n",
                "<board.serconsole.con>[    0.355989] ... generic registers:      8\\r\\n",
                "<board.serconsole.con>[    0.356948] ... value mask:             0000ffffffffffff\\r\\n",
                "<board.serconsole.con>[    0.356989] ... max period:             00007fffffffffff\\r\\n",
                "<board.serconsole.con>[    0.357989] ... fixed-purpose events:   3\\r\\n",
                "<board.serconsole.con>[    0.358948] ... event mask:             00000007000000ff\\r\\n",
                "<board.serconsole.con>[    0.359178] rcu: Hierarchical SRCU implementation.\\r\\n",
                "<board.serconsole.con>[    0.360708] smp: Bringing up secondary CPUs ...\\r\\n",
                "<board.serconsole.con>[    0.361584] x86: Booting SMP configuration:\\r\\n",
                "<board.serconsole.con>[    0.361999] .... node  #0, CPUs:        #1  #2  #3  #4  #5  #6  #7  #8  #9 #10 #11 #12 #13 #14 #15\\r\\n",
                "<board.serconsole.con>[    0.374786] smp: Brought up 1 node, 16 CPUs\\r\\n",
                "<board.serconsole.con>[    0.375989] smpboot: Max logical packages: 1\\r\\n",
                "<board.serconsole.con>[    0.376989] smpboot: Total of 16 processors activated (51456.00 BogoMIPS)\\r\\n",
                "<board.serconsole.con>[    0.378611] devtmpfs: initialized\\r\\n",
                "<board.serconsole.con>[    0.378999] x86/mm: Memory block size: 128MB\\r\\n",
                "<board.serconsole.con>[    0.380833] clocksource: jiffies: mask: 0xffffffff max_cycles: 0xffffffff, max_idle_ns: 1911260446275000 ns\\r\\n",
                "<board.serconsole.con>[    0.383000] futex hash table entries: 4096 (order: 6, 262144 bytes, linear)\\r\\n",
                "<board.serconsole.con>[    0.384023] \\r\\n",
                "<board.serconsole.con>[    0.384415] *************************************************************\\r\\n",
                "<board.serconsole.con>[    0.385989] **     NOTICE NOTICE NOTICE NOTICE NOTICE NOTICE NOTICE    **\\r\\n",
                "<board.serconsole.con>[    0.387989] **                                                         **\\r\\n",
                "<board.serconsole.con>[    0.389989] **  IOMMU DebugFS SUPPORT HAS BEEN ENABLED IN THIS KERNEL  **\\r\\n",
                "<board.serconsole.con>[    0.390989] **                                                         **\\r\\n",
                "<board.serconsole.con>[    0.392989] ** This means that this kernel is built to expose internal **\\r\\n",
                "<board.serconsole.con>[    0.393999] ** IOMMU data structures, which may compromise security on **\\r\\n",
                "<board.serconsole.con>[    0.395989] ** your system.                                            **\\r\\n",
                "<board.serconsole.con>[    0.397989] **                                                         **\\r\\n",
                "<board.serconsole.con>[    0.398989] ** If you see this message and you are not debugging the   **\\r\\n",
                "<board.serconsole.con>[    0.400989] ** kernel, report this immediately to your vendor!         **\\r\\n",
                "<board.serconsole.con>[    0.401989] **                                                         **\\r\\n",
                "<board.serconsole.con>[    0.403989] **     NOTICE NOTICE NOTICE NOTICE NOTICE NOTICE NOTICE    **\\r\\n",
                "<board.serconsole.con>[    0.405989] *************************************************************\\r\\n",
                "<board.serconsole.con>[    0.407064] NET: Registered PF_NETLINK/PF_ROUTE protocol family\\r\\n",
                "<board.serconsole.con>[    0.409086] audit: initializing netlink subsys (disabled)\\r\\n",
                "<board.serconsole.con>[    0.410660] audit: type=2000 audit(1726221904.087:1): state=initialized audit_enabled=0 res=1\\r\\n",
                "<board.serconsole.con>[    0.410660] thermal_sys: Registered thermal governor 'step_wise'\\r\\n",
                "<board.serconsole.con>[    0.411999] thermal_sys: Registered thermal governor 'user_space'\\r\\n",
                "<board.serconsole.con>[    0.414285] cpuidle: using governor ladder\\r\\n",
                "<board.serconsole.con>[    0.416641] ACPI: bus type PCI registered\\r\\n",
                "<board.serconsole.con>[    0.416989] acpiphp: ACPI Hot Plug PCI Controller Driver version: 0.5\\r\\n",
                "<board.serconsole.con>[    0.418180] PCI: MMCONFIG for domain 0000 [bus 00-ff] at [mem 0xe0000000-0xefffffff] (base 0xe0000000)\\r\\n",
                "<board.serconsole.con>[    0.418989] PCI: MMCONFIG at [mem 0xe0000000-0xefffffff] reserved in E820\\r\\n",
                "<board.serconsole.con>[    0.420011] PCI: Using configuration type 1 for base access\\r\\n",
                "<board.serconsole.con>[    0.422736] HugeTLB registered 1.00 GiB page size, pre-allocated 0 pages\\r\\n",
                "<board.serconsole.con>[    0.422999] HugeTLB registered 2.00 MiB page size, pre-allocated 0 pages\\r\\n",
                "<board.serconsole.con>[    0.427360] ACPI: Added _OSI(Module Device)\\r\\n",
                "<board.serconsole.con>[    0.427999] ACPI: Added _OSI(Processor Device)\\r\\n",
                "<board.serconsole.con>[    0.428989] ACPI: Added _OSI(3.0 _SCP Extensions)\\r\\n",
                "<board.serconsole.con>[    0.429989] ACPI: Added _OSI(Processor Aggregator Device)\\r\\n",
                "<board.serconsole.con>[    0.431989] ACPI: Added _OSI(Linux-Dell-Video)\\r\\n",
                "<board.serconsole.con>[    0.432989] ACPI: Added _OSI(Linux-Lenovo-NV-HDMI-Audio)\\r\\n",
                "<board.serconsole.con>[    0.433989] ACPI: Added _OSI(Linux-HPI-Hybrid-Graphics)\\r\\n",
                "<board.serconsole.con>[    0.436143] ACPI: 1 ACPI AML tables successfully acquired and loaded\\r\\n",
                "<board.serconsole.con>[    0.438486] ACPI: Interpreter enabled\\r\\n",
                "<board.serconsole.con>[    0.438991] ACPI: PM: (supports S0 S5)\\r\\n",
                "<board.serconsole.con>[    0.439903] ACPI: Using IOAPIC for interrupt routing\\r\\n",
                "<board.serconsole.con>[    0.441000] PCI: Using host bridge windows from ACPI; if necessary, use \"pci=nocrs\" and report a bug\\r\\n",
                "<board.serconsole.con>[    0.445443] ACPI: PCI Root Bridge [PCI0] (domain 0000 [bus 00-ff])\\r\\n",
                "<board.serconsole.con>[    0.445990] acpi PNP0A03:00: _OSC: OS supports [ExtendedConfig ASPM ClockPM Segments MSI HPX-Type3]\\r\\n",
                "<board.serconsole.con>[    0.449038] PCI host bridge to bus 0000:00\\r\\n",
                "<board.serconsole.con>[    0.449989] pci_bus 0000:00: root bus resource [io  0x0000-0x0cf7 window]\\r\\n",
                "<board.serconsole.con>[    0.450989] pci_bus 0000:00: root bus resource [io  0x0d00-0xffff window]\\r\\n",
                "<board.serconsole.con>[    0.452989] pci_bus 0000:00: root bus resource [mem 0x000a0000-0x000bffff window]\\r\\n",
                "<board.serconsole.con>[    0.454989] pci_bus 0000:00: root bus resource [mem 0xf0000000-0xfbffffff window]\\r\\n",
                "<board.serconsole.con>[    0.455989] pci_bus 0000:00: root bus resource [mem 0x800000000-0xaffffffff window]\\r\\n",
                "<board.serconsole.con>[    0.457989] pci_bus 0000:00: root bus resource [bus 00-ff]\\r\\n",
                "<board.serconsole.con>[    0.459134] pci 0000:00:00.0: [8086:3400] type 00 class 0x080000\\r\\n",
                "<board.serconsole.con>[    0.462691] pci 0000:00:01.0: [8086:3408] type 01 class 0x060400\\r\\n",
                "<board.serconsole.con>[    0.464810] pci 0000:00:01.0: enabling Extended Tags\\r\\n",
                "<board.serconsole.con>[    0.466833] pci 0000:00:01.0: PME# supported from D0 D3hot D3cold\\r\\n",
                "<board.serconsole.con>[    0.468572] pci 0000:00:02.0: [8086:3409] type 01 class 0x060400\\r\\n",
                "<board.serconsole.con>[    0.470810] pci 0000:00:02.0: enabling Extended Tags\\r\\n",
                "<board.serconsole.con>[    0.472833] pci 0000:00:02.0: PME# supported from D0 D3hot D3cold\\r\\n",
                "<board.serconsole.con>[    0.475571] pci 0000:00:03.0: [8086:340a] type 01 class 0x060400\\r\\n",
                "<board.serconsole.con>[    0.477810] pci 0000:00:03.0: enabling Extended Tags\\r\\n",
                "<board.serconsole.con>[    0.479833] pci 0000:00:03.0: PME# supported from D0 D3hot D3cold\\r\\n",
                "<board.serconsole.con>[    0.481572] pci 0000:00:04.0: [8086:340b] type 01 class 0x060400\\r\\n",
                "<board.serconsole.con>[    0.483810] pci 0000:00:04.0: enabling Extended Tags\\r\\n",
                "<board.serconsole.con>[    0.485833] pci 0000:00:04.0: PME# supported from D0 D3hot D3cold\\r\\n",
                "<board.serconsole.con>[    0.487571] pci 0000:00:05.0: [8086:340c] type 01 class 0x060400\\r\\n",
                "<board.serconsole.con>[    0.489810] pci 0000:00:05.0: enabling Extended Tags\\r\\n",
                "<board.serconsole.con>[    0.491833] pci 0000:00:05.0: PME# supported from D0 D3hot D3cold\\r\\n",
                "<board.serconsole.con>[    0.493592] pci 0000:00:07.0: [8086:340e] type 01 class 0x060400\\r\\n",
                "<board.serconsole.con>[    0.495810] pci 0000:00:07.0: enabling Extended Tags\\r\\n",
                "<board.serconsole.con>[    0.497833] pci 0000:00:07.0: PME# supported from D0 D3hot D3cold\\r\\n",
                "<board.serconsole.con>[    0.500612] pci 0000:00:0f.0: [4321:1111] type 00 class 0x030000\\r\\n",
                "<board.serconsole.con>[    0.502249] pci 0000:00:0f.0: reg 0x10: [mem 0xf0000000-0xf0ffffff]\\r\\n",
                "<board.serconsole.con>[    0.504933] pci 0000:00:0f.0: Video device with shadowed ROM at [mem 0x000c0000-0x000dffff]\\r\\n",
                "<board.serconsole.con>[    0.506430] pci 0000:00:10.0: [8086:3425] type 00 class 0x080000\\r\\n",
                "<board.serconsole.con>[    0.509391] pci 0000:00:10.1: [8086:3426] type 00 class 0x080000\\r\\n",
                "<board.serconsole.con>[    0.512512] pci 0000:00:11.0: [8086:3427] type 00 class 0x080000\\r\\n",
                "<board.serconsole.con>[    0.515391] pci 0000:00:11.1: [8086:3428] type 00 class 0x080000\\r\\n",
                "<board.serconsole.con>[    0.518612] pci 0000:00:13.0: [8086:342d] type 00 class 0x080020\\r\\n",
                "<board.serconsole.con>[    0.520229] pci 0000:00:13.0: reg 0x10: [mem 0xf1024000-0xf1024fff]\\r\\n",
                "<board.serconsole.con>[    0.523249] pci 0000:00:13.0: PME# supported from D0 D3hot D3cold\\r\\n",
                "<board.serconsole.con>[    0.524390] pci 0000:00:14.0: [8086:342e] type 00 class 0x080000\\r\\n",
                "<board.serconsole.con>[    0.527914] pci 0000:00:14.1: [8086:3422] type 00 class 0x080000\\r\\n",
                "<board.serconsole.con>[    0.531914] pci 0000:00:14.2: [8086:3423] type 00 class 0x080000\\r\\n",
                "<board.serconsole.con>[    0.534834] pci 0000:00:14.3: [8086:3438] type 00 class 0x080000\\r\\n",
                "<board.serconsole.con>[    0.537712] pci 0000:00:19.0: [8086:10cd] type 00 class 0x020000\\r\\n",
                "<board.serconsole.con>[    0.539249] pci 0000:00:19.0: reg 0x10: [mem 0xf1000000-0xf101ffff]\\r\\n",
                "<board.serconsole.con>[    0.541129] pci 0000:00:19.0: reg 0x14: [mem 0xf1023000-0xf1023fff]\\r\\n",
                "<board.serconsole.con>[    0.543129] pci 0000:00:19.0: reg 0x18: [io  0xc100-0xc11f]\\r\\n",
                "<board.serconsole.con>[    0.545609] pci 0000:00:1a.0: [8086:3a67] type 00 class 0x0c0300\\r\\n",
                "<board.serconsole.con>[    0.547810] pci 0000:00:1a.0: reg 0x20: [io  0xc0e0-0xc0ff]\\r\\n",
                "<board.serconsole.con>[    0.549989] pci 0000:00:1a.1: [8086:3a68] type 00 class 0x0c0300\\r\\n",
                "<board.serconsole.con>[    0.552810] pci 0000:00:1a.1: reg 0x20: [io  0xc0c0-0xc0df]\\r\\n",
                "<board.serconsole.con>[    0.554989] pci 0000:00:1a.2: [8086:3a69] type 00 class 0x0c0300\\r\\n",
                "<board.serconsole.con>[    0.556810] pci 0000:00:1a.2: reg 0x20: [io  0xc0a0-0xc0bf]\\r\\n",
                "<board.serconsole.con>[    0.559152] pci 0000:00:1a.7: [8086:3a6c] type 00 class 0x0c0320\\r\\n",
                "<board.serconsole.con>[    0.561249] pci 0000:00:1a.7: reg 0x10: [mem 0xf1022000-0xf10223ff]\\r\\n",
                "<board.serconsole.con>[    0.564450] pci 0000:00:1a.7: PME# supported from D0 D3hot D3cold\\r\\n",
                "<board.serconsole.con>[    0.566510] pci 0000:00:1d.0: [8086:3a64] type 00 class 0x0c0300\\r\\n",
                "<board.serconsole.con>[    0.568810] pci 0000:00:1d.0: reg 0x20: [io  0xc080-0xc09f]\\r\\n",
                "<board.serconsole.con>[    0.570989] pci 0000:00:1d.1: [8086:3a65] type 00 class 0x0c0300\\r\\n",
                "<board.serconsole.con>[    0.572810] pci 0000:00:1d.1: reg 0x20: [io  0xc060-0xc07f]\\r\\n",
                "<board.serconsole.con>[    0.574989] pci 0000:00:1d.2: [8086:3a66] type 00 class 0x0c0300\\r\\n",
                "<board.serconsole.con>[    0.577810] pci 0000:00:1d.2: reg 0x20: [io  0xc040-0xc05f]\\r\\n",
                "<board.serconsole.con>[    0.580152] pci 0000:00:1d.7: [8086:3a6a] type 00 class 0x0c0320\\r\\n",
                "<board.serconsole.con>[    0.582249] pci 0000:00:1d.7: reg 0x10: [mem 0xf1021000-0xf10213ff]\\r\\n",
                "<board.serconsole.con>[    0.584450] pci 0000:00:1d.7: PME# supported from D0 D3hot D3cold\\r\\n",
                "<board.serconsole.con>[    0.586469] pci 0000:00:1e.0: [8086:244e] type 01 class 0x060401\\r\\n",
                "<board.serconsole.con>[    0.589451] pci 0000:00:1f.0: [8086:3a16] type 00 class 0x060100\\r\\n",
                "<board.serconsole.con>[    0.592151] pci 0000:00:1f.0: quirk: [io  0x0400-0x047f] claimed by ICH6 ACPI/GPIO/TCO\\r\\n",
                "<board.serconsole.con>[    0.594922] pci 0000:00:1f.2: [8086:3a22] type 00 class 0x010601\\r\\n",
                "<board.serconsole.con>[    0.596249] pci 0000:00:1f.2: reg 0x10: [io  0xc128-0xc12f]\\r\\n",
                "<board.serconsole.con>[    0.598129] pci 0000:00:1f.2: reg 0x14: [io  0xc134-0xc137]\\r\\n",
                "<board.serconsole.con>[    0.599129] pci 0000:00:1f.2: reg 0x18: [io  0xc120-0xc127]\\r\\n",
                "<board.serconsole.con>[    0.601129] pci 0000:00:1f.2: reg 0x1c: [io  0xc130-0xc133]\\r\\n",
                "<board.serconsole.con>[    0.602129] pci 0000:00:1f.2: reg 0x20: [io  0xc020-0xc03f]\\r\\n",
                "<board.serconsole.con>[    0.604129] pci 0000:00:1f.2: reg 0x24: [mem 0xf1020000-0xf10207ff]\\r\\n",
                "<board.serconsole.con>[    0.605833] pci 0000:00:1f.2: PME# supported from D3hot\\r\\n",
                "<board.serconsole.con>[    0.607449] pci 0000:00:1f.3: [8086:3a30] type 00 class 0x0c0500\\r\\n",
                "<board.serconsole.con>[    0.609329] pci 0000:00:1f.3: reg 0x10: [mem 0x800001000-0x80000101f 64bit]\\r\\n",
                "<board.serconsole.con>[    0.611410] pci 0000:00:1f.3: reg 0x20: [io  0xc000-0xc01f]\\r\\n",
                "<board.serconsole.con>[    0.613712] pci 0000:00:1f.6: [8086:3a32] type 00 class 0x118000\\r\\n",
                "<board.serconsole.con>[    0.615329] pci 0000:00:1f.6: reg 0x10: [mem 0x800000000-0x800000fff 64bit]\\r\\n",
                "<board.serconsole.con>[    0.618888] pci_bus 0000:01: extended config space not accessible\\r\\n",
                "<board.serconsole.con>[    0.621015] pci 0000:00:01.0: PCI bridge to [bus 01]\\r\\n",
                "<board.serconsole.con>[    0.622751] pci_bus 0000:02: extended config space not accessible\\r\\n",
                "<board.serconsole.con>[    0.624015] pci 0000:00:02.0: PCI bridge to [bus 02]\\r\\n",
                "<board.serconsole.con>[    0.625751] pci_bus 0000:03: extended config space not accessible\\r\\n",
                "<board.serconsole.con>[    0.627016] pci 0000:00:03.0: PCI bridge to [bus 03]\\r\\n",
                "<board.serconsole.con>[    0.629751] pci_bus 0000:04: extended config space not accessible\\r\\n",
                "<board.serconsole.con>[    0.631015] pci 0000:00:04.0: PCI bridge to [bus 04]\\r\\n",
                "<board.serconsole.con>[    0.632751] pci_bus 0000:05: extended config space not accessible\\r\\n",
                "<board.serconsole.con>[    0.634015] pci 0000:00:05.0: PCI bridge to [bus 05]\\r\\n",
                "<board.serconsole.con>[    0.635751] pci_bus 0000:06: extended config space not accessible\\r\\n",
                "<board.serconsole.con>[    0.638015] pci 0000:00:07.0: PCI bridge to [bus 06]\\r\\n",
                "<board.serconsole.con>[    0.639471] pci_bus 0000:07: extended config space not accessible\\r\\n",
                "<board.serconsole.con>[    0.641637] pci 0000:00:1e.0: PCI bridge to [bus 07] (subtractive decode)\\r\\n",
                "<board.serconsole.con>[    0.643149] pci 0000:00:1e.0:   bridge window [io  0x0000-0x0cf7 window] (subtractive decode)\\r\\n",
                "<board.serconsole.con>[    0.644989] pci 0000:00:1e.0:   bridge window [io  0x0d00-0xffff window] (subtractive decode)\\r\\n",
                "<board.serconsole.con>[    0.646989] pci 0000:00:1e.0:   bridge window [mem 0x000a0000-0x000bffff window] (subtractive decode)\\r\\n",
                "<board.serconsole.con>[    0.648989] pci 0000:00:1e.0:   bridge window [mem 0xf0000000-0xfbffffff window] (subtractive decode)\\r\\n",
                "<board.serconsole.con>[    0.650989] pci 0000:00:1e.0:   bridge window [mem 0x800000000-0xaffffffff window] (subtractive decode)\\r\\n",
                "<board.serconsole.con>[    0.654659] ACPI: PCI: Interrupt link LNKA configured for IRQ 10\\r\\n",
                "<board.serconsole.con>[    0.656105] ACPI: PCI: Interrupt link LNKB configured for IRQ 10\\r\\n",
                "<board.serconsole.con>[    0.657105] ACPI: PCI: Interrupt link LNKC configured for IRQ 11\\r\\n",
                "<board.serconsole.con>[    0.659105] ACPI: PCI: Interrupt link LNKD configured for IRQ 11\\r\\n",
                "<board.serconsole.con>[    0.660105] ACPI: PCI: Interrupt link LNKE configured for IRQ 0\\r\\n",
                "<board.serconsole.con>[    0.662105] ACPI: PCI: Interrupt link LNKF configured for IRQ 0\\r\\n",
                "<board.serconsole.con>[    0.663105] ACPI: PCI: Interrupt link LNKG configured for IRQ 0\\r\\n",
                "<board.serconsole.con>[    0.665105] ACPI: PCI: Interrupt link LNKH configured for IRQ 0\\r\\n",
                "<board.serconsole.con>[    0.666120] iommu: Default domain type: Translated \\r\\n",
                "<board.serconsole.con>[    0.667989] iommu: DMA domain TLB invalidation policy: lazy mode \\r\\n",
                "<board.serconsole.con>[    0.669711] pci 0000:00:0f.0: vgaarb: setting as boot VGA device\\r\\n",
                "<board.serconsole.con>[    0.669948] pci 0000:00:0f.0: vgaarb: VGA device added: decodes=io+mem,owns=io+mem,locks=none\\r\\n",
                "<board.serconsole.con>[    0.673001] pci 0000:00:0f.0: vgaarb: bridge control possible\\r\\n",
                "<board.serconsole.con>[    0.673989] vgaarb: loaded\\r\\n",
                "<board.serconsole.con>[    0.674712] SCSI subsystem initialized\\r\\n",
                "<board.serconsole.con>[    0.676143] pps_core: LinuxPPS API ver. 1 registered\\r\\n",
                "<board.serconsole.con>[    0.677009] pps_core: Software ver. 5.3.6 - Copyright 2005-2007 Rodolfo Giometti <giometti@linux.it>\\r\\n",
                "<board.serconsole.con>[    0.678991] PTP clock support registered\\r\\n",
                "<board.serconsole.con>[    0.679948] Registered efivars operations\\r\\n",
                "<board.serconsole.con>[    0.681084] PCI: Using ACPI for IRQ routing\\r\\n",
                "<board.serconsole.con>[    0.842089] PCI: Discovered peer bus ff\\r\\n",
                "<board.serconsole.con>[    0.843019] PCI host bridge to bus 0000:ff\\r\\n",
                "<board.serconsole.con>[    0.843989] pci_bus 0000:ff: root bus resource [io  0x0000-0xffff]\\r\\n",
                "<board.serconsole.con>[    0.844989] pci_bus 0000:ff: root bus resource [mem 0x00000000-0x3fffffffffff]\\r\\n",
                "<board.serconsole.con>[    0.846989] pci_bus 0000:ff: No busn resource found for root bus, will use [bus ff-ff]\\r\\n",
                "<board.serconsole.con>[    0.848989] pci_bus 0000:ff: busn_res: can not insert [bus ff] under domain [bus 00-ff] (conflicts with (null) [bus 00-ff])\\r\\n",
                "<board.serconsole.con>[    0.852111] pci 0000:ff:00.0: [8086:2c41] type 00 class 0x060000\\r\\n",
                "[board.mb.socket[0].qpi_arch spec-viol] Write to read-only register f0.command (value written = 0x406, contents = 0x6).",
                "<board.serconsole.con>[    0.854145] pci 0000:ff:00.1: [8086:2c01] type 00 class 0x060000\\r\\n",
                "[board.mb.socket[0].qpi_arch spec-viol] Write to read-only register f1.command (value written = 0x406, contents = 0x6).",
                "<board.serconsole.con>[    0.857766] pci_bus 0000:ff: busn_res: [bus ff] end is updated to ff\\r\\n",
                "<board.serconsole.con>[    0.858989] pci_bus 0000:ff: busn_res: can not insert [bus ff] under domain [bus 00-ff] (conflicts with (null) [bus 00-ff])\\r\\n",
                "<board.serconsole.con>[    0.863478] hpet0: at MMIO 0xfed00000, IRQs 2, 8, 0, 0, 0, 0, 0, 0\\r\\n",
                "<board.serconsole.con>[    0.864989] hpet0: 8 comparators, 64-bit 14.318180 MHz counter\\r\\n",
                "<board.serconsole.con>[    0.868341] clocksource: Switched to clocksource tsc-early\\r\\n",
                "<board.serconsole.con>[    0.872291] VFS: Disk quotas dquot_6.6.0\\r\\n",
                "<board.serconsole.con>[    0.873324] VFS: Dquot-cache hash table entries: 512 (order 0, 4096 bytes)\\r\\n",
                "<board.serconsole.con>[    0.875124] pnp: PnP ACPI init\\r\\n",
                "<board.serconsole.con>[    0.876256] pnp 00:01: disabling [io  0x0400-0x043f] because it overlaps 0000:00:1f.0 BAR 7 [io  0x0400-0x047f]\\r\\n",
                "<board.serconsole.con>[    0.878764] pnp 00:01: disabling [io  0x0440-0x044f] because it overlaps 0000:00:1f.0 BAR 7 [io  0x0400-0x047f]\\r\\n",
                "<board.serconsole.con>[    0.881351] system 00:01: [io  0x01e0-0x01ef] has been reserved\\r\\n",
                "<board.serconsole.con>[    0.882836] system 00:01: [io  0x0160-0x016f] has been reserved\\r\\n",
                "<board.serconsole.con>[    0.884382] system 00:01: [io  0x0278-0x027f] has been reserved\\r\\n",
                "<board.serconsole.con>[    0.885867] system 00:01: [io  0x0370-0x0371] has been reserved\\r\\n",
                "<board.serconsole.con>[    0.887413] system 00:01: [io  0x0378-0x037f] has been reserved\\r\\n",
                "<board.serconsole.con>[    0.888898] system 00:01: [io  0x0678-0x067f] has been reserved\\r\\n",
                "<board.serconsole.con>[    0.890444] system 00:01: [io  0x0778-0x077f] has been reserved\\r\\n",
                "<board.serconsole.con>[    0.891929] system 00:01: [mem 0xfec00000-0xfec00fff] could not be reserved\\r\\n",
                "<board.serconsole.con>[    0.893715] system 00:01: [mem 0xfee00000-0xfeefffff] has been reserved\\r\\n",
                "<board.serconsole.con>[    0.895473] pnp: PnP ACPI: found 6 devices\\r\\n",
                "<board.serconsole.con>[    0.905589] clocksource: acpi_pm: mask: 0xffffff max_cycles: 0xffffff, max_idle_ns: 2085701024 ns\\r\\n",
                "<board.serconsole.con>[    0.907833] NET: Registered PF_INET protocol family\\r\\n",
                "<board.serconsole.con>[    0.909150] IP idents hash table entries: 65536 (order: 7, 524288 bytes, linear)\\r\\n",
                "<board.serconsole.con>[    0.911912] tcp_listen_portaddr_hash hash table entries: 2048 (order: 3, 32768 bytes, linear)\\r\\n",
                "<board.serconsole.con>[    0.914135] Table-perturb hash table entries: 65536 (order: 6, 262144 bytes, linear)\\r\\n",
                "<board.serconsole.con>[    0.916102] TCP established hash table entries: 32768 (order: 6, 262144 bytes, linear)\\r\\n",
                "<board.serconsole.con>[    0.918175] TCP bind hash table entries: 32768 (order: 7, 524288 bytes, linear)\\r\\n",
                "<board.serconsole.con>[    0.920123] TCP: Hash tables configured (established 32768 bind 32768)\\r\\n",
                "<board.serconsole.con>[    0.921759] UDP hash table entries: 2048 (order: 4, 65536 bytes, linear)\\r\\n",
                "<board.serconsole.con>[    0.923496] UDP-Lite hash table entries: 2048 (order: 4, 65536 bytes, linear)\\r\\n",
                "<board.serconsole.con>[    0.925353] NET: Registered PF_UNIX/PF_LOCAL protocol family\\r\\n",
                "<board.serconsole.con>[    0.927051] pci 0000:00:01.0: PCI bridge to [bus 01]\\r\\n",
                "<board.serconsole.con>[    0.928496] pci 0000:00:02.0: PCI bridge to [bus 02]\\r\\n",
                "<board.serconsole.con>[    0.930001] pci 0000:00:03.0: PCI bridge to [bus 03]\\r\\n",
                "<board.serconsole.con>[    0.931465] pci 0000:00:04.0: PCI bridge to [bus 04]\\r\\n",
                "<board.serconsole.con>[    0.932910] pci 0000:00:05.0: PCI bridge to [bus 05]\\r\\n",
                "<board.serconsole.con>[    0.934415] pci 0000:00:07.0: PCI bridge to [bus 06]\\r\\n",
                "<board.serconsole.con>[    0.935860] pci 0000:00:1e.0: PCI bridge to [bus 07]\\r\\n",
                "<board.serconsole.con>[    0.937365] pci_bus 0000:00: resource 4 [io  0x0000-0x0cf7 window]\\r\\n",
                "<board.serconsole.con>[    0.938910] pci_bus 0000:00: resource 5 [io  0x0d00-0xffff window]\\r\\n",
                "<board.serconsole.con>[    0.940515] pci_bus 0000:00: resource 6 [mem 0x000a0000-0x000bffff window]\\r\\n",
                "<board.serconsole.con>[    0.942281] pci_bus 0000:00: resource 7 [mem 0xf0000000-0xfbffffff window]\\r\\n",
                "<board.serconsole.con>[    0.944047] pci_bus 0000:00: resource 8 [mem 0x800000000-0xaffffffff window]\\r\\n",
                "<board.serconsole.con>[    0.945793] pci_bus 0000:07: resource 4 [io  0x0000-0x0cf7 window]\\r\\n",
                "<board.serconsole.con>[    0.947398] pci_bus 0000:07: resource 5 [io  0x0d00-0xffff window]\\r\\n",
                "<board.serconsole.con>[    0.949004] pci_bus 0000:07: resource 6 [mem 0x000a0000-0x000bffff window]\\r\\n",
                "<board.serconsole.con>[    0.950729] pci_bus 0000:07: resource 7 [mem 0xf0000000-0xfbffffff window]\\r\\n",
                "<board.serconsole.con>[    0.952495] pci_bus 0000:07: resource 8 [mem 0x800000000-0xaffffffff window]\\r\\n",
                "<board.serconsole.con>[    0.954312] pci_bus 0000:ff: resource 4 [io  0x0000-0xffff]\\r\\n",
                "<board.serconsole.con>[    0.955717] pci_bus 0000:ff: resource 5 [mem 0x00000000-0x3fffffffffff]\\r\\n",
                "<board.serconsole.con>[    0.958223] PCI: CLS 0 bytes, default 64\\r\\n",
                "<board.serconsole.con>[    0.959289] clocksource: tsc: mask: 0xffffffffffffffff max_cycles: 0x172daa3a18b, max_idle_ns: 440795212390 ns\\r\\n",
                "<board.serconsole.con>[    0.962098] clocksource: Switched to clocksource tsc\\r\\n",
                "<board.serconsole.con>[    0.967800] workingset: timestamp_bits=52 max_order=20 bucket_order=0\\r\\n",
                "<board.serconsole.con>[    0.970340] fuse: init (API version 7.34)\\r\\n",
                "<board.serconsole.con>[    1.014477] Block layer SCSI generic (bsg) driver version 0.4 loaded (major 252)\\r\\n",
                "<board.serconsole.con>[    1.016372] io scheduler mq-deadline registered\\r\\n",
                "<board.serconsole.con>[    1.017535] io scheduler kyber registered\\r\\n",
                "<board.serconsole.con>[    1.020087] acpiphp_ibm: ibm_acpiphp_init: acpi_walk_namespace failed\\r\\n",
                "<board.serconsole.con>[    1.021800] Serial: 8250/16550 driver, 4 ports, IRQ sharing disabled\\r\\n",
                "<board.serconsole.con>[    1.023692] 00:04: ttyS0 at I/O 0x3f8 (irq = 4, base_baud = 115200) is a 16550A\\r\\n",
                "<board.serconsole.con>[    1.025841] 00:05: ttyS1 at I/O 0x2f8 (irq = 3, base_baud = 115200) is a 16550A\\r\\n",
                "<board.serconsole.con>[    1.028092] serial8250: ttyS2 at I/O 0x3e8 (irq = 4, base_baud = 115200) is a 16550A\\r\\n",
                "<board.serconsole.con>[    1.030363] serial8250: ttyS3 at I/O 0x2e8 (irq = 3, base_baud = 115200) is a 16550A\\r\\n",
                "<board.serconsole.con>[    1.032625] Linux agpgart interface v0.103\\r\\n",
                "<board.serconsole.con>[    1.036922] brd: module loaded\\r\\n",
                "<board.serconsole.con>[    1.039713] loop: module loaded\\r\\n",
                "<board.serconsole.con>[    1.040610] Loading iSCSI transport class v2.0-870.\\r\\n",
                "<board.serconsole.con>[    1.043277] ahci 0000:00:1f.2: SSS flag set, parallel bus scan disabled\\r\\n",
                "<board.serconsole.con>[    1.045036] ahci 0000:00:1f.2: AHCI 0001.0200 32 slots 6 ports 3 Gbps 0x3f impl SATA mode\\r\\n",
                "<board.serconsole.con>[    1.047103] ahci 0000:00:1f.2: flags: 64bit ncq sntf ilck stag pm led clo pmp pio slum part ccc ems \\r\\n",
                "<board.serconsole.con>[    1.050314] scsi host0: ahci\\r\\n",
                "<board.serconsole.con>[    1.051402] scsi host1: ahci\\r\\n",
                "<board.serconsole.con>[    1.052488] scsi host2: ahci\\r\\n",
                "<board.serconsole.con>[    1.053576] scsi host3: ahci\\r\\n",
                "<board.serconsole.con>[    1.054663] scsi host4: ahci\\r\\n",
                "<board.serconsole.con>[    1.055753] scsi host5: ahci\\r\\n",
                "<board.serconsole.con>[    1.056582] ata1: SATA max UDMA/133 abar m2048@0xf1020000 port 0xf1020100 irq 24\\r\\n",
                "<board.serconsole.con>[    1.058467] ata2: SATA max UDMA/133 abar m2048@0xf1020000 port 0xf1020180 irq 24\\r\\n",
                "<board.serconsole.con>[    1.060353] ata3: SATA max UDMA/133 abar m2048@0xf1020000 port 0xf1020200 irq 24\\r\\n",
                "<board.serconsole.con>[    1.062238] ata4: SATA max UDMA/133 abar m2048@0xf1020000 port 0xf1020280 irq 24\\r\\n",
                "<board.serconsole.con>[    1.064123] ata5: SATA max UDMA/133 abar m2048@0xf1020000 port 0xf1020300 irq 24\\r\\n",
                "<board.serconsole.con>[    1.066039] ata6: SATA max UDMA/133 abar m2048@0xf1020000 port 0xf1020380 irq 24\\r\\n",
                "<board.serconsole.con>[    1.068625] tun: Universal TUN/TAP device driver, 1.6\\r\\n",
                "<board.serconsole.con>[    1.070146] VFIO - User Level meta-driver version: 0.3\\r\\n",
                "<board.serconsole.con>[    1.071625] i8042: PNP: PS/2 Controller [PNP0303:PS2K,PNP0f03:PS2M] at 0x60,0x64 irq 1,12\\r\\n",
                "<board.serconsole.con>[    1.074868] serio: i8042 KBD port at 0x60,0x64 irq 1\\r\\n",
                "<board.serconsole.con>[    1.076224] serio: i8042 AUX port at 0x60,0x64 irq 12\\r\\n",
                "<board.serconsole.con>[    1.077580] mousedev: PS/2 mouse device common for all mice\\r\\n",
                "<board.serconsole.con>[    1.080142] NET: Registered PF_PACKET protocol family\\r\\n",
                "<board.serconsole.con>[    1.082700] IPI shorthand broadcast: enabled\\r\\n",
                "<board.serconsole.con>[    1.083187] input: AT Translated Set 2 keyboard as /devices/platform/i8042/serio0/input/input0\\r\\n",
                "<board.serconsole.con>[    1.083820] sched_clock: Marking stable (799909280, 283843895)->(1130127680, -46374505)\\r\\n",
                "<board.serconsole.con>[    1.531009] ata1: SATA link up 3.0 Gbps (SStatus 123 SControl 300)\\r\\n",
                "<board.serconsole.con>[    1.532567] ata1.00: ATA-4: Simics Turbo Harddrive, ALPHA1, max UDMA/33\\r\\n",
                "<board.serconsole.con>[    1.534212] ata1.00: 83886080 sectors, multi 0: LBA48 \\r\\n",
                "<board.serconsole.con>[    1.535487] ata1.00: applying bridge limits\\r\\n",
                "<board.serconsole.con>[    1.536616] ata1.00: configured for UDMA/33\\r\\n",
                "<board.serconsole.con>[    1.537840] scsi 0:0:0:0: Direct-Access     ATA      Simics Turbo Har A1   PQ: 0 ANSI: 5\\r\\n",
                "<board.serconsole.con>[    1.540399] sd 0:0:0:0: Attached scsi generic sg0 type 0\\r\\n",
                "<board.serconsole.con>[    1.540776] sd 0:0:0:0: [sda] 83886080 512-byte logical blocks: (42.9 GB/40.0 GiB)\\r\\n",
                "<board.serconsole.con>[    1.543635] sd 0:0:0:0: [sda] Write Protect is off\\r\\n",
                "<board.serconsole.con>[    1.544946] sd 0:0:0:0: [sda] Write cache: enabled, read cache: enabled, doesn't support DPO or FUA\\r\\n",
                "<board.serconsole.con>[    1.549600]  sda: sda1 sda14 sda15\\r\\n",
                "<board.serconsole.con>[    1.551349] sd 0:0:0:0: [sda] Attached SCSI disk\\r\\n",
                "<board.serconsole.con>[    2.003009] ata2: SATA link up 3.0 Gbps (SStatus 123 SControl 300)\\r\\n",
                "<board.serconsole.con>[    2.004566] ata2.00: ATAPI: Simics Turbo CD-ROM, ALPHA1, max UDMA/33\\r\\n",
                "<board.serconsole.con>[    2.006153] ata2.00: applying bridge limits\\r\\n",
                "<board.serconsole.con>[    2.007261] ata2.00: configured for UDMA/33\\r\\n",
                "<board.serconsole.con>[    2.008443] scsi 1:0:0:0: CD-ROM            VTAB     Turbo CD-ROM     R0   PQ: 0 ANSI: 5\\r\\n",
                "<board.serconsole.con>[    2.025125] sr 1:0:0:0: [sr0] scsi3-mmc drive: 4x/4x cd/rw xa/form2 cdda tray\\r\\n",
                "<board.serconsole.con>[    2.026860] cdrom: Uniform CD-ROM driver Revision: 3.20\\r\\n",
                "<board.serconsole.con>[    2.043339] sr 1:0:0:0: Attached scsi generic sg1 type 5\\r\\n",
                "<board.serconsole.con>[    2.507010] ata3: SATA link up 3.0 Gbps (SStatus 123 SControl 300)\\r\\n",
                "<board.serconsole.con>[    2.508557] ata3.00: ATA-4: Simics Turbo Harddrive, ALPHA1, max UDMA/33\\r\\n",
                "<board.serconsole.con>[    2.510202] ata3.00: 16777216 sectors, multi 0: LBA48 \\r\\n",
                "<board.serconsole.con>[    2.511478] ata3.00: applying bridge limits\\r\\n",
                "<board.serconsole.con>[    2.512597] ata3.00: configured for UDMA/33\\r\\n",
                "<board.serconsole.con>[    2.513821] scsi 2:0:0:0: Direct-Access     ATA      Simics Turbo Har A1   PQ: 0 ANSI: 5\\r\\n",
                "<board.serconsole.con>[    2.516372] sd 2:0:0:0: Attached scsi generic sg2 type 0\\r\\n",
                "<board.serconsole.con>[    2.516698] sd 2:0:0:0: [sdb] 16777216 512-byte logical blocks: (8.59 GB/8.00 GiB)\\r\\n",
                "<board.serconsole.con>[    2.519597] sd 2:0:0:0: [sdb] Write Protect is off\\r\\n",
                "<board.serconsole.con>[    2.520918] sd 2:0:0:0: [sdb] Write cache: enabled, read cache: enabled, doesn't support DPO or FUA\\r\\n",
                "<board.serconsole.con>[    2.524907] sd 2:0:0:0: [sdb] Attached SCSI disk\\r\\n",
                "<board.serconsole.con>[    2.825009] ata4: SATA link down (SStatus 0 SControl 300)\\r\\n",
                "<board.serconsole.con>[    3.137009] ata5: SATA link down (SStatus 0 SControl 300)\\r\\n",
                "<board.serconsole.con>[    3.449009] ata6: SATA link down (SStatus 0 SControl 300)\\r\\n",
                "<board.serconsole.con>[    3.453037] EXT4-fs (sda1): mounted filesystem with ordered data mode. Opts: (null). Quota mode: none.\\r\\n",
                "<board.serconsole.con>[    3.455306] VFS: Mounted root (ext4 filesystem) on device 8:1.\\r\\n",
                "<board.serconsole.con>[    3.456942] devtmpfs: mounted\\r\\n",
                "<board.serconsole.con>[    3.458034] Freeing unused kernel image (initmem) memory: 1924K\\r\\n",
                "<board.serconsole.con>[    3.459488] Write protecting the kernel read-only data: 14336k\\r\\n",
                "<board.serconsole.con>[    3.461429] Freeing unused kernel image (text/rodata gap) memory: 2040K\\r\\n",
                "<board.serconsole.con>[    3.463297] Freeing unused kernel image (rodata/data gap) memory: 1876K\\r\\n",
                "<board.serconsole.con>[    3.464911] rodata_test: all tests were successful\\r\\n",
                "<board.serconsole.con>[    3.466136] Run /home/ubuntu/guestinit.sh as init process\\r\\n",
                "<board.serconsole.con>+ export HOME=/root\\r\\n",
                "<board.serconsole.con>+ export LANG=en_US\\r\\n",
                "<board.serconsole.con>+ export PATH=/usr/local/sbin:/usr/local/bin:/usr/sbin:/usr/bin:/sbin:/bin:/usr/games:/usr/local/games\\r\\n",
                "<board.serconsole.con>+ mount -t proc proc /proc\\r\\n",
                "<board.serconsole.con>+ mount -t sysfs sysfs /sys\\r\\n",
                "<board.serconsole.con>+ export PYTHONPATH=/root/tvm/python:\\r\\n",
                "<board.serconsole.con>+ export PYTHONPATH=/root/tvm/vta/python:/root/tvm/python:\\r\\n",
                "<board.serconsole.con>+ export MXNET_HOME=/root/mxnet\\r\\n",
                "<board.serconsole.con>+ ip link set lo up\\r\\n",
                "<board.serconsole.con>+ ip addr add 127.0.0.1/8 dev lo\\r\\n",
                "<board.serconsole.con>RTNETLINK answers: File exists\\r\\n",
                "<board.serconsole.con>+ echo 1\\r\\n",
                "<board.serconsole.con>+ echo dead beef\\r\\n",
                "<board.serconsole.con>+ echo {\"TARGET\" : \"simbricks-pci\", \"HW_VER\" : \"0.0.2\", \"LOG_INP_WIDTH\" : 3, \"LOG_WGT_WIDTH\" : 3, \"LOG_ACC_WIDTH\" : 5, \"LOG_BATCH\" : 0, \"LOG_BLOCK\" : 4, \"LOG_UOP_BUFF_SIZE\" : 15, \"LOG_INP_BUFF_SIZE\" : 15, \"LOG_WGT_BUFF_SIZE\" : 18, \"LOG_ACC_BUFF_SIZE\" : 17 }\\r\\n",
                "<board.serconsole.con>+ echo ready to checkpoint\\r\\n",
                "<board.serconsole.con>ready to checkpoint\\r\\n",
                "<board.serconsole.con>+ sleep 6\\r\\n",
                "<board.serconsole.con>+ VTA_DEVICE=0000:00:02.0 python3 -m vta.exec.rpc_server\\r\\n",
                "<board.serconsole.con>2024-09-13 10:05:09.316 INFO bind to 0.0.0.0:9091\\r\\n",
                "<board.serconsole.con>+ export VTA_RPC_HOST=127.0.0.1\\r\\n",
                "<board.serconsole.con>+ export VTA_RPC_PORT=9091\\r\\n",
                "<board.serconsole.con>+ python3 /tmp/guest/deploy_classification-infer.py /root/mxnet cpu resnet34_v1 /tmp/guest/cat.jpg 4 1 1\\r\\n",
                "<board.serconsole.con>2024-09-13 10:05:14.153 INFO connected from ('127.0.0.1', 45280)\\r\\n",
                "<board.serconsole.con>2024-09-13 10:05:14.154 INFO start serving at /tmp/tmpmtml251j\\r\\n",
                "<board.serconsole.con>INFO:root:Loading VTA library: /root/tvm/vta/python/vta/../../../build/libvta.so\\r\\n",
                "<board.serconsole.con>2024-09-13 10:05:18.135 INFO load_module /tmp/tmpmtml251j/graphlib-resnet34_v1-cpu.so\\r\\n",
                "<board.serconsole.con>Rep 0: Requesting remote device 6_648_578 ns\\r\\n",
                "<board.serconsole.con>Rep 0: Sending and loading model 3_979_094_937 ns\\r\\n",
                "<board.serconsole.con>Rep 0: Pure inference duration 686_755_348 ns\\r\\n",
                "<board.serconsole.con>Rep 0: End-to-end latency: 4_687_187_967 ns\\r\\n",
                "<board.serconsole.con>simbricks-pci: initializing allocator\\r\\n",
                "<board.serconsole.con>\\r\\n",
                "<board.serconsole.con>prediction for sample 0\\r\\n",
                "<board.serconsole.con>\\t#1:tiger cat 11.184077262878418\\r\\n",
                "<board.serconsole.con>\\t#2:tabby, tabby cat 10.17128849029541\\r\\n",
                "<board.serconsole.con>\\t#3:Egyptian cat 9.368877410888672\\r\\n",
                "<board.serconsole.con>\\t#4:tennis ball 8.536852836608887\\r\\n",
                "<board.serconsole.con>\\t#5:lynx, catamount 8.445554733276367\\r\\n",
                "<board.serconsole.con>simbricks-pci: allocator initialized\\r\\n",
                "<board.serconsole.con>vfio_init: failed to open vfio group.\\r\\n",
                "<board.serconsole.con>vfio init failed\\r\\n",
                "<board.serconsole.con>2024-09-13 10:05:18.877 INFO finish serving ('127.0.0.1', 45280)\\r\\n",
                "<board.serconsole.con>+ poweroff -f\\r\\n",
                "<board.serconsole.con>Powering off.\\r\\n",
                "<board.serconsole.con>[   15.339733] sd 2:0:0:0: [sdb] Synchronizing SCSI cache\\r\\n",
                "<board.serconsole.con>[   15.341089] sd 2:0:0:0: [sdb] Stopping disk\\r\\n",
                "<board.serconsole.con>[   15.342195] sd 0:0:0:0: [sda] Synchronizing SCSI cache\\r\\n",
                "<board.serconsole.con>[   15.343520] sd 0:0:0:0: [sda] Stopping disk\\r\\n",
                "<board.serconsole.con>[   15.344794] ACPI: PM: Preparing to enter system sleep state S5\\r\\n",
                "<board.serconsole.con>[   15.346334] reboot: Power down\\r\\n",
                "[board.mb.sb.lpc.bank.acpi_io_regs unimpl] Sleep state is unimplemented"
            ],
            "stderr": [
                "*** [frontend] When raising SimExc_General 'No class crypto_engine_aes found' at /disk2/mp/builds/mono-145027/core/src/core/common/configuration.c:1393:",
                "[frontend] Previous exception (SimExc_General 'No class crypto_engine_aes found' at /disk2/mp/builds/mono-145027/core/src/core/common/configuration.c:1393) not cleared",
                "*** The finalize_instance() method in the board.mb.cpu0.core[0][0] object left an uncleared frontend exception: No class crypto_engine_aes found"
            ]
        },
        "dev..": {
            "class": "VTADev",
            "cmd": [
                "/local/jkaufman/simbricks/sims/external/vta/simbricks/vta_simbricks-4x32",
                "/local/jkaufman/simbricks/experiments/out/classify_simple-resnet34_v1-cpu-simics-16-100-1x16/1/dev.pci..",
                "/local/jkaufman/simbricks/experiments/out/classify_simple-resnet34_v1-cpu-simics-16-100-1x16/1/dev.shm..",
                "60000000000000",
                "500",
                "500",
                "800"
            ],
            "stdout": [],
            "stderr": []
        }
    }
}